uv : test_can_write_empty_epoch_variable (cdf.test_cdf_utils.TestCdfUtils.test_can_write_empty_epoch_variable) ... ok
At C:\Users\Harrison\AppData\Local\Temp\ps-script-8ab61b21-a51d-4517-a981-fec73a06612b.ps1:83 char:1
+ uv run python -m unittest discover -s tests -v 2>&1 | Out-File -FileP ...
+ ~~~~~~~~~~~~~~~~~~~~~~~~~~~~~~~~~~~~~~~~~~~~~~~~~~~
    + CategoryInfo          : NotSpecified: (test_can_write_...ariable) ... ok:String) [], RemoteException
    + FullyQualifiedErrorId : NativeCommandError
 
test_can_write_empty_variables_of_various_shapes 
(cdf.test_cdf_utils.TestCdfUtils.test_can_write_empty_variables_of_various_shapes) ... ok
test_does_not_write_variable_attribute_if_value_is_empty_string 
(cdf.test_cdf_utils.TestCdfUtils.test_does_not_write_variable_attribute_if_value_is_empty_string) ... 
C:\Users\Harrison\Development\imap_L3_processing\.venv\Lib\site-packages\spacepy\pycdf\__init__.py:2101: CDFWarning: 
DID_NOT_COMPRESS: The CDF or variable values did not compress.
  self._call(const.CLOSE_, const.CDF_)
ok
test_read_variable_and_mask_fill_values (cdf.test_cdf_utils.TestCdfUtils.test_read_variable_and_mask_fill_values) ... 
ok
test_read_variable_replaces_fill_values_with_nan 
(cdf.test_cdf_utils.TestCdfUtils.test_read_variable_replaces_fill_values_with_nan) ... ok
test_write_cdf (cdf.test_cdf_utils.TestCdfUtils.test_write_cdf) ... ok
test_write_cdf_compresses_variables (cdf.test_cdf_utils.TestCdfUtils.test_write_cdf_compresses_variables) ... ok
test_write_cdf_replaces_nan_inf_and_overflowing_floats_with_fill_value 
(cdf.test_cdf_utils.TestCdfUtils.test_write_cdf_replaces_nan_inf_and_overflowing_floats_with_fill_value) ... 
C:\Users\Harrison\Development\imap_L3_processing\imap_l3_processing\cdf\cdf_utils.py:58: RuntimeWarning: overflow 
encountered in cast
  data_array = data_array.astype(target_float_dtype)
ok
test_write_cdf_trims_numbers_in_logical_source_when_fetching_global_metadata 
(cdf.test_cdf_utils.TestCdfUtils.test_write_cdf_trims_numbers_in_logical_source_when_fetching_global_metadata) ... ok
test_write_map_cdf (cdf.test_cdf_utils.TestCdfUtils.test_write_map_cdf) ... ok
test_constructor (cdf.test_imap_attribute_manager.TestImapCdfManager.test_constructor) ... ok
test_gets_global_attrs_from_global_file_when_descriptor_specific_variable_file_exists_and_global_does_not (cdf.test_ima
p_attribute_manager.TestImapCdfManager.test_gets_global_attrs_from_global_file_when_descriptor_specific_variable_file_e
xists_and_global_does_not) ... ok
test_l3b_metadata_configuration (cdf.test_imap_attribute_manager.TestImapCdfManager.test_l3b_metadata_configuration) 
... ok
test_load_instrument_and_variable_attributes_with_level 
(cdf.test_imap_attribute_manager.TestImapCdfManager.test_load_instrument_and_variable_attributes_with_level) ... ok
test_load_instrument_and_variable_attributes_with_level_and_descriptor (cdf.test_imap_attribute_manager.TestImapCdfMana
ger.test_load_instrument_and_variable_attributes_with_level_and_descriptor) ... ok
test_all_angle_variables_in_degrees (cdf.test_yaml_var_metadata.TestCdfUtils.test_all_angle_variables_in_degrees) ... 
ok
test_all_record_varying_data_depends_on_epoch 
(cdf.test_yaml_var_metadata.TestCdfUtils.test_all_record_varying_data_depends_on_epoch) ... ok
test_attrs_that_point_to_another_var_actually_point_to_something 
(cdf.test_yaml_var_metadata.TestCdfUtils.test_attrs_that_point_to_another_var_actually_point_to_something) ... ok
test_delta_vars_have_same_units (cdf.test_yaml_var_metadata.TestCdfUtils.test_delta_vars_have_same_units) ... ok
test_each_data_variable_has_a_display_type 
(cdf.test_yaml_var_metadata.TestCdfUtils.test_each_data_variable_has_a_display_type) ... ok
test_each_variable_has_data_type_and_fill_value 
(cdf.test_yaml_var_metadata.TestCdfUtils.test_each_variable_has_data_type_and_fill_value) ... ok
test_epoch (cdf.test_yaml_var_metadata.TestCdfUtils.test_epoch) ... ok
test_lablaxis_is_defined_for_required_types 
(cdf.test_yaml_var_metadata.TestCdfUtils.test_lablaxis_is_defined_for_required_types) ... ok
test_metadata_never_has_empty_string_as_value 
(cdf.test_yaml_var_metadata.TestCdfUtils.test_metadata_never_has_empty_string_as_value) ... ok
test_type_of_min_max_attributes (cdf.test_yaml_var_metadata.TestCdfUtils.test_type_of_min_max_attributes) ... ok
test_units_exists_for_data_and_support_data_variables 
(cdf.test_yaml_var_metadata.TestCdfUtils.test_units_exists_for_data_and_support_data_variables) ... ok
test_var_type_exists (cdf.test_yaml_var_metadata.TestCdfUtils.test_var_type_exists) ... ok
test_variable_fill_value_matches_data_type 
(cdf.test_yaml_var_metadata.TestCdfUtils.test_variable_fill_value_matches_data_type) ... ok
test_variable_name_equals_key (cdf.test_yaml_var_metadata.TestCdfUtils.test_variable_name_equals_key) ... ok
test_variables_that_depend_on_epoch_are_record_varying 
(cdf.test_yaml_var_metadata.TestCdfUtils.test_variables_that_depend_on_epoch_are_record_varying) ... ok
test_can_load_from_files (codice.l3.hi.direct_event.test_codice_l3a_direct_events_dependencies.TestCodiceHiL3aDirectEve
ntDependencies.test_can_load_from_files) ... ok
test_fetch_dependencies (codice.l3.hi.direct_event.test_codice_l3a_direct_events_dependencies.TestCodiceHiL3aDirectEven
tDependencies.test_fetch_dependencies) ... ok
test_fetch_dependencies (codice.l3.hi.pitch_angle.test_codice_pitch_angle_dependencies.TestCodicePitchAngleDependencies
.test_fetch_dependencies) ... ok
test_fetch_dependencies_uses_mag_l2_if_available (codice.l3.hi.pitch_angle.test_codice_pitch_angle_dependencies.TestCod
icePitchAngleDependencies.test_fetch_dependencies_uses_mag_l2_if_available) ... ok
test_from_file_paths 
(codice.l3.hi.pitch_angle.test_codice_pitch_angle_dependencies.TestCodicePitchAngleDependencies.test_from_file_paths) 
... ok
test_integration_test (codice.l3.hi.test_codice_hi_processor.TestCodiceHiProcessor.test_integration_test) ... ok
test_process_l3a (codice.l3.hi.test_codice_hi_processor.TestCodiceHiProcessor.test_process_l3a) ... ok
test_process_l3a_only_calculates_events_within_num_events (codice.l3.hi.test_codice_hi_processor.TestCodiceHiProcessor.
test_process_l3a_only_calculates_events_within_num_events) ... ok
test_process_l3a_with_small_dataset 
(codice.l3.hi.test_codice_hi_processor.TestCodiceHiProcessor.test_process_l3a_with_small_dataset) ... ok
test_process_l3b_saves (codice.l3.hi.test_codice_hi_processor.TestCodiceHiProcessor.test_process_l3b_saves) ... ok
test_process_l3b_with_mocks (codice.l3.hi.test_codice_hi_processor.TestCodiceHiProcessor.test_process_l3b_with_mocks) 
... ok
test_raises_exception_on_non_l3_input_metadata 
(codice.l3.hi.test_codice_hi_processor.TestCodiceHiProcessor.test_raises_exception_on_non_l3_input_metadata) ... ok
test_codice_hi_l2_data_read_from_instrument_team_cdf 
(codice.l3.hi.test_models.TestModels.test_codice_hi_l2_data_read_from_instrument_team_cdf) ... ok
test_codice_hi_l3_pitch_angle_to_data_product 
(codice.l3.hi.test_models.TestModels.test_codice_hi_l3_pitch_angle_to_data_product) ... ok
test_codice_l3_hi_direct_event_data_products 
(codice.l3.hi.test_models.TestModels.test_codice_l3_hi_direct_event_data_products) ... ok
test_l2_sectored_intensities_read_from_instrument_team_cdf_handles_fill_values 
(codice.l3.hi.test_models.TestModels.test_l2_sectored_intensities_read_from_instrument_team_cdf_handles_fill_values) 
... ok
test_l2_sectored_intensities_read_from_sdc_cdf 
(codice.l3.hi.test_models.TestModels.test_l2_sectored_intensities_read_from_sdc_cdf) ... ok
test_apd_to_elevation 
(codice.l3.lo.direct_events.science.test_angle_lookups.TestCoDICEAngleLookup.test_apd_to_elevation) ... ok
test_apd_to_elevation_index 
(codice.l3.lo.direct_events.science.test_angle_lookups.TestCoDICEAngleLookup.test_apd_to_elevation_index) ... ok
test_elevation_lookup 
(codice.l3.lo.direct_events.science.test_angle_lookups.TestCoDICEAngleLookup.test_elevation_lookup) ... ok
test_spin_angle_lookup 
(codice.l3.lo.direct_events.science.test_angle_lookups.TestCoDICEAngleLookup.test_spin_angle_lookup) ... ok
test_read_from_csv (codice.l3.lo.direct_events.science.test_efficiency_lookup.TestEfficiencyLookup.test_read_from_csv) 
... ok
test_read_from_csv (codice.l3.lo.direct_events.science.test_energy_lookup.TestEnergyLookup.test_read_from_csv) ... ok
test_default_esa_step_end_index (codice.l3.lo.direct_events.science.test_geometric_factor_lookup.TestGeometricFactorLoo
kup.test_default_esa_step_end_index) ... ok
test_get_geometric_factors_gets_all_full_geometric_factors_for_second_era (codice.l3.lo.direct_events.science.test_geom
etric_factor_lookup.TestGeometricFactorLookup.test_get_geometric_factors_gets_all_full_geometric_factors_for_second_era
) ... ok
test_get_geometric_factors_gets_reduced_where_equal_half_spin_equal_spin_sector_greater_esa_step_third_era (codice.l3.l
o.direct_events.science.test_geometric_factor_lookup.TestGeometricFactorLookup.test_get_geometric_factors_gets_reduced_
where_equal_half_spin_equal_spin_sector_greater_esa_step_third_era) ... ok
test_get_geometric_factors_gets_reduced_where_equal_half_spin_greater_spin_sector_third_era (codice.l3.lo.direct_events
.science.test_geometric_factor_lookup.TestGeometricFactorLookup.test_get_geometric_factors_gets_reduced_where_equal_hal
f_spin_greater_spin_sector_third_era) ... ok
test_get_geometric_factors_gets_reduced_where_half_spin_greater_than_rgfo_half_spin_first_era (codice.l3.lo.direct_even
ts.science.test_geometric_factor_lookup.TestGeometricFactorLookup.test_get_geometric_factors_gets_reduced_where_half_sp
in_greater_than_rgfo_half_spin_first_era) ... ok
test_get_geometric_factors_gets_reduced_where_half_spin_greater_than_rgfo_half_spin_third_era (codice.l3.lo.direct_even
ts.science.test_geometric_factor_lookup.TestGeometricFactorLookup.test_get_geometric_factors_gets_reduced_where_half_sp
in_greater_than_rgfo_half_spin_third_era) ... ok
test_read_from_csv 
(codice.l3.lo.direct_events.science.test_geometric_factor_lookup.TestGeometricFactorLookup.test_read_from_csv) ... ok
test_mass_coefficient_lookup (codice.l3.lo.direct_events.science.test_mass_coefficient_lookup.TestMassCoefficientLookup
.test_mass_coefficient_lookup) ... ok
test_get_species 
(codice.l3.lo.direct_events.science.test_mass_species_bin_lookup.TestMassSpeciesBinLookup.test_get_species) ... ok
test_get_species_index 
(codice.l3.lo.direct_events.science.test_mass_species_bin_lookup.TestMassSpeciesBinLookup.test_get_species_index) ... 
ok
test_read_csv (codice.l3.lo.direct_events.science.test_mass_species_bin_lookup.TestMassSpeciesBinLookup.test_read_csv) 
... ok
test_calculate_mass (codice.l3.lo.science.test_codice_lo_calculations.TestCodiceLoCalculations.test_calculate_mass) 
... ok
test_calculate_mass_handles_fill_value 
(codice.l3.lo.science.test_codice_lo_calculations.TestCodiceLoCalculations.test_calculate_mass_handles_fill_value) ... 
ok
test_calculate_mass_per_charge 
(codice.l3.lo.science.test_codice_lo_calculations.TestCodiceLoCalculations.test_calculate_mass_per_charge) ... ok
test_calculate_mass_per_charge_handles_fill_value (codice.l3.lo.science.test_codice_lo_calculations.TestCodiceLoCalcula
tions.test_calculate_mass_per_charge_handles_fill_value) ... ok
test_calculate_normalization_factor 
(codice.l3.lo.science.test_codice_lo_calculations.TestCodiceLoCalculations.test_calculate_normalization_factor) ... ok
test_calculate_normalization_factor_floor_is_one (codice.l3.lo.science.test_codice_lo_calculations.TestCodiceLoCalculat
ions.test_calculate_normalization_factor_floor_is_one) ... ok
test_calculate_normalization_ratio 
(codice.l3.lo.science.test_codice_lo_calculations.TestCodiceLoCalculations.test_calculate_normalization_ratio) ... ok
test_calculate_partial_densities 
(codice.l3.lo.science.test_codice_lo_calculations.TestCodiceLoCalculations.test_calculate_partial_densities) ... ok
test_calculate_partial_densities_ignores_nan_intensities (codice.l3.lo.science.test_codice_lo_calculations.TestCodiceLo
Calculations.test_calculate_partial_densities_ignores_nan_intensities) ... ok
test_calculate_total_number_of_events 
(codice.l3.lo.science.test_codice_lo_calculations.TestCodiceLoCalculations.test_calculate_total_number_of_events) ... 
ok
test_combine_priorities_for_species_and_convert_to_rate (codice.l3.lo.science.test_codice_lo_calculations.TestCodiceLoC
alculations.test_combine_priorities_for_species_and_convert_to_rate) ... ok
test_convert_count_rate_to_intensity 
(codice.l3.lo.science.test_codice_lo_calculations.TestCodiceLoCalculations.test_convert_count_rate_to_intensity) ... ok
test_lookup_normalization_per_event 
(codice.l3.lo.science.test_codice_lo_calculations.TestCodiceLoCalculations.test_lookup_normalization_per_event) ... ok
test_lookup_normalization_per_event_skips_masked_num_events (codice.l3.lo.science.test_codice_lo_calculations.TestCodic
eLoCalculations.test_lookup_normalization_per_event_skips_masked_num_events) ... ok
test_normalization_factor_is_fill_when_priority_nonzero_and_direct_zero (codice.l3.lo.science.test_codice_lo_calculatio
ns.TestCodiceLoCalculations.test_normalization_factor_is_fill_when_priority_nonzero_and_direct_zero) ... ok
test_rebin_azimuth_to_elevation 
(codice.l3.lo.science.test_codice_lo_calculations.TestCodiceLoCalculations.test_rebin_azimuth_to_elevation) ... ok
test_rebin_direct_events_by_energy_and_spin_sector (codice.l3.lo.science.test_codice_lo_calculations.TestCodiceLoCalcul
ations.test_rebin_direct_events_by_energy_and_spin_sector) ... ok
test_rebin_direct_events_for_normalization 
(codice.l3.lo.science.test_codice_lo_calculations.TestCodiceLoCalculations.test_rebin_direct_events_for_normalization) 
... ok
test_rebin_to_counts_by_species_elevation_and_spin_sector (codice.l3.lo.science.test_codice_lo_calculations.TestCodiceL
oCalculations.test_rebin_to_counts_by_species_elevation_and_spin_sector) ... ok
test_read_from_file 
(codice.l3.lo.sectored_intensities.test_mass_per_charge_lookup.TestMassPerChargeLookup.test_read_from_file) ... ok
test_fetch_dependencies_multiple_species (codice.l3.lo.test_codice_lo_l3a_3d_distributions_dependencies.TestCodiceLoL3a
3dDistributions.test_fetch_dependencies_multiple_species) ... ok
test_from_file_paths 
(codice.l3.lo.test_codice_lo_l3a_3d_distributions_dependencies.TestCodiceLoL3a3dDistributions.test_from_file_paths) 
... ok
test_fetch_dependencies (codice.l3.lo.test_codice_lo_l3a_direct_events_dependencies.TestCodiceLoL3aDirectEventsDependen
cies.test_fetch_dependencies) ... ok
test_from_file_paths (codice.l3.lo.test_codice_lo_l3a_direct_events_dependencies.TestCodiceLoL3aDirectEventsDependencie
s.test_from_file_paths) ... ok
test_fetch_dependencies (codice.l3.lo.test_codice_lo_l3a_partial_densities_dependencies.TestCodiceLoL3aPartialDensities
Dependencies.test_fetch_dependencies) ... ok
test_from_file_paths (codice.l3.lo.test_codice_lo_l3a_partial_densities_dependencies.TestCodiceLoL3aPartialDensitiesDep
endencies.test_from_file_paths) ... ok
test_fetch_dependencies 
(codice.l3.lo.test_codice_lo_l3a_ratios_dependencies.TestCodiceLoL3aRatiosDependencies.test_fetch_dependencies) ... ok
test_from_file_paths 
(codice.l3.lo.test_codice_lo_l3a_ratios_dependencies.TestCodiceLoL3aRatiosDependencies.test_from_file_paths) ... ok
test_implements_processor (codice.l3.lo.test_codice_lo_processor.TestCodiceLoProcessor.test_implements_processor) ... 
ok
test_process_3d_distributions_save_for_each_species 
(codice.l3.lo.test_codice_lo_processor.TestCodiceLoProcessor.test_process_3d_distributions_save_for_each_species) ... 
ok
test_process_abundances (codice.l3.lo.test_codice_lo_processor.TestCodiceLoProcessor.test_process_abundances) ... ok
test_process_abundances_calculates_abundance_ratios 
(codice.l3.lo.test_codice_lo_processor.TestCodiceLoProcessor.test_process_abundances_calculates_abundance_ratios) ... 
ok
test_process_abundances_uses_safe_divide 
(codice.l3.lo.test_codice_lo_processor.TestCodiceLoProcessor.test_process_abundances_uses_safe_divide) ... ok
test_process_direct_events (codice.l3.lo.test_codice_lo_processor.TestCodiceLoProcessor.test_process_direct_events) 
... ok
test_process_l3a_3d_distributions 
(codice.l3.lo.test_codice_lo_processor.TestCodiceLoProcessor.test_process_l3a_3d_distributions) ... ok
test_process_l3a_direct_events 
(codice.l3.lo.test_codice_lo_processor.TestCodiceLoProcessor.test_process_l3a_direct_events) ... ok
test_process_l3a_direct_events_aligns_priority_to_direct_event_epochs_when_missing (codice.l3.lo.test_codice_lo_process
or.TestCodiceLoProcessor.test_process_l3a_direct_events_aligns_priority_to_direct_event_epochs_when_missing) ... ok
test_process_l3a_direct_events_all_fill_integration 
(codice.l3.lo.test_codice_lo_processor.TestCodiceLoProcessor.test_process_l3a_direct_events_all_fill_integration) ... 
C:\Users\Harrison\Development\imap_L3_processing\imap_l3_processing\codice\l3\lo\science\codice_lo_calculations.py:41: 
RuntimeWarning: invalid value encountered in log
  energy = np.log(apd_energy)
C:\Users\Harrison\Development\imap_L3_processing\imap_l3_processing\codice\l3\lo\science\codice_lo_calculations.py:42: 
RuntimeWarning: invalid value encountered in log
  tof = np.log(tof)
ok
test_process_l3a_partial_densities 
(codice.l3.lo.test_codice_lo_processor.TestCodiceLoProcessor.test_process_l3a_partial_densities) ... ok
test_process_partial_densities 
(codice.l3.lo.test_codice_lo_processor.TestCodiceLoProcessor.test_process_partial_densities) ... ok
test_process_ratios (codice.l3.lo.test_codice_lo_processor.TestCodiceLoProcessor.test_process_ratios) ... ok
test_process_ratios_calculate_abundance_ratios 
(codice.l3.lo.test_codice_lo_processor.TestCodiceLoProcessor.test_process_ratios_calculate_abundance_ratios) ... ok
test_process_ratios_calculate_abundance_ratios_using_safe_divide (codice.l3.lo.test_codice_lo_processor.TestCodiceLoPro
cessor.test_process_ratios_calculate_abundance_ratios_using_safe_divide) ... ok
test_raises_exception_on_non_l3_input_metadata 
(codice.l3.lo.test_codice_lo_processor.TestCodiceLoProcessor.test_raises_exception_on_non_l3_input_metadata) ... ok
test_codice_lo_3d_data_get_3d_distribution 
(codice.l3.lo.test_models.TestModels.test_codice_lo_3d_data_get_3d_distribution) ... ok
test_codice_lo_3d_distributions_data_product 
(codice.l3.lo.test_models.TestModels.test_codice_lo_3d_distributions_data_product) ... ok
test_codice_lo_l1a_nsw_priority_read_from_cdf 
(codice.l3.lo.test_models.TestModels.test_codice_lo_l1a_nsw_priority_read_from_cdf) ... ok
test_codice_lo_l1a_nsw_priority_read_from_cdf_handles_fill_value 
(codice.l3.lo.test_models.TestModels.test_codice_lo_l1a_nsw_priority_read_from_cdf_handles_fill_value) ... ok
test_codice_lo_l1a_sw_priority_read_from_cdf 
(codice.l3.lo.test_models.TestModels.test_codice_lo_l1a_sw_priority_read_from_cdf) ... ok
test_codice_lo_l1a_sw_priority_read_from_cdf_handles_fill_value 
(codice.l3.lo.test_models.TestModels.test_codice_lo_l1a_sw_priority_read_from_cdf_handles_fill_value) ... ok
test_codice_lo_l2_direct_events_read_from_cdf_handles_fill_value 
(codice.l3.lo.test_models.TestModels.test_codice_lo_l2_direct_events_read_from_cdf_handles_fill_value) ... ok
test_codice_lo_l2_direct_events_read_from_cdf_masks_negative_tof_values 
(codice.l3.lo.test_models.TestModels.test_codice_lo_l2_direct_events_read_from_cdf_masks_negative_tof_values) ... ok
test_codice_lo_l2_direct_events_reads_from_correct_float_data 
(codice.l3.lo.test_models.TestModels.test_codice_lo_l2_direct_events_reads_from_correct_float_data) ... ok
test_codice_lo_l3a_charge_state_distributions_to_data_product 
(codice.l3.lo.test_models.TestModels.test_codice_lo_l3a_charge_state_distributions_to_data_product) ... ok
test_codice_lo_l3a_direct_event_read_from_cdf_handles_fill_value 
(codice.l3.lo.test_models.TestModels.test_codice_lo_l3a_direct_event_read_from_cdf_handles_fill_value) ... 
C:\Users\Harrison\Development\imap_L3_processing\.venv\Lib\site-packages\numpy\_core\numeric.py:442: RuntimeWarning: 
invalid value encountered in cast
  multiarray.copyto(res, fill_value, casting='unsafe')
ok
test_codice_lo_l3a_direct_event_read_from_cdf_reads_where_no_variables_have_fill_value (codice.l3.lo.test_models.TestMo
dels.test_codice_lo_l3a_direct_event_read_from_cdf_reads_where_no_variables_have_fill_value) ... 
C:\Users\Harrison\Development\imap_L3_processing\.venv\Lib\site-packages\spacepy\pycdf\__init__.py:2101: CDFWarning: 
DID_NOT_COMPRESS: The CDF or variable values did not compress.
  self._call(const.CLOSE_, const.CDF_)
ok
test_codice_lo_l3a_direct_event_to_data_product 
(codice.l3.lo.test_models.TestModels.test_codice_lo_l3a_direct_event_to_data_product) ... ok
test_codice_lo_l3a_partial_density_read_from_cdf 
(codice.l3.lo.test_models.TestModels.test_codice_lo_l3a_partial_density_read_from_cdf) ... ok
test_codice_lo_l3a_partial_density_to_data_product 
(codice.l3.lo.test_models.TestModels.test_codice_lo_l3a_partial_density_to_data_product) ... ok
test_codice_lo_l3a_ratios_to_data_product 
(codice.l3.lo.test_models.TestModels.test_codice_lo_l3a_ratios_to_data_product) ... ok
test_lo_l2_sw_species_read_from_cdf (codice.l3.lo.test_models.TestModels.test_lo_l2_sw_species_read_from_cdf) ... ok
test_lo_l2_sw_species_read_from_cdf_handles_fillval 
(codice.l3.lo.test_models.TestModels.test_lo_l2_sw_species_read_from_cdf_handles_fillval) ... ok
test_workaround_to_convert_float_spin_sector_to_int 
(codice.l3.lo.test_models.TestModels.test_workaround_to_convert_float_spin_sector_to_int) ... ok
test_load_from_file 
(glows.l3a.science.test_bad_angle_flag_configuration.TestBadAngleFlagConfiguration.test_load_from_file) ... ok
test_load_from_file_v2 
(glows.l3a.science.test_bad_angle_flag_configuration.TestBadAngleFlagConfiguration.test_load_from_file_v2) ... ok
test_masks_data_when_flags_match_configuration (glows.l3a.science.test_bad_angle_flag_configuration.TestBadAngleFlagCon
figuration.test_masks_data_when_flags_match_configuration) ... ok
test_calculate_spin_angles 
(glows.l3a.science.test_calculate_daily_lightcurve.TestCalculateDailyLightcurve.test_calculate_spin_angles) ... ok
test_rebin_masking_flagged_bins 
(glows.l3a.science.test_calculate_daily_lightcurve.TestCalculateDailyLightcurve.test_rebin_masking_flagged_bins) ... ok
test_rebin_subtracts_time_independent_background (glows.l3a.science.test_calculate_daily_lightcurve.TestCalculateDailyL
ightcurve.test_rebin_subtracts_time_independent_background) ... ok
test_rebin_uses_exposure_times 
(glows.l3a.science.test_calculate_daily_lightcurve.TestCalculateDailyLightcurve.test_rebin_uses_exposure_times) ... ok
test_rebin_uses_exposure_times_all_zero_bin (glows.l3a.science.test_calculate_daily_lightcurve.TestCalculateDailyLightc
urve.test_rebin_uses_exposure_times_all_zero_bin) ... ok
test_rebin_uses_exposure_times_and_background (glows.l3a.science.test_calculate_daily_lightcurve.TestCalculateDailyLigh
tcurve.test_rebin_uses_exposure_times_and_background) ... ok
test_rebin_uses_uncertain_photon_flux_and_background (glows.l3a.science.test_calculate_daily_lightcurve.TestCalculateDa
ilyLightcurve.test_rebin_uses_uncertain_photon_flux_and_background) ... ok
test_rebin_with_different_output_size 
(glows.l3a.science.test_calculate_daily_lightcurve.TestCalculateDailyLightcurve.test_rebin_with_different_output_size) 
... ok
test_rebin_with_no_flags_and_equal_exposure_times (glows.l3a.science.test_calculate_daily_lightcurve.TestCalculateDaily
Lightcurve.test_rebin_with_no_flags_and_equal_exposure_times) ... ok
test_uses_configuration_to_flag_bins 
(glows.l3a.science.test_calculate_daily_lightcurve.TestCalculateDailyLightcurve.test_uses_configuration_to_flag_bins) 
... ok
test_interpolates_to_find_background (glows.l3a.science.test_time_independent_background_lookup_table.TestTimeIndepende
ntBackgroundLookupTable.test_interpolates_to_find_background) ... ok
test_load_from_file (glows.l3a.science.test_time_independent_background_lookup_table.TestTimeIndependentBackgroundLooku
pTable.test_load_from_file) ... ok
test_fetch_dependencies (glows.l3a.test_glows_l3a_dependencies.TestGlowsL3aDependencies.test_fetch_dependencies) ... ok
test_data_to_product_variables (glows.l3a.test_models.TestModels.test_data_to_product_variables) ... ok
test_create_glows_l3a_dictionary_from_cdf (glows.l3a.test_utils.TestUtils.test_create_glows_l3a_dictionary_from_cdf) 
... ok
test_create_glows_l3a_from_dictionary (glows.l3a.test_utils.TestUtils.test_create_glows_l3a_from_dictionary) ... ok
test_fails_if_cdf_has_more_than_one_histogram 
(glows.l3a.test_utils.TestUtils.test_fails_if_cdf_has_more_than_one_histogram) ... ok
test_reading_l2_glows_data_into_models (glows.l3a.test_utils.TestUtils.test_reading_l2_glows_data_into_models) ... ok
test_filter_l3a_files (glows.l3bc.science.test_filter_out_bad_days.TestFilterL3aFiles.test_filter_l3a_files) ... ok
test_generate_l3bc_appends_used_l3a_files_to_header 
(glows.l3bc.science.test_generate_l3bc.TestGenerateL3BC.test_generate_l3bc_appends_used_l3a_files_to_header) ... ok
test_generate_l3bc_integration (glows.l3bc.science.test_generate_l3bc.TestGenerateL3BC.test_generate_l3bc_integration) 
... ok
test_generate_l3bc_integration_all_data_in_bad_season 
(glows.l3bc.science.test_generate_l3bc.TestGenerateL3BC.test_generate_l3bc_integration_all_data_in_bad_season) ... ok
test_works_with_fast_parser (glows.l3bc.science.test_time_parsing.TestTimeParsing.test_works_with_fast_parser) ... ok
test_validate_dependencies (glows.l3bc.test_dependency_validator.TestDependencyValidator.test_validate_dependencies) 
... ok
test_validate_f107_dependency 
(glows.l3bc.test_dependency_validator.TestDependencyValidator.test_validate_f107_dependency) ... ok
test_validate_lyman_alpha_dependency 
(glows.l3bc.test_dependency_validator.TestDependencyValidator.test_validate_lyman_alpha_dependency) ... ok
test_validate_omni2_dependency 
(glows.l3bc.test_dependency_validator.TestDependencyValidator.test_validate_omni2_dependency) ... ok
test_validate_omni2_dependency_returns_true_when_alpha_fill_but_density_and_speed_valid (glows.l3bc.test_dependency_val
idator.TestDependencyValidator.test_validate_omni2_dependency_returns_true_when_alpha_fill_but_density_and_speed_valid)
 ... ok
test_download_from_cr_to_process 
(glows.l3bc.test_glows_l3bc_dependencies.TestGlowsL3BCDependencies.test_download_from_cr_to_process) ... ok
test_get_crs_to_process (glows.l3bc.test_glows_l3bc_initializer.TestGlowsL3BCInitializer.test_get_crs_to_process) ... 
ok
test_get_crs_to_process_return_no_crs_when_missing_ancillaries (glows.l3bc.test_glows_l3bc_initializer.TestGlowsL3BCIni
tializer.test_get_crs_to_process_return_no_crs_when_missing_ancillaries) ... ok
test_get_crs_to_process_returns_no_crs_when_missing_external_deps (glows.l3bc.test_glows_l3bc_initializer.TestGlowsL3BC
Initializer.test_get_crs_to_process_returns_no_crs_when_missing_external_deps) ... ok
test_group_l3a_by_cr (glows.l3bc.test_glows_l3bc_initializer.TestGlowsL3BCInitializer.test_group_l3a_by_cr) ... ok
test_should_process_cr_excludes_crs_within_buffer_period (glows.l3bc.test_glows_l3bc_initializer.TestGlowsL3BCInitializ
er.test_should_process_cr_excludes_crs_within_buffer_period) ... ok
test_should_process_cr_existing_cr_should_not_reprocess (glows.l3bc.test_glows_l3bc_initializer.TestGlowsL3BCInitialize
r.test_should_process_cr_existing_cr_should_not_reprocess) ... ok
test_should_process_cr_existing_cr_should_process 
(glows.l3bc.test_glows_l3bc_initializer.TestGlowsL3BCInitializer.test_should_process_cr_existing_cr_should_process) 
... ok
test_should_process_cr_no_existing_l3b 
(glows.l3bc.test_glows_l3bc_initializer.TestGlowsL3BCInitializer.test_should_process_cr_no_existing_l3b) ... ok
test_should_process_cr_with_invalid_dependencies 
(glows.l3bc.test_glows_l3bc_initializer.TestGlowsL3BCInitializer.test_should_process_cr_with_invalid_dependencies) ... 
ok
test_cr_to_process_buffer_time_has_elapsed_since_cr 
(glows.l3bc.test_models.TestModels.test_cr_to_process_buffer_time_has_elapsed_since_cr) ... ok
test_cr_to_process_has_valid_external_dependencies 
(glows.l3bc.test_models.TestModels.test_cr_to_process_has_valid_external_dependencies) ... ok
test_external_dependencies_comment_headers 
(glows.l3bc.test_models.TestModels.test_external_dependencies_comment_headers) ... ok
test_external_dependencies_fetch_dependencies 
(glows.l3bc.test_models.TestModels.test_external_dependencies_fetch_dependencies) ... ok
test_external_dependencies_files_not_found 
(glows.l3bc.test_models.TestModels.test_external_dependencies_files_not_found) ... ok
test_l3b_from_instrument_team_dictionary (glows.l3bc.test_models.TestModels.test_l3b_from_instrument_team_dictionary) 
... ok
test_l3b_to_data_product_variables (glows.l3bc.test_models.TestModels.test_l3b_to_data_product_variables) ... ok
test_l3c_from_instrument_team_dictionary (glows.l3bc.test_models.TestModels.test_l3c_from_instrument_team_dictionary) 
... ok
test_l3c_to_data_product_variables (glows.l3bc.test_models.TestModels.test_l3c_to_data_product_variables) ... ok
test_determine_crs_to_process_based_on_ancillary_files 
(glows.l3bc.test_utils.TestUtils.test_determine_crs_to_process_based_on_ancillary_files) ... ok
test_get_pointing_date_range (glows.l3bc.test_utils.TestUtils.test_get_pointing_date_range) ... ok
test_get_repoint_date_range_handles_no_pointing 
(glows.l3bc.test_utils.TestUtils.test_get_repoint_date_range_handles_no_pointing) ... ok
test_fetch_dependencies (glows.l3d.test_glows_l3d_dependencies.TestGlowsL3DDependencies.test_fetch_dependencies) ... ok
test_l3d_initializer (glows.l3d.test_glows_l3d_initializer.TestGlowsL3DInitializer.test_l3d_initializer) ... ok
test_l3d_initializer_does_not_process_when_no_l3bs_after_start_cr (glows.l3d.test_glows_l3d_initializer.TestGlowsL3DIni
tializer.test_l3d_initializer_does_not_process_when_no_l3bs_after_start_cr) ... ok
test_l3d_initializer_returns_no_old_cdf_if_none_found 
(glows.l3d.test_glows_l3d_initializer.TestGlowsL3DInitializer.test_l3d_initializer_returns_no_old_cdf_if_none_found) 
... ok
test_l3d_initializer_should_not_process 
(glows.l3d.test_glows_l3d_initializer.TestGlowsL3DInitializer.test_l3d_initializer_should_not_process) ... ok
test_l3d_initializer_should_not_process_when_no_l3bs 
(glows.l3d.test_glows_l3d_initializer.TestGlowsL3DInitializer.test_l3d_initializer_should_not_process_when_no_l3bs) 
... ok
test_convert_json_l3d_to_data_product (glows.l3d.test_l3d_utils.TestL3dUtils.test_convert_json_l3d_to_data_product) 
... ok
test_create_glows_l3b_json_file_from_cdf 
(glows.l3d.test_l3d_utils.TestL3dUtils.test_create_glows_l3b_json_file_from_cdf) ... ok
test_create_glows_l3c_json_file_from_cdf 
(glows.l3d.test_l3d_utils.TestL3dUtils.test_create_glows_l3c_json_file_from_cdf) ... ok
test_get_most_recently_uploaded_ancillary 
(glows.l3d.test_l3d_utils.TestL3dUtils.test_get_most_recently_uploaded_ancillary) ... ok
test_get_most_recently_uploaded_ancillary_with_empty_query 
(glows.l3d.test_l3d_utils.TestL3dUtils.test_get_most_recently_uploaded_ancillary_with_empty_query) ... ok
test_get_parent_file_names_from_l3d_json 
(glows.l3d.test_l3d_utils.TestL3dUtils.test_get_parent_file_names_from_l3d_json) ... ok
test_rename_l3d_text_outputs (glows.l3d.test_l3d_utils.TestL3dUtils.test_rename_l3d_text_outputs) ... ok
test_glows_l3d_solar_params_history_to_data_product 
(glows.l3d.test_models.TestModels.test_glows_l3d_solar_params_history_to_data_product) ... ok
test_to_argument_list (glows.l3e.test_glows_l3e_call_arguments.TestGlowsL3eCallArguments.test_to_argument_list) ... ok
test_copy_dependencies (glows.l3e.test_glows_l3e_dependencies.TestGlowsL3EDependencies.test_copy_dependencies) ... ok
test_fetch_dependencies (glows.l3e.test_glows_l3e_dependencies.TestGlowsL3EDependencies.test_fetch_dependencies) ... ok
test_furnish_spice_dependencies 
(glows.l3e.test_glows_l3e_dependencies.TestGlowsL3EDependencies.test_furnish_spice_dependencies) ... ok
test_get_hi_parents (glows.l3e.test_glows_l3e_dependencies.TestGlowsL3EDependencies.test_get_hi_parents) ... ok
test_get_lo_parents (glows.l3e.test_glows_l3e_dependencies.TestGlowsL3EDependencies.test_get_lo_parents) ... ok
test_get_ul_parents (glows.l3e.test_glows_l3e_dependencies.TestGlowsL3EDependencies.test_get_ul_parents) ... ok
test_convert_dat_to_glows_l3e_hi_product 
(glows.l3e.test_glows_l3e_hi_model.TestL3eHiModel.test_convert_dat_to_glows_l3e_hi_product) ... ok
test_l3e_hi_model_to_data_product_variables 
(glows.l3e.test_glows_l3e_hi_model.TestL3eHiModel.test_l3e_hi_model_to_data_product_variables) ... ok
test_get_repointings_to_process 
(glows.l3e.test_glows_l3e_initializer.TestGlowsL3EInitializer.test_get_repointings_to_process) ... ok
test_get_repointings_to_process_handles_no_previous_l3d 
(glows.l3e.test_glows_l3e_initializer.TestGlowsL3EInitializer.test_get_repointings_to_process_handles_no_previous_l3d) 
... ok
test_get_repointings_to_process_with_identical_l3d_files (glows.l3e.test_glows_l3e_initializer.TestGlowsL3EInitializer.
test_get_repointings_to_process_with_identical_l3d_files) ... ok
test_convert_dat_to_glows_l3e_lo_product 
(glows.l3e.test_glows_l3e_lo_model.TestL3eLoModel.test_convert_dat_to_glows_l3e_lo_product) ... ok
test_l3e_lo_model_to_data_product_variables 
(glows.l3e.test_glows_l3e_lo_model.TestL3eLoModel.test_l3e_lo_model_to_data_product_variables) ... ok
test_convert_dat_to_glows_l3e_ul_product 
(glows.l3e.test_glows_l3e_ultra_model.TestL3eUltraModel.test_convert_dat_to_glows_l3e_ul_product) ... ok
test_l3e_ultra_model_to_data_product_variables 
(glows.l3e.test_glows_l3e_ultra_model.TestL3eUltraModel.test_l3e_ultra_model_to_data_product_variables) ... ok
test_compute_glows_flags_for_window 
(glows.l3e.test_glows_l3e_utils.TestGlowsL3EUtils.test_compute_glows_flags_for_window) ... ok
test_determine_call_args_for_l3e_executable 
(glows.l3e.test_glows_l3e_utils.TestGlowsL3EUtils.test_determine_call_args_for_l3e_executable) ... ok
test_determine_l3e_files_to_produce 
(glows.l3e.test_glows_l3e_utils.TestGlowsL3EUtils.test_determine_l3e_files_to_produce) ... ok
test_find_first_updated_cr (glows.l3e.test_glows_l3e_utils.TestGlowsL3EUtils.test_find_first_updated_cr) ... ok
test_get_lo_pivot_angle_from_l1b_file_real_cdf 
(glows.l3e.test_glows_l3e_utils.TestGlowsL3EUtils.test_get_lo_pivot_angle_from_l1b_file_real_cdf) ... ok
test_get_lo_pivot_angle_from_l1b_file_scenarios 
(glows.l3e.test_glows_l3e_utils.TestGlowsL3EUtils.test_get_lo_pivot_angle_from_l1b_file_scenarios) ... ok
test_get_lo_pivot_angles (glows.l3e.test_glows_l3e_utils.TestGlowsL3EUtils.test_get_lo_pivot_angles) ... ok
test_add_spin_angle_delta (glows.test_glows_processor.TestGlowsProcessor.test_add_spin_angle_delta) ... ok
test_archive_dependencies (glows.test_glows_processor.TestGlowsProcessor.test_archive_dependencies) ... ok
test_l3bc_uses_all_l3a_file_names_for_l3b_parents 
(glows.test_glows_processor.TestGlowsProcessor.test_l3bc_uses_all_l3a_file_names_for_l3b_parents) ... ok
test_process_glows_l3d_drift (glows.test_glows_processor.TestGlowsProcessor.test_process_glows_l3d_drift) ... ok
test_process_l3a (glows.test_glows_processor.TestGlowsProcessor.test_process_l3a) ... ok
test_process_l3bc (glows.test_glows_processor.TestGlowsProcessor.test_process_l3bc) ... ok
test_process_l3bc_all_data_in_bad_season_catches_exception_and_continues (glows.test_glows_processor.TestGlowsProcessor
.test_process_l3bc_all_data_in_bad_season_catches_exception_and_continues) ... 
ERROR:imap_l3_processing.glows.glows_processor:Exception caught in L3BC science code, skipping CR 1
Traceback (most recent call last):
  File "C:\Users\Harrison\Development\imap_L3_processing\imap_l3_processing\glows\glows_processor.py", line 165, in 
process_l3bc
    l3b_data, l3c_data = generate_l3bc(replace(dependency, l3a_data=filtered_days))
                         ^^^^^^^^^^^^^^^^^^^^^^^^^^^^^^^^^^^^^^^^^^^^^^^^^^^^^^^^^^
  File "C:\Users\Harrison\Development\imap_L3_processing\imap_l3_processing\glows\l3bc\science\generate_l3bc.py", line 
24, in generate_l3bc
    raise CannotProcessCarringtonRotationError("All days for Carrington Rotation are in a bad season.")
imap_l3_processing.glows.l3bc.cannot_process_carrington_rotation_error.CannotProcessCarringtonRotationError: All days 
for Carrington Rotation are in a bad season.
ok
test_process_l3bc_catches_exceptions_from_science_code_and_continues 
(glows.test_glows_processor.TestGlowsProcessor.test_process_l3bc_catches_exceptions_from_science_code_and_continues) 
... ERROR:imap_l3_processing.glows.glows_processor:Exception caught in L3BC science code, skipping CR 1
Traceback (most recent call last):
  File "C:\Users\Harrison\Development\imap_L3_processing\imap_l3_processing\glows\glows_processor.py", line 165, in 
process_l3bc
    l3b_data, l3c_data = generate_l3bc(replace(dependency, l3a_data=filtered_days))
                         ^^^^^^^^^^^^^^^^^^^^^^^^^^^^^^^^^^^^^^^^^^^^^^^^^^^^^^^^^^
  File "C:\Users\Harrison\AppData\Local\Programs\Python\Python312\Lib\unittest\mock.py", line 1139, in __call__
    return self._mock_call(*args, **kwargs)
           ^^^^^^^^^^^^^^^^^^^^^^^^^^^^^^^^
  File "C:\Users\Harrison\AppData\Local\Programs\Python\Python312\Lib\unittest\mock.py", line 1143, in _mock_call
    return self._execute_mock_call(*args, **kwargs)
           ^^^^^^^^^^^^^^^^^^^^^^^^^^^^^^^^^^^^^^^^
  File "C:\Users\Harrison\AppData\Local\Programs\Python\Python312\Lib\unittest\mock.py", line 1198, in 
_execute_mock_call
    raise effect
Exception: L3c not generated: observed cx rate is smaller than min of the cx_grid
ok
test_process_l3bc_catches_no_data_error_and_continues 
(glows.test_glows_processor.TestGlowsProcessor.test_process_l3bc_catches_no_data_error_and_continues) ... 
ERROR:imap_l3_processing.glows.glows_processor:Exception caught in L3BC science code, skipping CR 2096
Traceback (most recent call last):
  File "C:\Users\Harrison\Development\imap_L3_processing\imap_l3_processing\glows\glows_processor.py", line 165, in 
process_l3bc
    l3b_data, l3c_data = generate_l3bc(replace(dependency, l3a_data=filtered_days))
                         ^^^^^^^^^^^^^^^^^^^^^^^^^^^^^^^^^^^^^^^^^^^^^^^^^^^^^^^^^^
  File "C:\Users\Harrison\AppData\Local\Programs\Python\Python312\Lib\unittest\mock.py", line 1139, in __call__
    return self._mock_call(*args, **kwargs)
           ^^^^^^^^^^^^^^^^^^^^^^^^^^^^^^^^
  File "C:\Users\Harrison\AppData\Local\Programs\Python\Python312\Lib\unittest\mock.py", line 1143, in _mock_call
    return self._execute_mock_call(*args, **kwargs)
           ^^^^^^^^^^^^^^^^^^^^^^^^^^^^^^^^^^^^^^^^
  File "C:\Users\Harrison\AppData\Local\Programs\Python\Python312\Lib\unittest\mock.py", line 1202, in 
_execute_mock_call
    raise result
imap_l3_processing.glows.l3bc.cannot_process_carrington_rotation_error.CannotProcessCarringtonRotationError: All days 
for Carrington Rotation are in a bad season.
ok
test_process_l3d (glows.test_glows_processor.TestGlowsProcessor.test_process_l3d) ... ok
test_process_l3d_adds_parent_file_names_to_output 
(glows.test_glows_processor.TestGlowsProcessor.test_process_l3d_adds_parent_file_names_to_output) ... ok
test_process_l3d_does_not_save_if_nothing_processed 
(glows.test_glows_processor.TestGlowsProcessor.test_process_l3d_does_not_save_if_nothing_processed) ... ok
test_process_l3d_handles_unexpected_exception_from_science 
(glows.test_glows_processor.TestGlowsProcessor.test_process_l3d_handles_unexpected_exception_from_science) ... ok
test_process_l3d_returns_correctly_if_nothing_is_processed 
(glows.test_glows_processor.TestGlowsProcessor.test_process_l3d_returns_correctly_if_nothing_is_processed) ... ok
test_process_l3e (glows.test_glows_processor.TestGlowsProcessor.test_process_l3e) ... ok
test_process_l3e_hi (glows.test_glows_processor.TestGlowsProcessor.test_process_l3e_hi) ... ok
test_process_l3e_lo (glows.test_glows_processor.TestGlowsProcessor.test_process_l3e_lo) ... ok
test_process_l3e_skips_repointing_on_exception 
(glows.test_glows_processor.TestGlowsProcessor.test_process_l3e_skips_repointing_on_exception) ... 
ERROR:imap_l3_processing.glows.glows_processor:Exception encountered when processing L3e hi-90 for repointing 24
Traceback (most recent call last):
  File "C:\Users\Harrison\Development\imap_L3_processing\imap_l3_processing\glows\glows_processor.py", line 464, in 
process_l3e
    products_list.extend(process_l3e_hi(hi_parent_file_names, repointing, start_repointing, epoch_delta, 90, 
hi_90_version, glows_flags))
                         
^^^^^^^^^^^^^^^^^^^^^^^^^^^^^^^^^^^^^^^^^^^^^^^^^^^^^^^^^^^^^^^^^^^^^^^^^^^^^^^^^^^^^^^^^^^^^^^^^^^^^^^^^^^^^^^
  File "C:\Users\Harrison\AppData\Local\Programs\Python\Python312\Lib\unittest\mock.py", line 1139, in __call__
    return self._mock_call(*args, **kwargs)
           ^^^^^^^^^^^^^^^^^^^^^^^^^^^^^^^^
  File "C:\Users\Harrison\AppData\Local\Programs\Python\Python312\Lib\unittest\mock.py", line 1143, in _mock_call
    return self._execute_mock_call(*args, **kwargs)
           ^^^^^^^^^^^^^^^^^^^^^^^^^^^^^^^^^^^^^^^^
  File "C:\Users\Harrison\AppData\Local\Programs\Python\Python312\Lib\unittest\mock.py", line 1202, in 
_execute_mock_call
    raise result
ValueError: Failed to generate hi
ERROR:imap_l3_processing.glows.glows_processor:Exception encountered when processing L3e lo for repointing 25
Traceback (most recent call last):
  File "C:\Users\Harrison\Development\imap_L3_processing\imap_l3_processing\glows\glows_processor.py", line 459, in 
process_l3e
    products_list.extend(process_l3e_lo(lo_parent_file_names, repointing, start_repointing, epoch_delta, 
pivot_info.pivot_angle, lo_version, glows_flags))
                         ^^^^^^^^^^^^^^^^^^^^^^^^^^^^^^^^^^^^^^^^^^^^^^^^^^^^^^^^^^^^^^^^^^^^^^^^^^^^^^^^^^^^^^^^^^^^^^
^^^^^^^^^^^^^^^^^^^^^^^^^^^^^^^^^^
  File "C:\Users\Harrison\AppData\Local\Programs\Python\Python312\Lib\unittest\mock.py", line 1139, in __call__
    return self._mock_call(*args, **kwargs)
           ^^^^^^^^^^^^^^^^^^^^^^^^^^^^^^^^
  File "C:\Users\Harrison\AppData\Local\Programs\Python\Python312\Lib\unittest\mock.py", line 1143, in _mock_call
    return self._execute_mock_call(*args, **kwargs)
           ^^^^^^^^^^^^^^^^^^^^^^^^^^^^^^^^^^^^^^^^
  File "C:\Users\Harrison\AppData\Local\Programs\Python\Python312\Lib\unittest\mock.py", line 1202, in 
_execute_mock_call
    raise result
ValueError: Failed to generate lo
ERROR:imap_l3_processing.glows.glows_processor:Exception encountered when processing L3e ultra SF for repointing 26
Traceback (most recent call last):
  File "C:\Users\Harrison\Development\imap_L3_processing\imap_l3_processing\glows\glows_processor.py", line 478, in 
process_l3e
    process_l3e_ul_sf(ul_parent_file_names, repointing, start_repointing, epoch_delta, ul_sf_version, glows_flags))
    ^^^^^^^^^^^^^^^^^^^^^^^^^^^^^^^^^^^^^^^^^^^^^^^^^^^^^^^^^^^^^^^^^^^^^^^^^^^^^^^^^^^^^^^^^^^^^^^^^^^^^^^^^^^^^^
  File "C:\Users\Harrison\AppData\Local\Programs\Python\Python312\Lib\unittest\mock.py", line 1139, in __call__
    return self._mock_call(*args, **kwargs)
           ^^^^^^^^^^^^^^^^^^^^^^^^^^^^^^^^
  File "C:\Users\Harrison\AppData\Local\Programs\Python\Python312\Lib\unittest\mock.py", line 1143, in _mock_call
    return self._execute_mock_call(*args, **kwargs)
           ^^^^^^^^^^^^^^^^^^^^^^^^^^^^^^^^^^^^^^^^
  File "C:\Users\Harrison\AppData\Local\Programs\Python\Python312\Lib\unittest\mock.py", line 1202, in 
_execute_mock_call
    raise result
ValueError: Failed to generate ultra!
ERROR:imap_l3_processing.glows.glows_processor:Exception encountered when processing L3e ultra HF for repointing 27
Traceback (most recent call last):
  File "C:\Users\Harrison\Development\imap_L3_processing\imap_l3_processing\glows\glows_processor.py", line 483, in 
process_l3e
    process_l3e_ul_hf(ul_parent_file_names, repointing, start_repointing, epoch_delta, ul_hf_version, glows_flags))
    ^^^^^^^^^^^^^^^^^^^^^^^^^^^^^^^^^^^^^^^^^^^^^^^^^^^^^^^^^^^^^^^^^^^^^^^^^^^^^^^^^^^^^^^^^^^^^^^^^^^^^^^^^^^^^^
  File "C:\Users\Harrison\AppData\Local\Programs\Python\Python312\Lib\unittest\mock.py", line 1139, in __call__
    return self._mock_call(*args, **kwargs)
           ^^^^^^^^^^^^^^^^^^^^^^^^^^^^^^^^
  File "C:\Users\Harrison\AppData\Local\Programs\Python\Python312\Lib\unittest\mock.py", line 1143, in _mock_call
    return self._execute_mock_call(*args, **kwargs)
           ^^^^^^^^^^^^^^^^^^^^^^^^^^^^^^^^^^^^^^^^
  File "C:\Users\Harrison\AppData\Local\Programs\Python\Python312\Lib\unittest\mock.py", line 1202, in 
_execute_mock_call
    raise result
ValueError: Failed to generate ultra!
ok
test_process_l3e_ultra (glows.test_glows_processor.TestGlowsProcessor.test_process_l3e_ultra) ... ok
test_process_l3e_ultra_hf (glows.test_glows_processor.TestGlowsProcessor.test_process_l3e_ultra_hf) ... ok
test_processor_handles_l3a (glows.test_glows_processor.TestGlowsProcessor.test_processor_handles_l3a) ... ok
test_fetch_dependencies (hi.test_hi_combined_dependencies.TestHiCombinedDependencies.test_fetch_dependencies) ... ok
test_from_file_paths (hi.test_hi_combined_dependencies.TestHiCombinedDependencies.test_from_file_paths) ... ok
test_get_maps_that_should_be_produced_can_produce_multiple_maps (hi.test_hi_combined_initializer.TestHiCombinedInitiali
zer.test_get_maps_that_should_be_produced_can_produce_multiple_maps) ... ok
test_get_maps_that_should_be_produced_filters_based_on_input_descriptor (hi.test_hi_combined_initializer.TestHiCombined
Initializer.test_get_maps_that_should_be_produced_filters_based_on_input_descriptor) ... ok
test_get_maps_that_should_be_produced_increments_versions_correctly (hi.test_hi_combined_initializer.TestHiCombinedInit
ializer.test_get_maps_that_should_be_produced_increments_versions_correctly) ... ok
test_get_maps_that_should_be_produced_no_existing_combined_nsp (hi.test_hi_combined_initializer.TestHiCombinedInitializ
er.test_get_maps_that_should_be_produced_no_existing_combined_nsp) ... ok
test_get_maps_that_should_be_produced_no_existing_combined_sp (hi.test_hi_combined_initializer.TestHiCombinedInitialize
r.test_get_maps_that_should_be_produced_no_existing_combined_sp) ... ok
test_get_maps_that_should_be_produced_waits_for_full_set_of_new_inputs (hi.test_hi_combined_initializer.TestHiCombinedI
nitializer.test_get_maps_that_should_be_produced_waits_for_full_set_of_new_inputs) ... ok
test_process_cg_corrected_full_spin_map (hi.test_hi_processor.TestHiProcessor.test_process_cg_corrected_full_spin_map) 
... ok
test_process_combined_sensor_map (hi.test_hi_processor.TestHiProcessor.test_process_combined_sensor_map) ... ok
test_process_full_spin_single_sensor_map 
(hi.test_hi_processor.TestHiProcessor.test_process_full_spin_single_sensor_map) ... ok
test_process_ram_or_antiram_spin (hi.test_hi_processor.TestHiProcessor.test_process_ram_or_antiram_spin) ... ok
test_process_spectral_fit (hi.test_hi_processor.TestHiProcessor.test_process_spectral_fit) ... ok
test_raises_error_for_currently_unimplemented_maps 
(hi.test_hi_processor.TestHiProcessor.test_raises_error_for_currently_unimplemented_maps) ... ok
test_spectral_fit_against_validation_data 
(hi.test_hi_processor.TestHiProcessor.test_spectral_fit_against_validation_data) ... skipped 'Skipping expensive test, 
test_spectral_fit_against_validation_data, because it passed recently'
test_spectral_fit_fields_other_than_fit_fields 
(hi.test_hi_processor.TestHiProcessor.test_spectral_fit_fields_other_than_fit_fields) ... ok
test_spectral_fit_other_fields_with_all_zero_exposure 
(hi.test_hi_processor.TestHiProcessor.test_spectral_fit_other_fields_with_all_zero_exposure) ... ok
test_spectral_fit_other_fields_with_one_zero_exposure 
(hi.test_hi_processor.TestHiProcessor.test_spectral_fit_other_fields_with_one_zero_exposure) ... ok
test_spectral_fit_with_energy_range (hi.test_hi_processor.TestHiProcessor.test_spectral_fit_with_energy_range) ... ok
test_furnish_spice_dependencies (hi.test_hi_sp_initializer.TestHiSPInitializer.test_furnish_spice_dependencies) ... ok
test_get_dependencies (hi.test_hi_sp_initializer.TestHiSPInitializer.test_get_dependencies) ... ok
test_get_maps_that_can_be_produced (hi.test_hi_sp_initializer.TestHiSPInitializer.test_get_maps_that_can_be_produced) 
... ok
test_get_maps_that_can_be_produced_full_spin_descriptor 
(hi.test_hi_sp_initializer.TestHiSPInitializer.test_get_maps_that_can_be_produced_full_spin_descriptor) ... ok
test_get_maps_that_can_be_produced_full_spin_with_mismatched_parents 
(hi.test_hi_sp_initializer.TestHiSPInitializer.test_get_maps_that_can_be_produced_full_spin_with_mismatched_parents) 
... ok
test_get_maps_that_can_be_produced_with_no_glows_data 
(hi.test_hi_sp_initializer.TestHiSPInitializer.test_get_maps_that_can_be_produced_with_no_glows_data) ... ok
test_get_maps_that_should_be_produced 
(hi.test_hi_sp_initializer.TestHiSPInitializer.test_get_maps_that_should_be_produced) ... ok
test_possible_maps_to_produce_constructs_processing_input_collection 
(hi.test_hi_sp_initializer.TestHiSPInitializer.test_possible_maps_to_produce_constructs_processing_input_collection) 
... ok
test_fetch_dependencies (hi.test_hi_spectral_fit_dependencies.TestHiSpectralFitDependencies.test_fetch_dependencies) 
... ok
test_fit_energy_ranges_returns_full_energy_range 
(hi.test_hi_spectral_fit_dependencies.TestHiSpectralFitDependencies.test_fit_energy_ranges_returns_full_energy_range) 
... ok
test_from_file_paths (hi.test_hi_spectral_fit_dependencies.TestHiSpectralFitDependencies.test_from_file_paths) ... ok
test_raises_value_error_if_instrument_doesnt_match (hi.test_hi_spectral_fit_dependencies.TestHiSpectralFitDependencies.
test_raises_value_error_if_instrument_doesnt_match) ... ok
test_read_glows_l3e_data (hi.test_utils.TestUtils.test_read_glows_l3e_data) ... ok
test_read_glows_l3e_fill_values_create_nan_data 
(hi.test_utils.TestUtils.test_read_glows_l3e_fill_values_create_nan_data) ... ok
test_read_hi_l1c_fill_values_create_nan_data (hi.test_utils.TestUtils.test_read_hi_l1c_fill_values_create_nan_data) 
... ok
test_read_l1c_data (hi.test_utils.TestUtils.test_read_l1c_data) ... ok
test_read_lo_l1c (hi.test_utils.TestUtils.test_read_lo_l1c) ... ok
test_analyze_event_filters_out_events_with_all_saturated_data 
(hit.l3.pha.science.test_calculate_pha.TestCalculatePHA.test_analyze_event_filters_out_events_with_all_saturated_data) 
... ok
test_analyze_event_handles_no_calc_rules 
(hit.l3.pha.science.test_calculate_pha.TestCalculatePHA.test_analyze_event_handles_no_calc_rules) ... ok
test_analyze_event_uses_detectors_with_highest_adc_values 
(hit.l3.pha.science.test_calculate_pha.TestCalculatePHA.test_analyze_event_uses_detectors_with_highest_adc_values) ... 
ok
test_analyze_range (hit.l3.pha.science.test_calculate_pha.TestCalculatePHA.test_analyze_range) ... ok
test_analyze_range_mixed_sides (hit.l3.pha.science.test_calculate_pha.TestCalculatePHA.test_analyze_range_mixed_sides) 
... ok
test_analyze_range_with_range_4 
(hit.l3.pha.science.test_calculate_pha.TestCalculatePHA.test_analyze_range_with_range_4) ... ok
test_calculate_mev (hit.l3.pha.science.test_calculate_pha.TestCalculatePHA.test_calculate_mev) ... ok
test_compute_charge (hit.l3.pha.science.test_calculate_pha.TestCalculatePHA.test_compute_charge) ... ok
test_compute_charge_returns_nan_if_e_prime_or_delta_e_are_outside_of_range (hit.l3.pha.science.test_calculate_pha.TestC
alculatePHA.test_compute_charge_returns_nan_if_e_prime_or_delta_e_are_outside_of_range) ... ok
test_process_event_for_event_with_invalid_detector_sequences 
(hit.l3.pha.science.test_calculate_pha.TestCalculatePHA.test_process_event_for_event_with_invalid_detector_sequences) 
... ok
test_process_pha_event (hit.l3.pha.science.test_calculate_pha.TestCalculatePHA.test_process_pha_event) ... ok
test_can_create_from_file 
(hit.l3.pha.science.test_cosine_correction_lookup_table.TestCosineCorrectionLookupTable.test_can_create_from_file) ... 
ok
test_loads_from_file (hit.l3.pha.science.test_gain_lookup_table.TestGainLookupTable.test_loads_from_file) ... ok
test_hit_event_type_lookup_from_csv 
(hit.l3.pha.science.test_hit_event_type_lookup.TestHitEventTypeLookup.test_hit_event_type_lookup_from_csv) ... ok
test_double_power_law (hit.l3.pha.science.test_range_fit_lookup.TestRangeFitLookup.test_double_power_law) ... ok
test_load_from_real_example_files 
(hit.l3.pha.science.test_range_fit_lookup.TestRangeFitLookup.test_load_from_real_example_files) ... ok
test_loads_csv_into_array (hit.l3.pha.science.test_range_fit_lookup.TestRangeFitLookup.test_loads_csv_into_array) ... 
ok
test_fetch_dependencies (hit.l3.pha.test_l3_pha_dependencies.TestHitL3PhaDependencies.test_fetch_dependencies) ... ok
test_fetch_dependencies_throws_when_no_data_dependency_provided (hit.l3.pha.test_l3_pha_dependencies.TestHitL3PhaDepend
encies.test_fetch_dependencies_throws_when_no_data_dependency_provided) ... ok
test_can_create_detector_from_address 
(hit.l3.pha.test_pha_event_reader.TestPHAEventReader.test_can_create_detector_from_address) ... ok
test_read_all_pha_events_stops_reading_events_when_it_finds_all_zeros (hit.l3.pha.test_pha_event_reader.TestPHAEventRea
der.test_read_all_pha_events_stops_reading_events_when_it_finds_all_zeros) ... ok
test_read_events_adds_extra_bits_for_odd_length_pha_words 
(hit.l3.pha.test_pha_event_reader.TestPHAEventReader.test_read_events_adds_extra_bits_for_odd_length_pha_words) ... ok
test_read_l1_pha_data (hit.l3.pha.test_pha_event_reader.TestPHAEventReader.test_read_l1_pha_data) ... ok
test_reads_extended_header_section_when_long_event_flag_set 
(hit.l3.pha.test_pha_event_reader.TestPHAEventReader.test_reads_extended_header_section_when_long_event_flag_set) ... 
ok
test_reads_extended_stim_header_section_when_long_event_and_stim_flag_set (hit.l3.pha.test_pha_event_reader.TestPHAEven
tReader.test_reads_extended_stim_header_section_when_long_event_and_stim_flag_set) ... ok
test_reads_pha_events_from_cdf (hit.l3.pha.test_pha_event_reader.TestPHAEventReader.test_reads_pha_events_from_cdf) 
... ok
test_reads_stim_block_when_stim_flag_set 
(hit.l3.pha.test_pha_event_reader.TestPHAEventReader.test_reads_stim_block_when_stim_flag_set) ... ok
test_verify_against_HIT_script_output 
(hit.l3.pha.test_pha_event_reader.TestPHAEventReader.test_verify_against_HIT_script_output) ... ok
test_get_hit_bin_polar_coordinates (hit.l3.sectored_products.science.test_sectored_products_algorithms.TestSectoredProd
uctsAlgorithms.test_get_hit_bin_polar_coordinates) ... ok
test_get_sector_unit_vectors (hit.l3.sectored_products.science.test_sectored_products_algorithms.TestSectoredProductsAl
gorithms.test_get_sector_unit_vectors) ... ok
test_transform_to_10_minute_chunks (hit.l3.sectored_products.science.test_sectored_products_algorithms.TestSectoredProd
uctsAlgorithms.test_transform_to_10_minute_chunks) ... ok
test_to_data_product_variables 
(hit.l3.sectored_products.test_models.TestHitPitchAngleDataProduct.test_to_data_product_variables) ... ok
test_direct_event_parsing_errors_result_in_skipped_event 
(hit.l3.test_hit_processor.TestHitProcessor.test_direct_event_parsing_errors_result_in_skipped_event) ... ok
test_is_a_processor (hit.l3.test_hit_processor.TestHitProcessor.test_is_a_processor) ... ok
test_process_direct_event_product (hit.l3.test_hit_processor.TestHitProcessor.test_process_direct_event_product) ... ok
test_process_pitch_angle_product (hit.l3.test_hit_processor.TestHitProcessor.test_process_pitch_angle_product) ... ok
test_raise_error_if_descriptor_doesnt_match 
(hit.l3.test_hit_processor.TestHitProcessor.test_raise_error_if_descriptor_doesnt_match) ... ok
test_fetch_dependencies (hit.l3.test_l3_sectored_dependencies.TestHITL3SectoredDependencies.test_fetch_dependencies) 
... ok
test_fetch_dependencies_uses_mag_l2_if_available 
(hit.l3.test_l3_sectored_dependencies.TestHITL3SectoredDependencies.test_fetch_dependencies_uses_mag_l2_if_available) 
... ok
test_direct_events_to_data_product_variables_with_multiple_events 
(hit.l3.test_models.TestModels.test_direct_events_to_data_product_variables_with_multiple_events) ... ok
test_hit_l1_data_read_from_cdf (hit.l3.test_models.TestModels.test_hit_l1_data_read_from_cdf) ... ok
test_read_l2_hit_data (hit.l3.test_utils.TestUtils.test_read_l2_hit_data) ... ok
test_read_l2_hit_data_handles_fill_values (hit.l3.test_utils.TestUtils.test_read_l2_hit_data_handles_fill_values) ... 
ok
test_read_l2_hit_throws_error_when_it_cannot_fabricate_deltas 
(hit.l3.test_utils.TestUtils.test_read_l2_hit_throws_error_when_it_cannot_fabricate_deltas) ... ok
test_codice_hi_direct_events 
(integration.test_codice_processor_integration.CodiceProcessorIntegration.test_codice_hi_direct_events) ... ok
test_codice_hi_pitch_angle 
(integration.test_codice_processor_integration.CodiceProcessorIntegration.test_codice_hi_pitch_angle) ... ok
test_codice_lo_3d_distributions 
(integration.test_codice_processor_integration.CodiceProcessorIntegration.test_codice_lo_3d_distributions) ... skipped 
'Skipping expensive test, test_codice_lo_3d_distributions, because it passed recently'
test_codice_lo_direct_events 
(integration.test_codice_processor_integration.CodiceProcessorIntegration.test_codice_lo_direct_events) ... 2026-05-15 
11:18:24,329 - imap_data_access.io - INFO - The file C:\Users\Harrison\Development\imap_L3_processing\run_local_input_d
ata\codice_integration\imap\codice\l1a\2026\03\imap_codice_l1a_lo-sw-priority_20260307_v004.cdf already exists, 
skipping download
2026-05-15 11:18:24,331 - imap_data_access.io - INFO - The file C:\Users\Harrison\Development\imap_L3_processing\run_lo
cal_input_data\codice_integration\imap\codice\l1a\2026\03\imap_codice_l1a_lo-nsw-priority_20260307_v004.cdf already 
exists, skipping download
2026-05-15 11:18:24,331 - imap_data_access.io - INFO - The file C:\Users\Harrison\Development\imap_L3_processing\run_lo
cal_input_data\codice_integration\imap\codice\l2\2026\03\imap_codice_l2_lo-direct-events_20260307_v004.cdf already 
exists, skipping download
2026-05-15 11:18:24,333 - imap_data_access.io - INFO - The file C:\Users\Harrison\Development\imap_L3_processing\run_lo
cal_input_data\codice_integration\imap\ancillary\codice\imap_codice_mass-coefficient-lookup_20241110_v003.csv already 
exists, skipping download
2026-05-15 11:18:24,335 - imap_data_access.io - INFO - The file C:\Users\Harrison\Development\imap_L3_processing\run_lo
cal_input_data\codice_integration\imap\ancillary\codice\imap_codice_lo-energy-per-charge_20241110_v002.csv already 
exists, skipping download
C:\Users\Harrison\Development\imap_L3_processing\imap_l3_processing\codice\l3\lo\models.py:132: RuntimeWarning: 
invalid value encountered in cast
  ...].astype(int),
C:\Users\Harrison\Development\imap_L3_processing\imap_l3_processing\codice\l3\lo\science\codice_lo_calculations.py:41: 
RuntimeWarning: divide by zero encountered in log
  energy = np.log(apd_energy)
C:\Users\Harrison\Development\imap_L3_processing\imap_l3_processing\codice\l3\lo\science\codice_lo_calculations.py:41: 
RuntimeWarning: invalid value encountered in log
  energy = np.log(apd_energy)
C:\Users\Harrison\Development\imap_L3_processing\imap_l3_processing\codice\l3\lo\science\codice_lo_calculations.py:42: 
RuntimeWarning: invalid value encountered in log
  tof = np.log(tof)
2026-05-15 11:18:58,349 - root - WARNING - Required schema 'UNITS' attribute not present for energy_bin_label
2026-05-15 11:18:58,350 - root - WARNING - Required schema 'RECORD_VARYING' attribute not present for energy_bin_label
2026-05-15 11:19:04,698 - root - WARNING - Required schema 'UNITS' attribute not present for event_index_label
2026-05-15 11:19:04,699 - root - WARNING - Required schema 'RECORD_VARYING' attribute not present for event_index_label
2026-05-15 11:19:18,027 - root - WARNING - Required schema 'UNITS' attribute not present for priority_index_label
2026-05-15 11:19:18,029 - root - WARNING - Required schema 'RECORD_VARYING' attribute not present for 
priority_index_label
2026-05-15 11:19:22,473 - root - WARNING - Required schema 'UNITS' attribute not present for spin_angle_bin_label
2026-05-15 11:19:22,473 - root - WARNING - Required schema 'RECORD_VARYING' attribute not present for 
spin_angle_bin_label
ok
test_codice_lo_partial_densities_and_sw_products (integration.test_codice_processor_integration.CodiceProcessorIntegrat
ion.test_codice_lo_partial_densities_and_sw_products) ... 
C:\Users\Harrison\Development\imap_L3_processing\.venv\Lib\site-packages\spacepy\pycdf\__init__.py:2101: CDFWarning: 
DID_NOT_COMPRESS: The CDF or variable values did not compress.
  self._call(const.CLOSE_, const.CDF_)
ok
test_glows_l3a (integration.test_glows_processor_integration.TestGlowsProcessorIntegration.test_glows_l3a) ... 
C:\Users\Harrison\Development\imap_L3_processing\imap_l3_processing\glows\l3a\glows_toolkit\funcs.py:20: UserWarning: 
Input line 1 contained no data and will not be counted towards `max_rows=50000`.  This differs from the behaviour in 
NumPy <=1.22 which counted lines rather than rows.  If desired, the previous behaviour can be achieved by using 
`itertools.islice`.
Please see the 1.23 release notes for an example on how to do this.  If you wish to ignore this warning, use 
`warnings.filterwarnings`.  This warning is expected to be removed in the future and is given only once per `loadtxt` 
call.
  date_array = np.loadtxt(calibration_file_name, usecols=[0], dtype=np.datetime64)
C:\Users\Harrison\Development\imap_L3_processing\imap_l3_processing\glows\l3a\glows_toolkit\l3a_data.py:120: 
UserWarning: Input line 1 contained no data and will not be counted towards `max_rows=50000`.  This differs from the 
behaviour in NumPy <=1.22 which counted lines rather than rows.  If desired, the previous behaviour can be achieved by 
using `itertools.islice`.
Please see the 1.23 release notes for an example on how to do this.  If you wish to ignore this warning, use 
`warnings.filterwarnings`.  This warning is expected to be removed in the future and is given only once per `loadtxt` 
call.
  identifiers = np.loadtxt(anc_input_from_instr_team['time_dependent_bckgrd'], usecols=[0], dtype=str)
C:\Users\Harrison\Development\imap_L3_processing\imap_l3_processing\glows\l3a\glows_toolkit\l3a_data.py:121: 
UserWarning: Input line 1 contained no data and will not be counted towards `max_rows=50000`.  This differs from the 
behaviour in NumPy <=1.22 which counted lines rather than rows.  If desired, the previous behaviour can be achieved by 
using `itertools.islice`.
Please see the 1.23 release notes for an example on how to do this.  If you wish to ignore this warning, use 
`warnings.filterwarnings`.  This warning is expected to be removed in the future and is given only once per `loadtxt` 
call.
  start_dates = np.loadtxt(anc_input_from_instr_team['time_dependent_bckgrd'], usecols=[1], dtype=str, ndmin=1)
2026-05-15 11:19:31,708 - root - WARNING - Required schema 'UNITS' attribute not present for lon_lat_labels
2026-05-15 11:19:31,708 - root - WARNING - Required schema 'RECORD_VARYING' attribute not present for lon_lat_labels
2026-05-15 11:19:31,725 - root - WARNING - Required schema 'UNITS' attribute not present for x_y_z_labels
2026-05-15 11:19:31,725 - root - WARNING - Required schema 'RECORD_VARYING' attribute not present for x_y_z_labels
C:\Users\Harrison\Development\imap_L3_processing\tests\integration\integration_test_helpers.py:197: ResourceWarning: 
unclosed file <_io.BufferedReader name='C:\\Users\\Harrison\\Development\\imap_L3_processing\\data\\imap\\glows\\l3a\\2
025\\12\\imap_glows_l3a_hist_20251224-repoint00088_v001.cdf'>
  cdf_as_json = requests.post("https://skteditor.heliophysics.net/cgi-bin/cdf2json.cgi", files={"file": open(cdf_path, 
"rb")}).json()
ok
test_glows_l3abcde_from_l2 
(integration.test_glows_processor_integration.TestGlowsProcessorIntegration.test_glows_l3abcde_from_l2) ... skipped 
'Skipping expensive test, test_glows_l3abcde_from_l2, because it passed recently'
test_l3bcde_first_time_processing 
(integration.test_glows_processor_integration.TestGlowsProcessorIntegration.test_l3bcde_first_time_processing) ... 
skipped 'Skipping expensive test, test_l3bcde_first_time_processing, because it passed recently'
test_l3bcde_reprocessing 
(integration.test_glows_processor_integration.TestGlowsProcessorIntegration.test_l3bcde_reprocessing) ... skipped 
'Skipping expensive test, test_l3bcde_reprocessing, because it passed recently'
test_hit_macropixel_product 
(integration.test_hit_processor_integration.HitProcessorIntegration.test_hit_macropixel_product) ... 2026-05-15 
11:20:07,052 - root - WARNING - Required schema 'UNITS' attribute not present for pitch_angle_label
2026-05-15 11:20:07,052 - root - WARNING - Required schema 'RECORD_VARYING' attribute not present for pitch_angle_label
2026-05-15 11:20:07,068 - root - WARNING - Required schema 'UNITS' attribute not present for gyrophase_label
2026-05-15 11:20:07,068 - root - WARNING - Required schema 'RECORD_VARYING' attribute not present for gyrophase_label
2026-05-15 11:20:07,083 - root - WARNING - Required schema 'UNITS' attribute not present for h_energy_label
2026-05-15 11:20:07,083 - root - WARNING - Required schema 'RECORD_VARYING' attribute not present for h_energy_label
2026-05-15 11:20:07,101 - root - WARNING - Required schema 'UNITS' attribute not present for he4_energy_label
2026-05-15 11:20:07,101 - root - WARNING - Required schema 'RECORD_VARYING' attribute not present for he4_energy_label
2026-05-15 11:20:07,116 - root - WARNING - Required schema 'UNITS' attribute not present for cno_energy_label
2026-05-15 11:20:07,116 - root - WARNING - Required schema 'RECORD_VARYING' attribute not present for cno_energy_label
2026-05-15 11:20:07,135 - root - WARNING - Required schema 'UNITS' attribute not present for nemgsi_energy_label
2026-05-15 11:20:07,135 - root - WARNING - Required schema 'RECORD_VARYING' attribute not present for 
nemgsi_energy_label
2026-05-15 11:20:07,152 - root - WARNING - Required schema 'UNITS' attribute not present for fe_energy_label
2026-05-15 11:20:07,152 - root - WARNING - Required schema 'RECORD_VARYING' attribute not present for fe_energy_label
2026-05-15 11:20:07,223 - root - WARNING - Required schema 'UNITS' attribute not present for azimuth_label
2026-05-15 11:20:07,223 - root - WARNING - Required schema 'RECORD_VARYING' attribute not present for azimuth_label
2026-05-15 11:20:07,245 - root - WARNING - Required schema 'UNITS' attribute not present for zenith_label
2026-05-15 11:20:07,245 - root - WARNING - Required schema 'RECORD_VARYING' attribute not present for zenith_label
ok
test_hi_all_sp_maps_single_sensor 
(integration.test_map_processor_integration.TestMapIntegration.test_hi_all_sp_maps_single_sensor) ... 2026-05-15 
11:20:07,665 - imap_l3_data_processor - INFO - maps to produce ['h45-ena-h-sf-sp-ram-hae-4deg-1yr', 
'h45-ena-h-hf-sp-full-hae-4deg-6mo', 'h45-ena-h-hf-sp-full-hae-4deg-6mo', 'h90-ena-h-hf-sp-full-hae-4deg-6mo', 
'h90-ena-h-hf-sp-full-hae-4deg-6mo', 'h45-ena-h-hf-sp-ram-hae-6deg-1yr']
2026-05-15 11:20:07,665 - imap_l3_data_processor - INFO - Processing map h45-ena-h-sf-sp-ram-hae-4deg-1yr, 2025-04-15 
00:00:00
2026-05-15 11:20:07,665 - imap_l3_processing.utils - INFO - Getting SPICE Metakernel from: 
https://api.imap-mission.com/metakernel, with params: {'spice_path': 
WindowsPath('C:/Users/Harrison/Development/imap_L3_processing/run_local_input_data/hi/integration_data/imap/spice'), 
'file_types': ['leapseconds', 'science_frames', 'pointing_attitude', 'spacecraft_clock', 'ephemeris_reconstructed', 
'ephemeris_predicted', 'planetary_ephemeris'], 'start_time': '797947200', 'end_time': '829504800'}
2026-05-15 11:20:07,669 - imap_l3_processing.utils - INFO - Metakernel API returned the following kernels: 
['naif020.tls', 'imap_science_108.tf', 'imap_sclk_008.tsc', 'imap_dps_2025_105_2026_105_009.ah.bc', 'de440.bsp', 
'imap_recon_20250415_20260415_v01.bsp']
2026-05-15 11:20:08,431 - root - WARNING - Required schema 'UNITS' attribute not present for energy_label
2026-05-15 11:20:08,431 - root - WARNING - Required schema 'RECORD_VARYING' attribute not present for energy_label
2026-05-15 11:20:09,015 - root - WARNING - Required schema 'UNITS' attribute not present for latitude_label
2026-05-15 11:20:09,015 - root - WARNING - Required schema 'RECORD_VARYING' attribute not present for latitude_label
2026-05-15 11:20:09,027 - root - WARNING - Required schema 'UNITS' attribute not present for longitude_label
2026-05-15 11:20:09,028 - root - WARNING - Required schema 'RECORD_VARYING' attribute not present for longitude_label
2026-05-15 11:20:09,047 - imap_l3_data_processor - INFO - Processing map h45-ena-h-hf-sp-full-hae-4deg-6mo, 2025-04-15 
00:00:00
2026-05-15 11:20:09,047 - imap_l3_processing.utils - INFO - Getting SPICE Metakernel from: 
https://api.imap-mission.com/metakernel, with params: {'spice_path': 
WindowsPath('C:/Users/Harrison/Development/imap_L3_processing/run_local_input_data/hi/integration_data/imap/spice'), 
'file_types': ['leapseconds', 'science_frames', 'pointing_attitude', 'spacecraft_clock', 'ephemeris_reconstructed', 
'ephemeris_predicted', 'planetary_ephemeris'], 'start_time': '797947200', 'end_time': '813726000'}
2026-05-15 11:20:09,051 - imap_l3_processing.utils - INFO - Metakernel API returned the following kernels: 
['naif020.tls', 'imap_science_108.tf', 'imap_sclk_008.tsc', 'imap_dps_2025_105_2026_105_009.ah.bc', 'de440.bsp', 
'imap_recon_20250415_20260415_v01.bsp']
2026-05-15 11:20:16,510 - root - WARNING - Required schema 'UNITS' attribute not present for energy_label
2026-05-15 11:20:16,510 - root - WARNING - Required schema 'RECORD_VARYING' attribute not present for energy_label
2026-05-15 11:20:16,872 - root - WARNING - Required schema 'UNITS' attribute not present for latitude_label
2026-05-15 11:20:16,873 - root - WARNING - Required schema 'RECORD_VARYING' attribute not present for latitude_label
2026-05-15 11:20:16,899 - root - WARNING - Required schema 'UNITS' attribute not present for longitude_label
2026-05-15 11:20:16,899 - root - WARNING - Required schema 'RECORD_VARYING' attribute not present for longitude_label
C:\Users\Harrison\Development\imap_L3_processing\.venv\Lib\site-packages\spacepy\pycdf\__init__.py:2101: CDFWarning: 
DID_NOT_COMPRESS: The CDF or variable values did not compress.
  self._call(const.CLOSE_, const.CDF_)
2026-05-15 11:20:16,924 - imap_l3_data_processor - INFO - Processing map h45-ena-h-hf-sp-full-hae-4deg-6mo, 2025-10-15 
00:00:00
2026-05-15 11:20:16,925 - imap_l3_processing.utils - INFO - Getting SPICE Metakernel from: 
https://api.imap-mission.com/metakernel, with params: {'spice_path': 
WindowsPath('C:/Users/Harrison/Development/imap_L3_processing/run_local_input_data/hi/integration_data/imap/spice'), 
'file_types': ['leapseconds', 'science_frames', 'pointing_attitude', 'spacecraft_clock', 'ephemeris_reconstructed', 
'ephemeris_predicted', 'planetary_ephemeris'], 'start_time': '813758400', 'end_time': '829537200'}
2026-05-15 11:20:16,932 - imap_l3_processing.utils - INFO - Metakernel API returned the following kernels: 
['naif020.tls', 'imap_science_108.tf', 'imap_sclk_008.tsc', 'imap_dps_2025_105_2026_105_009.ah.bc', 'de440.bsp', 
'imap_recon_20250415_20260415_v01.bsp']
2026-05-15 11:20:24,260 - root - WARNING - Required schema 'UNITS' attribute not present for energy_label
2026-05-15 11:20:24,262 - root - WARNING - Required schema 'RECORD_VARYING' attribute not present for energy_label
2026-05-15 11:20:24,530 - root - WARNING - Required schema 'UNITS' attribute not present for latitude_label
2026-05-15 11:20:24,530 - root - WARNING - Required schema 'RECORD_VARYING' attribute not present for latitude_label
2026-05-15 11:20:24,548 - root - WARNING - Required schema 'UNITS' attribute not present for longitude_label
2026-05-15 11:20:24,548 - root - WARNING - Required schema 'RECORD_VARYING' attribute not present for longitude_label
C:\Users\Harrison\Development\imap_L3_processing\.venv\Lib\site-packages\spacepy\pycdf\__init__.py:2101: CDFWarning: 
DID_NOT_COMPRESS: The CDF or variable values did not compress.
  self._call(const.CLOSE_, const.CDF_)
2026-05-15 11:20:24,581 - imap_l3_data_processor - INFO - Processing map h90-ena-h-hf-sp-full-hae-4deg-6mo, 2025-04-15 
00:00:00
2026-05-15 11:20:24,581 - imap_l3_processing.utils - INFO - Getting SPICE Metakernel from: 
https://api.imap-mission.com/metakernel, with params: {'spice_path': 
WindowsPath('C:/Users/Harrison/Development/imap_L3_processing/run_local_input_data/hi/integration_data/imap/spice'), 
'file_types': ['leapseconds', 'science_frames', 'pointing_attitude', 'spacecraft_clock', 'ephemeris_reconstructed', 
'ephemeris_predicted', 'planetary_ephemeris'], 'start_time': '797947200', 'end_time': '813726000'}
2026-05-15 11:20:24,588 - imap_l3_processing.utils - INFO - Metakernel API returned the following kernels: 
['naif020.tls', 'imap_science_108.tf', 'imap_sclk_008.tsc', 'imap_dps_2025_105_2026_105_009.ah.bc', 'de440.bsp', 
'imap_recon_20250415_20260415_v01.bsp']
2026-05-15 11:20:32,944 - root - WARNING - Required schema 'UNITS' attribute not present for energy_label
2026-05-15 11:20:32,944 - root - WARNING - Required schema 'RECORD_VARYING' attribute not present for energy_label
2026-05-15 11:20:33,336 - root - WARNING - Required schema 'UNITS' attribute not present for latitude_label
2026-05-15 11:20:33,337 - root - WARNING - Required schema 'RECORD_VARYING' attribute not present for latitude_label
2026-05-15 11:20:33,362 - root - WARNING - Required schema 'UNITS' attribute not present for longitude_label
2026-05-15 11:20:33,362 - root - WARNING - Required schema 'RECORD_VARYING' attribute not present for longitude_label
C:\Users\Harrison\Development\imap_L3_processing\.venv\Lib\site-packages\spacepy\pycdf\__init__.py:2101: CDFWarning: 
DID_NOT_COMPRESS: The CDF or variable values did not compress.
  self._call(const.CLOSE_, const.CDF_)
2026-05-15 11:20:33,403 - imap_l3_data_processor - INFO - Processing map h90-ena-h-hf-sp-full-hae-4deg-6mo, 2025-10-15 
00:00:00
2026-05-15 11:20:33,404 - imap_l3_processing.utils - INFO - Getting SPICE Metakernel from: 
https://api.imap-mission.com/metakernel, with params: {'spice_path': 
WindowsPath('C:/Users/Harrison/Development/imap_L3_processing/run_local_input_data/hi/integration_data/imap/spice'), 
'file_types': ['leapseconds', 'science_frames', 'pointing_attitude', 'spacecraft_clock', 'ephemeris_reconstructed', 
'ephemeris_predicted', 'planetary_ephemeris'], 'start_time': '813758400', 'end_time': '829537200'}
2026-05-15 11:20:33,411 - imap_l3_processing.utils - INFO - Metakernel API returned the following kernels: 
['naif020.tls', 'imap_science_108.tf', 'imap_sclk_008.tsc', 'imap_dps_2025_105_2026_105_009.ah.bc', 'de440.bsp', 
'imap_recon_20250415_20260415_v01.bsp']
2026-05-15 11:20:43,557 - root - WARNING - Required schema 'UNITS' attribute not present for energy_label
2026-05-15 11:20:43,557 - root - WARNING - Required schema 'RECORD_VARYING' attribute not present for energy_label
2026-05-15 11:20:43,902 - root - WARNING - Required schema 'UNITS' attribute not present for latitude_label
2026-05-15 11:20:43,902 - root - WARNING - Required schema 'RECORD_VARYING' attribute not present for latitude_label
2026-05-15 11:20:43,926 - root - WARNING - Required schema 'UNITS' attribute not present for longitude_label
2026-05-15 11:20:43,927 - root - WARNING - Required schema 'RECORD_VARYING' attribute not present for longitude_label
C:\Users\Harrison\Development\imap_L3_processing\.venv\Lib\site-packages\spacepy\pycdf\__init__.py:2101: CDFWarning: 
DID_NOT_COMPRESS: The CDF or variable values did not compress.
  self._call(const.CLOSE_, const.CDF_)
2026-05-15 11:20:43,967 - imap_l3_data_processor - INFO - Processing map h45-ena-h-hf-sp-ram-hae-6deg-1yr, 2025-04-15 
00:00:00
2026-05-15 11:20:43,968 - imap_l3_processing.utils - INFO - Getting SPICE Metakernel from: 
https://api.imap-mission.com/metakernel, with params: {'spice_path': 
WindowsPath('C:/Users/Harrison/Development/imap_L3_processing/run_local_input_data/hi/integration_data/imap/spice'), 
'file_types': ['leapseconds', 'science_frames', 'pointing_attitude', 'spacecraft_clock', 'ephemeris_reconstructed', 
'ephemeris_predicted', 'planetary_ephemeris'], 'start_time': '797947200', 'end_time': '829504800'}
2026-05-15 11:20:43,973 - imap_l3_processing.utils - INFO - Metakernel API returned the following kernels: 
['naif020.tls', 'imap_science_108.tf', 'imap_sclk_008.tsc', 'imap_dps_2025_105_2026_105_009.ah.bc', 'de440.bsp', 
'imap_recon_20250415_20260415_v01.bsp']
2026-05-15 11:20:45,894 - root - WARNING - Required schema 'UNITS' attribute not present for energy_label
2026-05-15 11:20:45,895 - root - WARNING - Required schema 'RECORD_VARYING' attribute not present for energy_label
2026-05-15 11:20:46,204 - root - WARNING - Required schema 'UNITS' attribute not present for latitude_label
2026-05-15 11:20:46,205 - root - WARNING - Required schema 'RECORD_VARYING' attribute not present for latitude_label
2026-05-15 11:20:46,231 - root - WARNING - Required schema 'UNITS' attribute not present for longitude_label
2026-05-15 11:20:46,232 - root - WARNING - Required schema 'RECORD_VARYING' attribute not present for longitude_label
ok
test_hi_combined_sensor (integration.test_map_processor_integration.TestMapIntegration.test_hi_combined_sensor) ... 
2026-05-15 11:20:46,465 - imap_l3_data_processor - INFO - maps to produce ['hic-ena-h-hf-nsp-full-hae-6deg-1yr', 
'hic-ena-h-hf-sp-full-hae-6deg-1yr']
2026-05-15 11:20:46,465 - imap_l3_data_processor - INFO - Processing map hic-ena-h-hf-nsp-full-hae-6deg-1yr, 
2025-04-15 00:00:00
2026-05-15 11:20:54,676 - root - WARNING - Required schema 'UNITS' attribute not present for energy_label
2026-05-15 11:20:54,676 - root - WARNING - Required schema 'RECORD_VARYING' attribute not present for energy_label
2026-05-15 11:20:55,157 - root - WARNING - Required schema 'UNITS' attribute not present for latitude_label
2026-05-15 11:20:55,157 - root - WARNING - Required schema 'RECORD_VARYING' attribute not present for latitude_label
2026-05-15 11:20:55,211 - root - WARNING - Required schema 'UNITS' attribute not present for longitude_label
2026-05-15 11:20:55,218 - root - WARNING - Required schema 'RECORD_VARYING' attribute not present for longitude_label
2026-05-15 11:20:55,369 - imap_l3_data_processor - INFO - Processing map hic-ena-h-hf-sp-full-hae-6deg-1yr, 2025-04-15 
00:00:00
2026-05-15 11:21:05,047 - root - WARNING - Required schema 'UNITS' attribute not present for energy_label
2026-05-15 11:21:05,048 - root - WARNING - Required schema 'RECORD_VARYING' attribute not present for energy_label
2026-05-15 11:21:05,433 - root - WARNING - Required schema 'UNITS' attribute not present for latitude_label
2026-05-15 11:21:05,433 - root - WARNING - Required schema 'RECORD_VARYING' attribute not present for latitude_label
2026-05-15 11:21:05,449 - root - WARNING - Required schema 'UNITS' attribute not present for longitude_label
2026-05-15 11:21:05,449 - root - WARNING - Required schema 'RECORD_VARYING' attribute not present for longitude_label
ok
test_lo_all_sp_maps (integration.test_map_processor_integration.TestMapIntegration.test_lo_all_sp_maps) ... 2026-05-15 
11:21:06,077 - imap_l3_data_processor - INFO - maps to produce ['l090-ena-h-sf-sp-ram-hae-6deg-1yr', 
'l090-ena-h-hf-sp-ram-hae-6deg-1yr']
2026-05-15 11:21:06,077 - imap_l3_data_processor - INFO - Processing map l090-ena-h-sf-sp-ram-hae-6deg-1yr, 2026-01-01 
00:00:00
2026-05-15 11:21:06,077 - imap_l3_processing.utils - INFO - Getting SPICE Metakernel from: 
https://api.imap-mission.com/metakernel, with params: {'spice_path': 
WindowsPath('C:/Users/Harrison/Development/imap_L3_processing/run_local_input_data/lo/integration_data/imap/spice'), 
'file_types': ['leapseconds', 'science_frames', 'pointing_attitude', 'spacecraft_clock', 'ephemeris_reconstructed', 
'ephemeris_predicted', 'planetary_ephemeris'], 'start_time': '820497600', 'end_time': '852055200'}
2026-05-15 11:21:06,085 - imap_l3_processing.utils - INFO - Metakernel API returned the following kernels: 
['naif020.tls', 'imap_science_108.tf', 'imap_sclk_008.tsc', 'imap_dps_2025_105_2026_105_009.ah.bc', 'de440.bsp', 
'imap_recon_20250415_20260415_v01.bsp']
2026-05-15 11:21:06,950 - root - WARNING - Required schema 'RECORD_VARYING' attribute not present for energy_label
2026-05-15 11:21:07,384 - root - WARNING - Required schema 'RECORD_VARYING' attribute not present for latitude_label
2026-05-15 11:21:07,412 - root - WARNING - Required schema 'RECORD_VARYING' attribute not present for longitude_label
2026-05-15 11:21:07,440 - imap_l3_data_processor - INFO - Processing map l090-ena-h-hf-sp-ram-hae-6deg-1yr, 2026-01-01 
00:00:00
2026-05-15 11:21:07,440 - imap_l3_processing.utils - INFO - Getting SPICE Metakernel from: 
https://api.imap-mission.com/metakernel, with params: {'spice_path': 
WindowsPath('C:/Users/Harrison/Development/imap_L3_processing/run_local_input_data/lo/integration_data/imap/spice'), 
'file_types': ['leapseconds', 'science_frames', 'pointing_attitude', 'spacecraft_clock', 'ephemeris_reconstructed', 
'ephemeris_predicted', 'planetary_ephemeris'], 'start_time': '820497600', 'end_time': '852055200'}
2026-05-15 11:21:07,449 - imap_l3_processing.utils - INFO - Metakernel API returned the following kernels: 
['naif020.tls', 'imap_science_108.tf', 'imap_sclk_008.tsc', 'imap_dps_2025_105_2026_105_009.ah.bc', 'de440.bsp', 
'imap_recon_20250415_20260415_v01.bsp']
2026-05-15 11:21:08,953 - root - WARNING - Required schema 'RECORD_VARYING' attribute not present for energy_label
2026-05-15 11:21:09,369 - root - WARNING - Required schema 'RECORD_VARYING' attribute not present for latitude_label
2026-05-15 11:21:09,401 - root - WARNING - Required schema 'RECORD_VARYING' attribute not present for longitude_label
ok
test_lo_isn_maps (integration.test_map_processor_integration.TestMapIntegration.test_lo_isn_maps) ... 2026-05-15 
11:21:09,536 - imap_data_access.io - INFO - The file C:\Users\Harrison\Development\imap_L3_processing\run_local_input_d
ata\lo\integration_data\imap\lo\l2\2025\04\imap_lo_l2_l090-enanbs-h-sf-nsp-ram-hae-6deg-1yr_20250415_v000.cdf already 
exists, skipping download
2026-05-15 11:21:10,067 - root - WARNING - Required schema 'RECORD_VARYING' attribute not present for energy_label
2026-05-15 11:21:10,171 - root - WARNING - Required schema 'RECORD_VARYING' attribute not present for latitude_label
2026-05-15 11:21:10,225 - root - WARNING - Required schema 'RECORD_VARYING' attribute not present for longitude_label
ok
test_lo_l3_multiple_arcs (integration.test_map_processor_integration.TestMapIntegration.test_lo_l3_multiple_arcs) ... 
2026-05-15 11:21:13,126 - imap_l3_data_processor - INFO - maps to produce ['l090-ena-h-sf-sp-ram-hae-6deg-1yr', 
'l090-ena-h-hf-sp-ram-hae-6deg-1yr']
2026-05-15 11:21:13,127 - imap_l3_data_processor - INFO - Processing map l090-ena-h-sf-sp-ram-hae-6deg-1yr, 2025-04-15 
00:00:00
2026-05-15 11:21:13,128 - imap_l3_processing.utils - INFO - Getting SPICE Metakernel from: 
https://api.imap-mission.com/metakernel, with params: {'spice_path': 
WindowsPath('C:/Users/Harrison/Development/imap_L3_processing/run_local_input_data/lo/integration_data/imap/spice'), 
'file_types': ['leapseconds', 'science_frames', 'pointing_attitude', 'spacecraft_clock', 'ephemeris_reconstructed', 
'ephemeris_predicted', 'planetary_ephemeris'], 'start_time': '797947200', 'end_time': '829504800'}
2026-05-15 11:21:13,137 - imap_l3_processing.utils - INFO - Metakernel API returned the following kernels: 
['naif020.tls', 'imap_science_108.tf', 'imap_sclk_008.tsc', 'imap_dps_2025_105_2026_105_009.ah.bc', 'de440.bsp', 
'imap_recon_20250415_20260415_v01.bsp']
2026-05-15 11:21:14,723 - root - WARNING - Required schema 'RECORD_VARYING' attribute not present for energy_label
2026-05-15 11:21:15,042 - root - WARNING - Required schema 'RECORD_VARYING' attribute not present for latitude_label
2026-05-15 11:21:15,071 - root - WARNING - Required schema 'RECORD_VARYING' attribute not present for longitude_label
2026-05-15 11:21:15,096 - imap_l3_data_processor - INFO - Processing map l090-ena-h-hf-sp-ram-hae-6deg-1yr, 2025-04-15 
00:00:00
2026-05-15 11:21:15,097 - imap_l3_processing.utils - INFO - Getting SPICE Metakernel from: 
https://api.imap-mission.com/metakernel, with params: {'spice_path': 
WindowsPath('C:/Users/Harrison/Development/imap_L3_processing/run_local_input_data/lo/integration_data/imap/spice'), 
'file_types': ['leapseconds', 'science_frames', 'pointing_attitude', 'spacecraft_clock', 'ephemeris_reconstructed', 
'ephemeris_predicted', 'planetary_ephemeris'], 'start_time': '797947200', 'end_time': '829504800'}
2026-05-15 11:21:15,108 - imap_l3_processing.utils - INFO - Metakernel API returned the following kernels: 
['naif020.tls', 'imap_science_108.tf', 'imap_sclk_008.tsc', 'imap_dps_2025_105_2026_105_009.ah.bc', 'de440.bsp', 
'imap_recon_20250415_20260415_v01.bsp']
2026-05-15 11:21:20,217 - root - WARNING - Required schema 'RECORD_VARYING' attribute not present for energy_label
2026-05-15 11:21:21,015 - root - WARNING - Required schema 'RECORD_VARYING' attribute not present for latitude_label
2026-05-15 11:21:21,045 - root - WARNING - Required schema 'RECORD_VARYING' attribute not present for longitude_label
ok
test_ultra_all_sp_maps (integration.test_map_processor_integration.TestMapIntegration.test_ultra_all_sp_maps) ... 
skipped 'Skipping expensive test, test_ultra_all_sp_maps, because it passed recently'
test_ultra_combined_nsp_maps 
(integration.test_map_processor_integration.TestMapIntegration.test_ultra_combined_nsp_maps) ... skipped 'Skipping 
expensive test, test_ultra_combined_nsp_maps, because it passed recently'
test_ultra_combined_sp_maps 
(integration.test_map_processor_integration.TestMapIntegration.test_ultra_combined_sp_maps) ... skipped 'Skipping 
expensive test, test_ultra_combined_sp_maps, because it passed recently'
test_alpha_sw_with_production_data 
(integration.test_swapi_processor_integration.SwapiProcessorIntegration.test_alpha_sw_with_production_data)
With real data and with full dependency setup, validate that the alpha-sw ... skipped 'requires production API key'
test_proton_sw_with_production_data 
(integration.test_swapi_processor_integration.SwapiProcessorIntegration.test_proton_sw_with_production_data)
With real data and with full dependency setup, validate that the CDF output ... skipped 'requires production API key'
test_swe_processor_with_local_data 
(integration.test_swe_processor_integration.SweProcessorIntegration.test_swe_processor_with_local_data) ... 2026-05-15 
11:21:35,389 - imap_data_access.io - INFO - The file C:\Users\Harrison\Development\imap_L3_processing\run_local_input_d
ata\swe_integration\imap\dependency\swe\l3\2026\01\imap_swe_l3_sci-e979d33c_20260120_v001.json already exists, 
skipping download
2026-05-15 11:21:35,392 - imap_data_access.io - INFO - The file 
C:\Users\Harrison\Development\imap_L3_processing\run_local_input_data\swe_integration\imap\spice\lsk\naif0012.tls 
already exists, skipping download
2026-05-15 11:21:35,399 - imap_data_access.io - INFO - The file 
C:\Users\Harrison\Development\imap_L3_processing\run_local_input_data\swe_integration\imap\spice\pck\pck00011.tpc 
already exists, skipping download
2026-05-15 11:21:35,484 - imap_data_access.io - INFO - The file 
C:\Users\Harrison\Development\imap_L3_processing\run_local_input_data\swe_integration\imap\spice\fk\imap_130.tf 
already exists, skipping download
2026-05-15 11:21:35,542 - imap_data_access.io - INFO - The file C:\Users\Harrison\Development\imap_L3_processing\run_lo
cal_input_data\swe_integration\imap\spice\fk\imap_science_120.tf already exists, skipping download
2026-05-15 11:21:35,573 - imap_data_access.io - INFO - The file C:\Users\Harrison\Development\imap_L3_processing\run_lo
cal_input_data\swe_integration\imap\spice\sclk\imap_sclk_0123.tsc already exists, skipping download
2026-05-15 11:21:35,586 - imap_data_access.io - INFO - The file 
C:\Users\Harrison\Development\imap_L3_processing\run_local_input_data\swe_integration\imap\spice\spk\de440.bsp already 
exists, skipping download
2026-05-15 11:21:35,590 - imap_data_access.io - INFO - The file C:\Users\Harrison\Development\imap_L3_processing\run_lo
cal_input_data\swe_integration\imap\spice\spk\imap_recon_20250925_20260217_v01.bsp already exists, skipping download
2026-05-15 11:21:35,591 - imap_data_access.io - INFO - The file C:\Users\Harrison\Development\imap_L3_processing\run_lo
cal_input_data\swe_integration\imap\spice\ck\imap_dps_2025_359_2026_058_002.ah.bc already exists, skipping download
2026-05-15 11:21:35,597 - imap_data_access.io - INFO - The file C:\Users\Harrison\Development\imap_L3_processing\run_lo
cal_input_data\swe_integration\imap\mag\l1d\2026\01\imap_mag_l1d_norm-dsrf_20260120_v002.cdf already exists, skipping 
download
2026-05-15 11:21:35,598 - imap_data_access.io - INFO - The file C:\Users\Harrison\Development\imap_L3_processing\run_lo
cal_input_data\swe_integration\imap\swe\l2\2026\01\imap_swe_l2_sci_20260120_v008.cdf already exists, skipping download
2026-05-15 11:21:35,599 - imap_data_access.io - INFO - The file C:\Users\Harrison\Development\imap_L3_processing\run_lo
cal_input_data\swe_integration\imap\swe\l1b\2026\01\imap_swe_l1b_sci_20260120_v008.cdf already exists, skipping 
download
2026-05-15 11:21:35,600 - imap_data_access.io - INFO - The file C:\Users\Harrison\Development\imap_L3_processing\run_lo
cal_input_data\swe_integration\imap\swapi\l3a\2026\01\imap_swapi_l3a_proton-sw_20260120_v003.cdf already exists, 
skipping download
2026-05-15 11:21:35,601 - imap_data_access.io - INFO - The file C:\Users\Harrison\Development\imap_L3_processing\run_lo
cal_input_data\swe_integration\imap\ancillary\swe\imap_swe_config_20251119_v002.json already exists, skipping download
C:\Users\Harrison\Development\imap_L3_processing\imap_l3_processing\swe\l3\science\pitch_calculations.py:178: 
RuntimeWarning: invalid value encountered in sqrt
  speed_meters_per_second = np.sqrt(energy * PROTON_CHARGE_COULOMBS * 2 / ELECTRON_MASS_KG)
C:\Users\Harrison\Development\imap_L3_processing\imap_l3_processing\pitch_angles.py:15: RuntimeWarning: invalid value 
encountered in divide
  return vector / norm
2026-05-15 11:22:02,264 - root - WARNING - Required schema 'UNITS' attribute not present for energy_label
2026-05-15 11:22:02,266 - root - WARNING - Required schema 'RECORD_VARYING' attribute not present for energy_label
2026-05-15 11:22:02,305 - root - WARNING - Required schema 'UNITS' attribute not present for pitch_angle_label
2026-05-15 11:22:02,305 - root - WARNING - Required schema 'RECORD_VARYING' attribute not present for pitch_angle_label
2026-05-15 11:22:02,342 - root - WARNING - Required schema 'UNITS' attribute not present for gyrophase_label
2026-05-15 11:22:02,343 - root - WARNING - Required schema 'RECORD_VARYING' attribute not present for gyrophase_label
2026-05-15 11:22:02,377 - root - WARNING - Required schema 'UNITS' attribute not present for rtn_label
2026-05-15 11:22:02,379 - root - WARNING - Required schema 'RECORD_VARYING' attribute not present for rtn_label
2026-05-15 11:22:02,414 - root - WARNING - Required schema 'UNITS' attribute not present for temperature_tensor_label
2026-05-15 11:22:02,415 - root - WARNING - Required schema 'RECORD_VARYING' attribute not present for 
temperature_tensor_label
2026-05-15 11:22:02,456 - root - WARNING - Required schema 'UNITS' attribute not present for inst_az_label
2026-05-15 11:22:02,456 - root - WARNING - Required schema 'RECORD_VARYING' attribute not present for inst_az_label
2026-05-15 11:22:02,487 - root - WARNING - Required schema 'UNITS' attribute not present for inst_el_label
2026-05-15 11:22:02,487 - root - WARNING - Required schema 'RECORD_VARYING' attribute not present for inst_el_label
C:\Users\Harrison\Development\imap_L3_processing\.venv\Lib\site-packages\spacepy\pycdf\__init__.py:2101: CDFWarning: 
DID_NOT_COMPRESS: The CDF or variable values did not compress.
  self._call(const.CLOSE_, const.CDF_)
ok
test_swe_processor_with_production_data 
(integration.test_swe_processor_integration.SweProcessorIntegration.test_swe_processor_with_production_data) ... 
skipped 'requires production API key'
test_fetch_dependencies (lo.l3.test_lo_l3_isn_background_subtracted_dependencies.TestLoL3ISNBackgroundSubtractedDepende
ncies.test_fetch_dependencies) ... ok
test_fetch_dependencies 
(lo.l3.test_lo_l3_spectral_fit_dependencies.TestLoL3SpectralFitDependencies.test_fetch_dependencies) ... ok
test_raises_error_if_unexpected_number_of_files (lo.l3.test_lo_l3_spectral_fit_dependencies.TestLoL3SpectralFitDependen
cies.test_raises_error_if_unexpected_number_of_files) ... ok
test_furnish_spice_dependencies (lo.l3.test_lo_sp_initializer.TestLoSPInitializer.test_furnish_spice_dependencies) ... 
ok
test_get_maps_that_should_be_produced 
(lo.l3.test_lo_sp_initializer.TestLoSPInitializer.test_get_maps_that_should_be_produced) ... ok
test_is_a_map_initializer (lo.l3.test_lo_sp_initializer.TestLoSPInitializer.test_is_a_map_initializer) ... ok
test_isn_background_subtraction (lo.test_lo_processor.TestLoProcessor.test_isn_background_subtraction) ... ok
test_process_spectral_index (lo.test_lo_processor.TestLoProcessor.test_process_spectral_index) ... ok
test_process_spectral_index_with_range_specified 
(lo.test_lo_processor.TestLoProcessor.test_process_spectral_index_with_range_specified) ... ok
test_process_survival_probabilities (lo.test_lo_processor.TestLoProcessor.test_process_survival_probabilities) ... ok
test_rejects_unimplemented_descriptors (lo.test_lo_processor.TestLoProcessor.test_rejects_unimplemented_descriptors) 
... ok
test_fetch_dependencies 
(maps.test_hilo_l3_survival_dependencies.TestHiLoL3SurvivalDependencies.test_fetch_dependencies) ... ok
test_fetch_single_sensor_full_spin_dependencies (maps.test_hilo_l3_survival_dependencies.TestHiLoL3SurvivalDependencies
.test_fetch_single_sensor_full_spin_dependencies) ... ok
test_calculate_weighted_sys_err (maps.test_map_combination.TestMapCombination.test_calculate_weighted_sys_err) ... ok
test_check_maps_match (maps.test_map_combination.TestMapCombination.test_check_maps_match) ... ok
test_combine_healpix_intensity_map_data_errors_if_coords_not_matching 
(maps.test_map_combination.TestMapCombination.test_combine_healpix_intensity_map_data_errors_if_coords_not_matching) 
... ok
test_combine_maps_does_a_time_weighted_average_of_intensity 
(maps.test_map_combination.TestMapCombination.test_combine_maps_does_a_time_weighted_average_of_intensity) ... ok
test_combine_maps_does_nothing_when_passed_a_single_map 
(maps.test_map_combination.TestMapCombination.test_combine_maps_does_nothing_when_passed_a_single_map) ... ok
test_combine_maps_handles_integer_obs_date 
(maps.test_map_combination.TestMapCombination.test_combine_maps_handles_integer_obs_date) ... 
C:\Users\Harrison\Development\imap_L3_processing\.venv\Lib\site-packages\numpy\ma\core.py:2892: UserWarning: Warning: 
converting a masked element to nan.
  _data = np.array(data, dtype=dtype, copy=copy,
ok
test_combine_maps_works_for_maps_with_no_background_data 
(maps.test_map_combination.TestMapCombination.test_combine_maps_works_for_maps_with_no_background_data) ... ok
test_combine_maps_works_when_passed_all_nan_arrays 
(maps.test_map_combination.TestMapCombination.test_combine_maps_works_when_passed_all_nan_arrays) ... ok
test_combine_rectangular_intensity_map_data_errors_if_coords_not_matching (maps.test_map_combination.TestMapCombination
.test_combine_rectangular_intensity_map_data_errors_if_coords_not_matching) ... ok
test_combine_unweighted_combination_strategy 
(maps.test_map_combination.TestMapCombination.test_combine_unweighted_combination_strategy) ... ok
test_uncertainty_weighted_combination 
(maps.test_map_combination.TestMapCombination.test_uncertainty_weighted_combination) ... ok
test_parse_map_descriptor (maps.test_map_descriptors.TestMapDescriptors.test_parse_map_descriptor) ... ok
test_calculate_datetime_weighted_average (maps.test_map_models.TestMapModels.test_calculate_datetime_weighted_average) 
... ok
test_fill_values_in_read_rectangular_intensity_map_data_from_cdf 
(maps.test_map_models.TestMapModels.test_fill_values_in_read_rectangular_intensity_map_data_from_cdf) ... ok
test_healpix_intensity_map_data_to_skymap 
(maps.test_map_models.TestMapModels.test_healpix_intensity_map_data_to_skymap) ... ok
test_healpix_intensity_to_data_product_variables 
(maps.test_map_models.TestMapModels.test_healpix_intensity_to_data_product_variables) ... ok
test_healpix_map_nside_property (maps.test_map_models.TestMapModels.test_healpix_map_nside_property) ... ok
test_healpix_spectral_index_map_data_to_skymap 
(maps.test_map_models.TestMapModels.test_healpix_spectral_index_map_data_to_skymap) ... ok
test_healpix_spectral_index_to_data_product_variables 
(maps.test_map_models.TestMapModels.test_healpix_spectral_index_to_data_product_variables) ... ok
test_isn_background_subtracted_to_data_product_variables 
(maps.test_map_models.TestMapModels.test_isn_background_subtracted_to_data_product_variables) ... ok
test_lo_isn_data_read_from_path (maps.test_map_models.TestMapModels.test_lo_isn_data_read_from_path) ... ok
test_read_intensity_data_handles_missing_obs_date 
(maps.test_map_models.TestMapModels.test_read_intensity_data_handles_missing_obs_date) ... ok
test_read_intensity_map_with_rectangular_cords_data_from_cdf 
(maps.test_map_models.TestMapModels.test_read_intensity_map_with_rectangular_cords_data_from_cdf) ... ok
test_rectangular_intensity_to_data_product_variables_no_bg 
(maps.test_map_models.TestMapModels.test_rectangular_intensity_to_data_product_variables_no_bg) ... ok
test_rectangular_intensity_to_data_product_variables_with_bg 
(maps.test_map_models.TestMapModels.test_rectangular_intensity_to_data_product_variables_with_bg) ... ok
test_rectangular_spectral_index_to_data_product_variables 
(maps.test_map_models.TestMapModels.test_rectangular_spectral_index_to_data_product_variables) ... ok
test_ultra_healpix_intensity_read_from_xarray 
(maps.test_map_models.TestMapModels.test_ultra_healpix_intensity_read_from_xarray) ... ok
test_ultra_l2_map_read_from_file (maps.test_map_models.TestMapModels.test_ultra_l2_map_read_from_file) ... ok
test_exposure_weighted_survivals_are_repeated_to_match_l1c_shape (maps.test_rectangular_survival_probability.TestRectan
gularSurvivalProbability.test_exposure_weighted_survivals_are_repeated_to_match_l1c_shape) ... ok
test_exposure_weighting_with_interpolated_survival_probabilities (maps.test_rectangular_survival_probability.TestRectan
gularSurvivalProbability.test_exposure_weighting_with_interpolated_survival_probabilities) ... ok
test_hi_cg_corrected_survival_probability_pointing_set (maps.test_rectangular_survival_probability.TestRectangularSurvi
valProbability.test_hi_cg_corrected_survival_probability_pointing_set) ... 
C:\Users\Harrison\Development\imap_L3_processing\.venv\Lib\site-packages\numpy\_core\numeric.py:442: RuntimeWarning: 
invalid value encountered in cast
  multiarray.copyto(res, fill_value, casting='unsafe')
ok
test_interpolate_angular_data_to_nearest_neighbor (maps.test_rectangular_survival_probability.TestRectangularSurvivalPr
obability.test_interpolate_angular_data_to_nearest_neighbor) ... ok
test_lo_cg_corrected_survival_probability_pointing_set (maps.test_rectangular_survival_probability.TestRectangularSurvi
valProbability.test_lo_cg_corrected_survival_probability_pointing_set) ... ok
test_survival_probability_map_construction (maps.test_rectangular_survival_probability.TestRectangularSurvivalProbabili
ty.test_survival_probability_map_construction) ... ok
test_survival_probability_pointing_set 
(maps.test_rectangular_survival_probability.TestRectangularSurvivalProbability.test_survival_probability_pointing_set) 
... ok
test_survival_probability_pointing_set_calls_parent_constructor (maps.test_rectangular_survival_probability.TestRectang
ularSurvivalProbability.test_survival_probability_pointing_set_calls_parent_constructor) ... ok
test_survival_probability_pointing_set_no_cg (maps.test_rectangular_survival_probability.TestRectangularSurvivalProbabi
lity.test_survival_probability_pointing_set_no_cg) ... ok
test_survival_probability_sky_map_returns_exposure_weighted_survival_probabilities (maps.test_rectangular_survival_prob
ability.TestRectangularSurvivalProbability.test_survival_probability_sky_map_returns_exposure_weighted_survival_probabi
lities) ... ok
test_survivals_matched_with_corresponding_exposures (maps.test_rectangular_survival_probability.TestRectangularSurvival
Probability.test_survivals_matched_with_corresponding_exposures) ... ok
test_survivals_matched_with_corresponding_exposures_cg_corrected (maps.test_rectangular_survival_probability.TestRectan
gularSurvivalProbability.test_survivals_matched_with_corresponding_exposures_cg_corrected) ... 
C:\Users\Harrison\Development\imap_L3_processing\.venv\Lib\site-packages\numpy\_core\numeric.py:442: RuntimeWarning: 
invalid value encountered in cast
  multiarray.copyto(res, fill_value, casting='unsafe')
ok
test_uses_default_survival_probability_of_one_when_glows_is_none (maps.test_rectangular_survival_probability.TestRectan
gularSurvivalProbability.test_uses_default_survival_probability_of_one_when_glows_is_none) ... ok
test_finds_best_fit (maps.test_spectral_fit.TestSpectralFit.test_finds_best_fit) ... ok
test_finds_best_fit_with_ibex_data (maps.test_spectral_fit.TestSpectralFit.test_finds_best_fit_with_ibex_data) ... ok
test_finds_best_fit_with_nan_in_flux (maps.test_spectral_fit.TestSpectralFit.test_finds_best_fit_with_nan_in_flux) ... 
ok
test_finds_best_fit_with_nan_in_uncertainty 
(maps.test_spectral_fit.TestSpectralFit.test_finds_best_fit_with_nan_in_uncertainty) ... ok
test_finds_best_fit_with_zero_in_flux_and_uncertainty 
(maps.test_spectral_fit.TestSpectralFit.test_finds_best_fit_with_zero_in_flux_and_uncertainty) ... ok
test_finds_best_fit_with_zeros_in_flux_and_not_uncertainty 
(maps.test_spectral_fit.TestSpectralFit.test_finds_best_fit_with_zeros_in_flux_and_not_uncertainty) ... ok
test_finds_chi_squared_for_fit (maps.test_spectral_fit.TestSpectralFit.test_finds_chi_squared_for_fit) ... ok
test_handles_small_fluxes (maps.test_spectral_fit.TestSpectralFit.test_handles_small_fluxes) ... ok
test_passes_initial_guess_to_mpfit_based_on_linear_fit_in_log_space 
(maps.test_spectral_fit.TestSpectralFit.test_passes_initial_guess_to_mpfit_based_on_linear_fit_in_log_space) ... ok
test_power_law_function (maps.test_spectral_fit.TestSpectralFit.test_power_law_function) ... ok
test_returns_nan_when_only_one_point_is_valid 
(maps.test_spectral_fit.TestSpectralFit.test_returns_nan_when_only_one_point_is_valid) ... ok
test_returns_nan_when_there_are_less_than_2_positive_fluxes 
(maps.test_spectral_fit.TestSpectralFit.test_returns_nan_when_there_are_less_than_2_positive_fluxes) ... ok
test_slice_energy_range_by_bin (maps.test_spectral_fit.TestSpectralFit.test_slice_energy_range_by_bin) ... ok
test_slice_energy_range_by_bin_raises_error 
(maps.test_spectral_fit.TestSpectralFit.test_slice_energy_range_by_bin_raises_error) ... ok
test_spectral_fit_against_validation_data 
(maps.test_spectral_fit.TestSpectralFit.test_spectral_fit_against_validation_data) ... ok
test_spectral_fit_can_fit_multiple_energy_ranges 
(maps.test_spectral_fit.TestSpectralFit.test_spectral_fit_can_fit_multiple_energy_ranges) ... ok
test_spectral_fit_fields_other_than_fit_fields 
(maps.test_spectral_fit.TestSpectralFit.test_spectral_fit_fields_other_than_fit_fields) ... ok
test_spectral_fit_map (maps.test_spectral_fit.TestSpectralFit.test_spectral_fit_map) ... ok
test_spectral_fit_map_negative_gammas (maps.test_spectral_fit.TestSpectralFit.test_spectral_fit_map_negative_gammas) 
... ok
test_spectral_fit_returns_nan_if_fit_status_is_not_positive_or_equal_to_five 
(maps.test_spectral_fit.TestSpectralFit.test_spectral_fit_returns_nan_if_fit_status_is_not_positive_or_equal_to_five) 
... ok
test_integration_uses_fill_values_for_missing_l3e_data (maps.test_survival_probability_processing.TestSurvivalProbabili
tyProcessing.test_integration_uses_fill_values_for_missing_l3e_data) ... ok
test_process_survival_probability 
(maps.test_survival_probability_processing.TestSurvivalProbabilityProcessing.test_process_survival_probability) ... ok
test_delta_v_column_matches_finite_difference (swapi.l3a.science.solar_wind.alpha.test_calculate_alpha_solar_wind_momen
ts.TestAlphaEvaluatorAnalyticJacobianMatchesFiniteDifference.test_delta_v_column_matches_finite_difference)
The analytic \u2202residuals/\u2202(\u0394v) column matches central differences within 5% ù derived from the 5-D 
forward-model Jacobian projected onto B\u0302, inherits the same boundary-term residual. ... ok
test_jacobian_shape_is_n_residuals_by_three (swapi.l3a.science.solar_wind.alpha.test_calculate_alpha_solar_wind_moments
.TestAlphaEvaluatorAnalyticJacobianMatchesFiniteDifference.test_jacobian_shape_is_n_residuals_by_three)
The analytic Jacobian has shape (N_residuals, 3) ù one row per measurement bin, one column per fit parameter (log 
n_\u03b1, log T_\u03b1, \u0394v). ... ok
test_log_density_column_equals_alpha_only_rate_times_deadtime_squared (swapi.l3a.science.solar_wind.alpha.test_calculat
e_alpha_solar_wind_moments.TestAlphaEvaluatorAnalyticJacobianMatchesFiniteDifference.test_log_density_column_equals_alp
ha_only_rate_times_deadtime_squared)
Because the rate is linear in n_\u03b1, the analytic \u2202(observable)/\u2202(log n_\u03b1) column equals 
\U0001d49f▓(R_total) ╖ R_\u03b1 exactly with no quadrature slack ù an identity check independent of finite-difference 
noise. ... ok
test_log_temperature_column_matches_finite_difference (swapi.l3a.science.solar_wind.alpha.test_calculate_alpha_solar_wi
nd_moments.TestAlphaEvaluatorAnalyticJacobianMatchesFiniteDifference.test_log_temperature_column_matches_finite_differe
nce)
The analytic \u2202residuals/\u2202(log T_\u03b1) column matches central differences within 5% ù the threshold matches 
the proton forward-model Jacobian tolerance. ... ok
test_residuals_at_different_states_each_trigger_forward_model_call (swapi.l3a.science.solar_wind.alpha.test_calculate_a
lpha_solar_wind_moments.TestAlphaEvaluatorCachesEvaluation.test_residuals_at_different_states_each_trigger_forward_mode
l_call)
Calling residuals at two distinct states triggers two forward-model calls ù the cache is keyed on the exact state 
vector. ... ok
test_residuals_then_jacobian_at_same_state_share_one_forward_model_call (swapi.l3a.science.solar_wind.alpha.test_calcul
ate_alpha_solar_wind_moments.TestAlphaEvaluatorCachesEvaluation.test_residuals_then_jacobian_at_same_state_share_one_fo
rward_model_call)
Calling residuals(x) and then jacobian(x) at the same x triggers exactly one underlying forward-model call ù the 
second call hits the cache. ... ok
test_bulk_velocity_rtn_covariance_is_three_by_three (swapi.l3a.science.solar_wind.alpha.test_calculate_alpha_solar_wind
_moments.TestAlphaSolarWindMomentsAccessors.test_bulk_velocity_rtn_covariance_is_three_by_three)
The covariance accessor returns a 3╫3 matrix matching the RTN velocity dimensionality. ... ok
test_bulk_velocity_rtn_covariance_matches_input_covariance (swapi.l3a.science.solar_wind.alpha.test_calculate_alpha_sol
ar_wind_moments.TestAlphaSolarWindMomentsAccessors.test_bulk_velocity_rtn_covariance_matches_input_covariance)
The covariance accessor round-trips: a UFloat triple built from a known PSD covariance returns that same matrix to 
machine precision. ... ok
test_bulk_velocity_rtn_nominal_returns_per_component_nominals (swapi.l3a.science.solar_wind.alpha.test_calculate_alpha_
solar_wind_moments.TestAlphaSolarWindMomentsAccessors.test_bulk_velocity_rtn_nominal_returns_per_component_nominals)
The nominal-vector accessor returns the per-component nominal_values as a length-3 ndarray. ... ok
test_alpha_velocity_minus_proton_velocity_is_parallel_to_bhat (swapi.l3a.science.solar_wind.alpha.test_calculate_alpha_
solar_wind_moments.TestFitAlphaMomentsAlphaVelocityFollowsBHat.test_alpha_velocity_minus_proton_velocity_is_parallel_to
_bhat)
For a tilted B\u0302, the recovered (v_\u03b1 \u2212 v_p) lies along ▒B\u0302 ù equivalently, the cross product 
(v_\u03b1 \u2212 v_p) ╫ B\u0302 is zero up to numerical noise. ... ok
test_alpha_velocity_recovers_truth_under_tilted_bhat (swapi.l3a.science.solar_wind.alpha.test_calculate_alpha_solar_win
d_moments.TestFitAlphaMomentsAlphaVelocityFollowsBHat.test_alpha_velocity_recovers_truth_under_tilted_bhat)
With a 10░ tilted B\u0302, the recovered alpha velocity matches the synthesis truth vector to ~1 km/s. ... ok
test_recovered_delta_v_matches_dot_product_of_velocity_offset (swapi.l3a.science.solar_wind.alpha.test_calculate_alpha_
solar_wind_moments.TestFitAlphaMomentsAlphaVelocityFollowsBHat.test_recovered_delta_v_matches_dot_product_of_velocity_o
ffset)
The stored `delta_v` equals (v_\u03b1 \u2212 v_p)╖B\u0302 since B\u0302 is unit-normed ù the scalar matches the 
projection of the vector offset onto the field. ... ok
test_alpha_and_proton_effective_area_scales_are_distinct_values (swapi.l3a.science.solar_wind.alpha.test_calculate_alph
a_solar_wind_moments.TestFitAlphaMomentsContextConstruction.test_alpha_and_proton_effective_area_scales_are_distinct_va
lues)
The two species use different EA scales ù guards against a regression that wires both contexts to the same scalar. ... 
ok
test_alpha_context_uses_alpha_effective_area_scale (swapi.l3a.science.solar_wind.alpha.test_calculate_alpha_solar_wind_
moments.TestFitAlphaMomentsContextConstruction.test_alpha_context_uses_alpha_effective_area_scale)
The alpha-bump context receives the caller-supplied alpha EA scale (which folds A_\u03b1/A_p species correction and 
alpha time drift into one ratio) on `central_effective_area_scale`. ... ok
test_alpha_context_uses_alpha_mass_kg (swapi.l3a.science.solar_wind.alpha.test_calculate_alpha_solar_wind_moments.TestF
itAlphaMomentsContextConstruction.test_alpha_context_uses_alpha_mass_kg)
The alpha-bump context receives `ALPHA_PARTICLE_MASS_KG` so the Maxwellian thermal-speed scale matches the alpha 
species. ... ok
test_alpha_context_uses_alpha_mass_per_charge (swapi.l3a.science.solar_wind.alpha.test_calculate_alpha_solar_wind_momen
ts.TestFitAlphaMomentsContextConstruction.test_alpha_context_uses_alpha_mass_per_charge)
The alpha-bump context receives `ALPHA_MASS_PER_CHARGE_M_P_PER_E` (\u22482), guarding against a regression that reuses 
the proton 1.0. ... ok
test_proton_context_uses_proton_effective_area_scale (swapi.l3a.science.solar_wind.alpha.test_calculate_alpha_solar_win
d_moments.TestFitAlphaMomentsContextConstruction.test_proton_context_uses_proton_effective_area_scale)
The proton-background context receives the caller-supplied proton EA scale on `central_effective_area_scale`. ... ok
test_proton_context_uses_proton_mass_kg (swapi.l3a.science.solar_wind.alpha.test_calculate_alpha_solar_wind_moments.Tes
tFitAlphaMomentsContextConstruction.test_proton_context_uses_proton_mass_kg)
The proton-background context receives `PROTON_MASS_KG` so the Maxwellian thermal-speed scale matches the proton 
species. ... ok
test_proton_context_uses_proton_mass_per_charge (swapi.l3a.science.solar_wind.alpha.test_calculate_alpha_solar_wind_mom
ents.TestFitAlphaMomentsContextConstruction.test_proton_context_uses_proton_mass_per_charge)
The proton-background context receives `PROTON_MASS_PER_CHARGE_M_P_PER_E`, so its speed\u2192voltage mapping matches 
the proton species. ... ok
test_two_contexts_are_built (swapi.l3a.science.solar_wind.alpha.test_calculate_alpha_solar_wind_moments.TestFitAlphaMom
entsContextConstruction.test_two_contexts_are_built)
The fitter constructs exactly one context for the frozen proton background and one for the alpha bump. ... ok
test_fetches_geometry_from_measurement_time_when_rotation_matrices_omitted (swapi.l3a.science.solar_wind.alpha.test_cal
culate_alpha_solar_wind_moments.TestFitAlphaMomentsGeometryFallback.test_fetches_geometry_from_measurement_time_when_ro
tation_matrices_omitted)
Calling the fitter without `rotation_matrices` triggers `get_swapi_geometry(measurement_time)` and reaches the 
initial-guess step rather than crashing on missing geometry. ... ok
test_mag_gap_propagates_proton_flag_with_no_dedicated_bit (swapi.l3a.science.solar_wind.alpha.test_calculate_alpha_sola
r_wind_moments.TestFitAlphaMomentsGuardBranches.test_mag_gap_propagates_proton_flag_with_no_dedicated_bit)
A NaN component in `magnetic_field_direction` is treated as an ordinary data gap: the fitter short-circuits and 
propagates the proton's flag unchanged with no dedicated MAG-gap bit added. ... ok
test_nan_magnetic_field_direction_returns_nan_filled_moments (swapi.l3a.science.solar_wind.alpha.test_calculate_alpha_s
olar_wind_moments.TestFitAlphaMomentsGuardBranches.test_nan_magnetic_field_direction_returns_nan_filled_moments)
A NaN B\u0302 short-circuits before any forward-model call and every moment field is filled with NaN, mirroring the 
Stage-1-failure guard. ... ok
test_proton_fill_values_propagate_proton_flag_to_alpha (swapi.l3a.science.solar_wind.alpha.test_calculate_alpha_solar_w
ind_moments.TestFitAlphaMomentsGuardBranches.test_proton_fill_values_propagate_proton_flag_to_alpha)
When the Stage-1 proton fit returned NaN moments (fill values), the alpha result inherits the proton's `bad_fit_flag` 
unchanged ù no separate alpha-side flag is added for "stage 1 failed". ... ok
test_proton_fill_values_return_nan_filled_alpha_moments (swapi.l3a.science.solar_wind.alpha.test_calculate_alpha_solar_
wind_moments.TestFitAlphaMomentsGuardBranches.test_proton_fill_values_return_nan_filled_alpha_moments)
When the Stage-1 proton fit returned NaN moments, every alpha moment field is filled with NaN so downstream consumers 
can distinguish "no fit attempted" from "fit succeeded with degenerate values". ... ok
test_no_positive_residual_at_peak_returns_fit_error (swapi.l3a.science.solar_wind.alpha.test_calculate_alpha_solar_wind
_moments.TestFitAlphaMomentsInitialGuessFailures.test_no_positive_residual_at_peak_returns_fit_error)
When the residual `count_avg \u2212 2╖proton_bg_avg` has no positive entry inside the peak window (e.g. count_rate=0 
everywhere), `_alpha_initial_guess` returns `None`. ... ok
test_non_monotonic_voltage_raises_in_peak_finder_and_returns_fit_error (swapi.l3a.science.solar_wind.alpha.test_calcula
te_alpha_solar_wind_moments.TestFitAlphaMomentsInitialGuessFailures.test_non_monotonic_voltage_raises_in_peak_finder_an
d_returns_fit_error)
A non-monotonic per-sweep voltage axis violates `get_alpha_peak_indices`'s decreasing-energies assertion; the 
`try/except Exception` in `_alpha_initial_guess` catches it and the fitter returns `FIT_ERROR`. ... ok
test_non_positive_unit_alpha_denominator_returns_fit_error (swapi.l3a.science.solar_wind.alpha.test_calculate_alpha_sol
ar_wind_moments.TestFitAlphaMomentsInitialGuessFailures.test_non_positive_unit_alpha_denominator_returns_fit_error)
When the unit-density alpha forward model evaluates to ~0 at every peak bin (peak slice placed in the highest-voltage 
bins, far above the alpha resonance), `denom <= 0` and `_alpha_initial_guess` returns `None`. ... ok
test_one_dimensional_inputs_short_circuit_to_fit_error (swapi.l3a.science.solar_wind.alpha.test_calculate_alpha_solar_w
ind_moments.TestFitAlphaMomentsInitialGuessFailures.test_one_dimensional_inputs_short_circuit_to_fit_error)
`_alpha_initial_guess` requires a 2D (n_sweeps, n_bins) count_rate; a 1D input falls through the ndim guard and the 
fitter reports `FIT_ERROR`. ... ok
test_short_peak_window_returns_fit_error (swapi.l3a.science.solar_wind.alpha.test_calculate_alpha_solar_wind_moments.Te
stFitAlphaMomentsInitialGuessFailures.test_short_peak_window_returns_fit_error)
When `get_alpha_peak_indices` returns a slice with fewer than 3 bins, `_alpha_initial_guess` returns `None` and the 
fitter reports `FIT_ERROR`. ... ok
test_fit_error_flag_set_when_least_squares_does_not_converge (swapi.l3a.science.solar_wind.alpha.test_calculate_alpha_s
olar_wind_moments.TestFitAlphaMomentsLMFailureFlag.test_fit_error_flag_set_when_least_squares_does_not_converge)
A non-converged LM result triggers the fit-quality guard: density and the other moments are NaN-filled and `FIT_ERROR` 
is reported alone. ... ok
test_least_squares_receives_jac_callable_and_no_diff_step (swapi.l3a.science.solar_wind.alpha.test_calculate_alpha_sola
r_wind_moments.TestFitAlphaMomentsPassesAnalyticJacobianToLM.test_least_squares_receives_jac_callable_and_no_diff_step)
LM is called with a `jac` callable (the evaluator's analytic Jacobian) and without `diff_step` ù finite-difference 
Jacobian estimation is no longer needed. ... ok
test_fit_completes_when_some_peak_bins_are_zeroed (swapi.l3a.science.solar_wind.alpha.test_calculate_alpha_solar_wind_m
oments.TestFitAlphaMomentsPeakBinFiltering.test_fit_completes_when_some_peak_bins_are_zeroed)
Zeroing one peak-region bin per sweep does not crash the fitter and still flags NONE ù the zeroed bins are filtered 
out of the LM residual axis before deadtime correction runs on them. ... ok
test_recovers_alpha_density_within_loose_bound_after_zeroing (swapi.l3a.science.solar_wind.alpha.test_calculate_alpha_s
olar_wind_moments.TestFitAlphaMomentsPeakBinFiltering.test_recovers_alpha_density_within_loose_bound_after_zeroing)
Density recovery is within ~10% of truth after losing one bin per sweep ù the residual peak still carries most of the 
alpha signal. ... ok
test_alpha_velocity_equals_proton_velocity_plus_delta_v_along_bhat (swapi.l3a.science.solar_wind.alpha.test_calculate_a
lpha_solar_wind_moments.TestFitAlphaMomentsRecoversTruth.test_alpha_velocity_equals_proton_velocity_plus_delta_v_along_
bhat)
The post-fit `bulk_velocity_rtn` satisfies the algebraic identity v_\u03b1 = v_p* + \u0394v╖B\u0302 exactly (not 
approximately) ù the dataclass stores the constraint, not a free vector. ... ok
test_alpha_velocity_recovers_truth (swapi.l3a.science.solar_wind.alpha.test_calculate_alpha_solar_wind_moments.TestFitA
lphaMomentsRecoversTruth.test_alpha_velocity_recovers_truth)
The recovered alpha velocity vector matches the synthesis truth (\u2248480 km/s) within ~1 km/s ù combines \u0394v 
recovery + field-aligned constraint. ... ok
test_fit_succeeds_with_no_quality_flags (swapi.l3a.science.solar_wind.alpha.test_calculate_alpha_solar_wind_moments.Tes
tFitAlphaMomentsRecoversTruth.test_fit_succeeds_with_no_quality_flags)
A clean synthetic spectrum + exact proton moments must yield `bad_fit_flag == NONE` ù no LM convergence issues, no 
missing inputs. ... ok
test_recovers_alpha_density (swapi.l3a.science.solar_wind.alpha.test_calculate_alpha_solar_wind_moments.TestFitAlphaMom
entsRecoversTruth.test_recovers_alpha_density)
The fitted alpha density matches the synthesis truth to ~1% (LM termination + deadtime rounding). ... ok
test_recovers_alpha_temperature (swapi.l3a.science.solar_wind.alpha.test_calculate_alpha_solar_wind_moments.TestFitAlph
aMomentsRecoversTruth.test_recovers_alpha_temperature)
The fitted alpha temperature matches the synthesis truth to ~1%. ... ok
test_recovers_signed_delta_v (swapi.l3a.science.solar_wind.alpha.test_calculate_alpha_solar_wind_moments.TestFitAlphaMo
mentsRecoversTruth.test_recovers_signed_delta_v)
The fitted \u0394v matches the truth in magnitude and sign ù LM recovers the correct basin from the \u0394v=0 seed. 
... ok
test_handles_negative_voltage 
(swapi.l3a.science.solar_wind.alpha.test_utils.TestEsaVoltageToAlphaSpeed.test_handles_negative_voltage)
A negative ESA voltage yields the same alpha speed as its positive counterpart, since the conversion depends on 
magnitude. ... ok
test_matches_analytical_formula 
(swapi.l3a.science.solar_wind.alpha.test_utils.TestEsaVoltageToAlphaSpeed.test_matches_analytical_formula)
A sweep of representative ESA voltages reproduces the closed-form `sqrt(2 K q V / m)` alpha speed to machine 
precision. ... ok
test_raises_when_proton_peak_at_high_energy_edge (swapi.l3a.science.solar_wind.alpha.test_utils.TestGetAlphaPeakIndices
.test_raises_when_proton_peak_at_high_energy_edge)
When the proton peak is at index 0 there are no higher-energy bins for the alpha bump to occupy, and the function 
raises rather than returning a degenerate slice. ... ok
test_raises_when_residuals_are_monotonic_in_high_energy_region (swapi.l3a.science.solar_wind.alpha.test_utils.TestGetAl
phaPeakIndices.test_raises_when_residuals_are_monotonic_in_high_energy_region)
Residuals that increase monotonically with energy have no local maximum above the proton peak, so the function raises 
instead of locating a fake bump. ... ok
test_rejects_ascending_energy_grid 
(swapi.l3a.science.solar_wind.alpha.test_utils.TestGetAlphaPeakIndices.test_rejects_ascending_energy_grid)
An L1B-style ascending energy axis violates the SWAPI calling convention and is rejected at the top of the function 
with an AssertionError. ... ok
test_returns_slice_containing_alpha_peak 
(swapi.l3a.science.solar_wind.alpha.test_utils.TestGetAlphaPeakIndices.test_returns_slice_containing_alpha_peak)
Given a clean Gaussian alpha bump above the proton peak, the returned slice brackets the bump's center index. ... ok
test_slice_low_index_edge_sits_at_4x_proton_energy (swapi.l3a.science.solar_wind.alpha.test_utils.TestGetAlphaPeakIndic
es.test_slice_low_index_edge_sits_at_4x_proton_energy)
The slice's low-index (high-energy) edge is anchored to the first bin at or below 4x the proton-peak energy, with the 
bin one index lower exceeding that cap. ... ok
test_returns_lm1_unchanged_when_flipped_seed_exactly_at_gate (swapi.l3a.science.solar_wind.proton.test_basin_hopping.Te
stEscapeLocalMinimum.test_returns_lm1_unchanged_when_flipped_seed_exactly_at_gate)
A flipped seed whose MSE exactly equals the gate threshold also short-circuits, because the gate comparison is `>=` 
rather than strictly greater than. ... ok
test_returns_lm1_unchanged_when_flipped_seed_far_worse (swapi.l3a.science.solar_wind.proton.test_basin_hopping.TestEsca
peLocalMinimum.test_returns_lm1_unchanged_when_flipped_seed_far_worse)
A flipped seed whose MSE is well past the threshold▓╫current gate bails out immediately, leaving LM-1 as the returned 
result without ever invoking the LM-2 optimizer. ... ok
test_returns_lm1_when_lm2_mse_is_higher 
(swapi.l3a.science.solar_wind.proton.test_basin_hopping.TestEscapeLocalMinimum.test_returns_lm1_when_lm2_mse_is_higher)
When LM-2 clears the cheap gate but converges to a higher MSE than LM-1, the function rejects the flipped basin and 
returns the original LM-1 result. ... ok
test_returns_lm2_when_lm2_mse_is_lower 
(swapi.l3a.science.solar_wind.proton.test_basin_hopping.TestEscapeLocalMinimum.test_returns_lm2_when_lm2_mse_is_lower)
When the flipped seed clears the cheap gate and LM-2 converges to a strictly lower MSE than LM-1, the function adopts 
the LM-2 result and continues iterating until the next gate check bails out. ... ok
test_runs_at_most_max_basin_refine_iters_lm2_calls (swapi.l3a.science.solar_wind.proton.test_basin_hopping.TestEscapeLo
calMinimum.test_runs_at_most_max_basin_refine_iters_lm2_calls)
Feeding a strictly-decreasing MSE chain that would otherwise accept indefinitely confirms the loop is hard-bounded at 
`_MAX_BASIN_REFINE_ITERS` LM-2 calls and returns the result accepted in the final allowed iteration. ... ok
test_bad_fit_flag_is_none_on_successful_convergence (swapi.l3a.science.solar_wind.proton.test_fit_model.TestFitSolarWin
dProtonModelEndToEnd.test_bad_fit_flag_is_none_on_successful_convergence)
A clean LM convergence on noise-free data leaves the bad-fit flag cleared (`SwapiL3Flags.NONE`). ... ok
test_recovers_bulk_velocity_components (swapi.l3a.science.solar_wind.proton.test_fit_model.TestFitSolarWindProtonModelE
ndToEnd.test_recovers_bulk_velocity_components)
Fitting noise-free synthesized rates recovers all three RTN bulk-velocity components within 1 km/s. ... ok
test_recovers_density 
(swapi.l3a.science.solar_wind.proton.test_fit_model.TestFitSolarWindProtonModelEndToEnd.test_recovers_density)
Fitting noise-free synthesized rates recovers the truth density within 1%. ... ok
test_recovers_temperature 
(swapi.l3a.science.solar_wind.proton.test_fit_model.TestFitSolarWindProtonModelEndToEnd.test_recovers_temperature)
Fitting noise-free synthesized rates recovers the truth temperature within 1%. ... ok
test_construct_fit_result_uses_post_basin_hopping_result (swapi.l3a.science.solar_wind.proton.test_fit_model.TestPipeli
neOrder.test_construct_fit_result_uses_post_basin_hopping_result)
When basin hopping returns a result distinct from LM-1, the final fit result carries the post-basin parameters. ... ok
test_bulk_velocity_rtn_covariance_is_positive_semidefinite (swapi.l3a.science.solar_wind.proton.test_fit_model.TestProt
onSolarWindFitResultPublicAPI.test_bulk_velocity_rtn_covariance_is_positive_semidefinite)
The returned velocity covariance matrix is positive semidefinite (all eigenvalues non-negative). ... ok
test_bulk_velocity_rtn_covariance_is_symmetric (swapi.l3a.science.solar_wind.proton.test_fit_model.TestProtonSolarWindF
itResultPublicAPI.test_bulk_velocity_rtn_covariance_is_symmetric)
The returned velocity covariance matrix is symmetric to numerical tolerance. ... ok
test_bulk_velocity_rtn_covariance_is_three_by_three (swapi.l3a.science.solar_wind.proton.test_fit_model.TestProtonSolar
WindFitResultPublicAPI.test_bulk_velocity_rtn_covariance_is_three_by_three)
The covariance accessor returns a 3x3 matrix matching the RTN component count. ... ok
test_bulk_velocity_rtn_nominal_is_three_component_vector (swapi.l3a.science.solar_wind.proton.test_fit_model.TestProton
SolarWindFitResultPublicAPI.test_bulk_velocity_rtn_nominal_is_three_component_vector)
The nominal-velocity accessor returns a length-3 RTN vector. ... ok
test_bulk_velocity_rtn_nominal_matches_per_component_nominal_values (swapi.l3a.science.solar_wind.proton.test_fit_model
.TestProtonSolarWindFitResultPublicAPI.test_bulk_velocity_rtn_nominal_matches_per_component_nominal_values)
The nominal-velocity vector matches the per-component `.nominal_value` of the stored UFloat triple. ... ok
test_covariance_diagonal_matches_per_component_variance (swapi.l3a.science.solar_wind.proton.test_fit_model.TestProtonS
olarWindFitResultPublicAPI.test_covariance_diagonal_matches_per_component_variance)
Each diagonal entry of the velocity covariance equals the square of the corresponding UFloat `std_dev`. ... ok
test_bad_fit_flag_when_temperature_above_threshold (swapi.l3a.science.solar_wind.proton.test_fit_model.TestQualityFlagB
ranches.test_bad_fit_flag_when_temperature_above_threshold)
A converged fit whose temperature exceeds 5e5 K is flagged `BAD_FIT` and its moments are NaN-filled, distinguishing it 
from a clean fit but matching `FIT_ERROR`'s fill-value contract. ... ok
test_fit_error_flag_when_optimizer_reports_failure (swapi.l3a.science.solar_wind.proton.test_fit_model.TestQualityFlagB
ranches.test_fit_error_flag_when_optimizer_reports_failure)
When the underlying optimizer returns `success=False`, the result's bad-fit flag is `SwapiL3Flags.FIT_ERROR` and the 
moments are NaN-filled. ... 
C:\Users\Harrison\Development\imap_L3_processing\imap_l3_processing\swapi\l3a\utils.py:132: OptimizeWarning: 
Covariance of the parameters could not be estimated
  popt, _ = scipy.optimize.curve_fit(
ok
test_density_is_optimal_scale_of_unit_density_forward_model (swapi.l3a.science.solar_wind.proton.test_initial_guess.Tes
tCalculateInitialGuessDensity.test_density_is_optimal_scale_of_unit_density_forward_model)
Re-running the unit-density forward model at the guess's own velocity/temperature and feeding it through 
`optimal_density_scale` reproduces the guess density exactly. ... ok
test_initial_velocity_is_anti_parallel_to_spin_axis (swapi.l3a.science.solar_wind.proton.test_initial_guess.TestCalcula
teInitialGuessDirection.test_initial_velocity_is_anti_parallel_to_spin_axis)
With every rotation matrix aligning body +Y to -R\u0302, the returned bulk velocity points along +R\u0302 ù the 
negation of the chunk-mean spin axis. ... ok
test_velocity_magnitude_matches_truth_bulk_speed (swapi.l3a.science.solar_wind.proton.test_initial_guess.TestCalculateI
nitialGuessDirection.test_velocity_magnitude_matches_truth_bulk_speed)
On a noiseless forward-model spectrum at 450 km/s the unmocked Gaussian refine recovers the truth, so the returned 
`|bulk_velocity_rtn|` matches the truth bulk speed to ~2%. ... ok
test_wraps_runtime_error_on_pathological_edge_spike_spectrum (swapi.l3a.science.solar_wind.proton.test_initial_guess.Te
stCalculateInitialGuessRefinerFailure.test_wraps_runtime_error_on_pathological_edge_spike_spectrum)
A count-rate spectrum with an extreme isolated spike at the lowest-speed bin (1e10 surrounded by 1e-6) drives 
`curve_fit` past its `maxfev` budget; the refiner re-raises the resulting `RuntimeError` with a wrapped message that 
names the peak-bin seed, and the scipy error is preserved on `__cause__`. ... ok
test_bulk_speed_seed_is_proton_speed_at_peak_voltage (swapi.l3a.science.solar_wind.proton.test_initial_guess.TestCalcul
ateInitialGuessSeeds.test_bulk_speed_seed_is_proton_speed_at_peak_voltage)
A spectrum whose unambiguous maximum sits at the ESA voltage for 480 km/s passes 480 km/s as the bulk-speed seed into 
the Gaussian refiner. ... ok
test_temperature_seed_floors_at_one_ev (swapi.l3a.science.solar_wind.proton.test_initial_guess.TestCalculateInitialGues
sSeeds.test_temperature_seed_floors_at_one_ev)
At a low peak speed where 60_000╖(v/400)▓ is below 1 eV, the temperature seed handed to the refiner is clamped to 
`INITIAL_TEMPERATURE_FLOOR_K`. ... ok
test_temperature_seed_uses_documented_speed_squared_formula (swapi.l3a.science.solar_wind.proton.test_initial_guess.Tes
tCalculateInitialGuessSeeds.test_temperature_seed_uses_documented_speed_squared_formula)
With a peak bulk speed well above the floor, the temperature seed handed to the refiner is exactly 60_000╖(v/400)▓ K. 
... ok
test_open_aperture_negative_wing_flags_and_sign (swapi.l3a.science.solar_wind.test_azimuthal_regions.TestRegionConstant
s.test_open_aperture_negative_wing_flags_and_sign)
The OA- wing constant reports open-aperture=True and azimuth_sign=-1 to select the negative-azimuth half. ... ok
test_open_aperture_positive_wing_flags_and_sign (swapi.l3a.science.solar_wind.test_azimuthal_regions.TestRegionConstant
s.test_open_aperture_positive_wing_flags_and_sign)
The OA+ wing constant reports open-aperture=True and azimuth_sign=+1 to select the positive-azimuth half. ... ok
test_region_namedtuple_field_order_is_stable 
(swapi.l3a.science.solar_wind.test_azimuthal_regions.TestRegionConstants.test_region_namedtuple_field_order_is_stable)
The Region NamedTuple field order is locked so positional unpacking in numba forward-model loops keeps working. ... ok
test_sunglasses_region_flags_and_azimuth_sign 
(swapi.l3a.science.solar_wind.test_azimuthal_regions.TestRegionConstants.test_sunglasses_region_flags_and_azimuth_sign)
The SG constant reports sunglasses=True, open-aperture=False, and azimuth_sign=0 since it spans both halves of the 
boresight band. ... ok
test_creates_response_grid_for_each_kept_voltage (swapi.l3a.science.solar_wind.test_fit_context.TestBuildSolarWindFitCo
ntext.test_creates_response_grid_for_each_kept_voltage)
The factory calls `get_response_grid` once per kept voltage and stores the resulting grids in the same order as the 
input voltages. ... ok
test_drops_sweeps_with_non_finite_voltage 
(swapi.l3a.science.solar_wind.test_fit_context.TestBuildSolarWindFitContext.test_drops_sweeps_with_non_finite_voltage)
NaN and inf voltages are treated as invalid and dropped alongside their count_rate entries. ... ok
test_drops_sweeps_with_zero_or_negative_voltage (swapi.l3a.science.solar_wind.test_fit_context.TestBuildSolarWindFitCon
text.test_drops_sweeps_with_zero_or_negative_voltage)
Sweeps with voltage == 0 or voltage < 0 are filtered out of count_rate and esa_voltage together. ... ok
test_filters_response_grids_in_lockstep_with_voltages (swapi.l3a.science.solar_wind.test_fit_context.TestBuildSolarWind
FitContext.test_filters_response_grids_in_lockstep_with_voltages)
When a sweep with a NaN voltage is dropped, no ResponseGrid is built for it and the kept grids stay aligned with the 
kept voltages. ... ok
test_filters_rotation_matrices_in_lockstep_with_voltages (swapi.l3a.science.solar_wind.test_fit_context.TestBuildSolarW
indFitContext.test_filters_rotation_matrices_in_lockstep_with_voltages)
When a middle sweep is dropped for a zero voltage, its rotation matrix is dropped at the same index so downstream 
geometry stays aligned. ... ok
test_keeps_all_sweeps_when_voltages_are_finite_and_positive (swapi.l3a.science.solar_wind.test_fit_context.TestBuildSol
arWindFitContext.test_keeps_all_sweeps_when_voltages_are_finite_and_positive)
When every voltage is finite and positive, no sweeps are dropped and one ResponseGrid is built per sweep. ... ok
test_passes_species_and_efficiency_args_to_create_response_grid (swapi.l3a.science.solar_wind.test_fit_context.TestBuil
dSolarWindFitContext.test_passes_species_and_efficiency_args_to_create_response_grid)
The mass-per-charge and central-effective-area scale supplied to the factory are forwarded into the 
`get_response_grid` call for each sweep. ... ok
test_subset_picks_per_sweep_arrays_at_the_given_indices (swapi.l3a.science.solar_wind.test_fit_context.TestSolarWindFit
ContextSubset.test_subset_picks_per_sweep_arrays_at_the_given_indices)
Selecting indices [1, 3] yields a context whose count_rate, voltage, response_grids, and rotation_matrices are all 
picked at those positions. ... ok
test_subset_preserves_mass 
(swapi.l3a.science.solar_wind.test_fit_context.TestSolarWindFitContextSubset.test_subset_preserves_mass)
Subsetting to a single sweep leaves the scalar `mass_kg` field untouched. ... ok
test_subset_with_all_indices_returns_equivalent_context (swapi.l3a.science.solar_wind.test_fit_context.TestSolarWindFit
ContextSubset.test_subset_with_all_indices_returns_equivalent_context)
Subsetting with the full index range reproduces every per-sweep array unchanged. ... ok
test_log_temperature_jacobian_is_correct (swapi.l3a.science.solar_wind.test_forward_model.TestAnalyticJacobianAgainstFi
niteDifferences.test_log_temperature_jacobian_is_correct)
At an off-axis bulk state, the analytic log-temperature Jacobian column matches a central finite difference of the 
rate to within GL quadrature noise. ... ok
test_velocity_n_jacobian_is_correct (swapi.l3a.science.solar_wind.test_forward_model.TestAnalyticJacobianAgainstFiniteD
ifferences.test_velocity_n_jacobian_is_correct)
At an off-axis bulk state, the analytic v_N Jacobian column matches a central finite difference of the rate to within 
GL quadrature noise. ... ok
test_velocity_r_jacobian_is_correct (swapi.l3a.science.solar_wind.test_forward_model.TestAnalyticJacobianAgainstFiniteD
ifferences.test_velocity_r_jacobian_is_correct)
At an off-axis bulk state, the analytic v_R Jacobian column matches a central finite difference of the rate to within 
GL quadrature noise. ... ok
test_velocity_t_jacobian_is_correct (swapi.l3a.science.solar_wind.test_forward_model.TestAnalyticJacobianAgainstFiniteD
ifferences.test_velocity_t_jacobian_is_correct)
At an off-axis bulk state, the analytic v_T Jacobian column matches a central finite difference of the rate to within 
GL quadrature noise. ... ok
test_log_density_jacobian_column_equals_the_rate (swapi.l3a.science.solar_wind.test_forward_model.TestAnalyticJacobianI
dentities.test_log_density_jacobian_column_equals_the_rate)
Because the rate is linear in `n`, the analytic log-density Jacobian column equals the rate vector exactly with no 
quadrature slack. ... ok
test_rate_is_linear_in_density 
(swapi.l3a.science.solar_wind.test_forward_model.TestCalculateIntegralRateBehavior.test_rate_is_linear_in_density)
Doubling the proton density at fixed temperature and geometry doubles the predicted rate exactly, since the rate is 
linear in `n`. ... ok
test_rate_is_positive_when_bulk_velocity_aligns_with_boresight (swapi.l3a.science.solar_wind.test_forward_model.TestCal
culateIntegralRateBehavior.test_rate_is_positive_when_bulk_velocity_aligns_with_boresight)
With bulk speed at the passband center and the flow aimed along boresight, the predicted rate is strictly positive. 
... ok
test_returns_zero_rate_and_jacobian_when_bulk_speed_misses_passband_above (swapi.l3a.science.solar_wind.test_forward_mo
del.TestCalculateIntegralRateBehavior.test_returns_zero_rate_and_jacobian_when_bulk_speed_misses_passband_above)
When the bulk speed (2000 km/s) sits hundreds of sigma above the passband at this voltage, the model short-circuits to 
rate=0 and a zero Jacobian row. ... ok
test_returns_zero_rate_and_jacobian_when_bulk_speed_misses_passband_below (swapi.l3a.science.solar_wind.test_forward_mo
del.TestCalculateIntegralRateBehavior.test_returns_zero_rate_and_jacobian_when_bulk_speed_misses_passband_below)
Mirror of the above on the low side: a 50 km/s bulk sits far below the passband at this voltage, so rate=0 and the 
Jacobian row is zero. ... ok
test_returns_one_rate_and_one_jacobian_row_per_sweep (swapi.l3a.science.solar_wind.test_forward_model.TestModelSolarWin
dIdealCoincidenceRatesShape.test_returns_one_rate_and_one_jacobian_row_per_sweep)
Given three sweeps spanning the passband-center voltage, the model returns a length-3 rate vector and a (3, N_STATE) 
Jacobian. ... ok
test_rate_is_invariant_under_joint_rotation_of_bulk_and_response (swapi.l3a.science.solar_wind.test_forward_model.TestN
onIdentityRotation.test_rate_is_invariant_under_joint_rotation_of_bulk_and_response)
Rotating both the bulk velocity (in RTN) and the SWAPI->RTN matrix by the same 30 degree rotation reproduces the 
identity-rotation baseline rate. ... ok
test_oa_negative_azimuth_window_is_inside_minus_150_to_minus_20 (swapi.l3a.science.solar_wind.test_integration_limits.T
estGetAngularQuadratureOpenApertureNegative.test_oa_negative_azimuth_window_is_inside_minus_150_to_minus_20)
For a bulk at az \u2248 -90░, every OA- azimuth node lies strictly inside the `[-150░, -20░]` OA- band. ... ok
test_oa_negative_region_is_active_for_bulk_at_minus_90_deg_azimuth (swapi.l3a.science.solar_wind.test_integration_limit
s.TestGetAngularQuadratureOpenApertureNegative.test_oa_negative_region_is_active_for_bulk_at_minus_90_deg_azimuth)
A bulk at az \u2248 -90░ lies inside the OA- band, so the region is active and a quadrature is returned. ... ok
test_oa_positive_region_is_skipped_for_bulk_at_minus_90_deg_azimuth (swapi.l3a.science.solar_wind.test_integration_limi
ts.TestGetAngularQuadratureOpenApertureNegative.test_oa_positive_region_is_skipped_for_bulk_at_minus_90_deg_azimuth)
A bulk at az \u2248 -90░ is too far from the OA+ band for a narrow Maxwellian to reach, so the OA+ region is skipped. 
... ok
test_oa_negative_region_is_skipped_for_bulk_at_plus_90_deg_azimuth (swapi.l3a.science.solar_wind.test_integration_limit
s.TestGetAngularQuadratureOpenAperturePositive.test_oa_negative_region_is_skipped_for_bulk_at_plus_90_deg_azimuth)
A bulk at az \u2248 +90░ is too far from the OA- band for a narrow Maxwellian to reach, so the OA- region is skipped. 
... ok
test_oa_positive_azimuth_window_is_inside_20_to_150_degrees (swapi.l3a.science.solar_wind.test_integration_limits.TestG
etAngularQuadratureOpenAperturePositive.test_oa_positive_azimuth_window_is_inside_20_to_150_degrees)
For a bulk at az \u2248 +90░, every OA+ azimuth node lies strictly inside the `[+20░, +150░]` OA+ band. ... ok
test_oa_positive_region_is_active_for_bulk_at_90_deg_azimuth (swapi.l3a.science.solar_wind.test_integration_limits.Test
GetAngularQuadratureOpenAperturePositive.test_oa_positive_region_is_active_for_bulk_at_90_deg_azimuth)
A bulk at az \u2248 +90░ lies inside the OA+ band, so the region is active and a quadrature is returned. ... ok
test_sg_azimuth_window_clamps_to_plus_minus_20_for_broad_distribution (swapi.l3a.science.solar_wind.test_integration_li
mits.TestGetAngularQuadratureSunglassesRegion.test_sg_azimuth_window_clamps_to_plus_minus_20_for_broad_distribution)
A very hot plasma's 180░ angular extent forces the azimuth window to clamp exactly to the `[-20░, +20░]` SG band, with 
the outermost GL nodes hugging both edges. ... ok
test_sg_azimuth_window_is_inside_minus_20_to_plus_20_degrees (swapi.l3a.science.solar_wind.test_integration_limits.Test
GetAngularQuadratureSunglassesRegion.test_sg_azimuth_window_is_inside_minus_20_to_plus_20_degrees)
For a boresight-aligned bulk, every azimuth GL node lies inside the SG `[-20░, +20░]` band. ... ok
test_sg_elevation_window_clamps_into_passband_elevation_range (swapi.l3a.science.solar_wind.test_integration_limits.Tes
tGetAngularQuadratureSunglassesRegion.test_sg_elevation_window_clamps_into_passband_elevation_range)
A hot plasma's saturated angular extent is clipped by the SG passband elevation range, so every elevation node lies 
inside that range. ... ok
test_sg_quadrature_has_21_nodes_in_each_angular_dimension (swapi.l3a.science.solar_wind.test_integration_limits.TestGet
AngularQuadratureSunglassesRegion.test_sg_quadrature_has_21_nodes_in_each_angular_dimension)
The SG angular quadrature is built with the doc-prescribed (N\u03b8, N\u03c6) = (21, 21) Gauss-Legendre node counts. 
... ok
test_sg_region_is_active_for_sun_pointed_bulk (swapi.l3a.science.solar_wind.test_integration_limits.TestGetAngularQuadr
atureSunglassesRegion.test_sg_region_is_active_for_sun_pointed_bulk)
A boresight-aligned bulk with a narrow Maxwellian falls inside the SG band, so the region is active and a quadrature 
is returned. ... ok
test_sg_region_skipped_when_bulk_far_from_sg_band (swapi.l3a.science.solar_wind.test_integration_limits.TestGetAngularQ
uadratureSunglassesRegion.test_sg_region_skipped_when_bulk_far_from_sg_band)
A bulk pointed at azimuth \u2248 90░ is 70░ away from the SG band and a narrow Maxwellian cannot bridge the gap, so 
the SG region is skipped. ... ok
test_sin_cos_caches_match_their_angle_arrays (swapi.l3a.science.solar_wind.test_integration_limits.TestGetAngularQuadra
tureSunglassesRegion.test_sin_cos_caches_match_their_angle_arrays)
The precomputed sin/cos arrays on the quadrature exactly match `sin`/`cos` of the corresponding angle (in radians) at 
every node. ... ok
test_cold_plasma_outer_gl_nodes_sit_close_to_window_edges (swapi.l3a.science.solar_wind.test_integration_limits.TestGet
SpeedQuadrature.test_cold_plasma_outer_gl_nodes_sit_close_to_window_edges)
For the same cold-plasma case, the outermost GL nodes sit within ~2 km/s of `bulk ▒ k╖\u03c3`, pinning the window 
endpoints to `bulk ▒ k╖\u03c3` rather than some narrower subset. ... ok
test_cold_plasma_window_lies_inside_bulk_plus_minus_k_vth (swapi.l3a.science.solar_wind.test_integration_limits.TestGet
SpeedQuadrature.test_cold_plasma_window_lies_inside_bulk_plus_minus_k_vth)
For cold plasma (T = 480 K) at the passband center, the `bulk ▒ k╖\u03c3` interval is the binding constraint and every 
GL node sits inside it. ... ok
test_returns_skip_when_bulk_speed_window_does_not_overlap_passband (swapi.l3a.science.solar_wind.test_integration_limit
s.TestGetSpeedQuadrature.test_returns_skip_when_bulk_speed_window_does_not_overlap_passband)
A bulk so far above the passband that `bulk - k╖\u03c3` exceeds the upper edge yields skip=True and a `None` 
quadrature. ... ok
test_speed_cubed_times_passband_is_v3_times_normalized_passband_at_each_node (swapi.l3a.science.solar_wind.test_integra
tion_limits.TestGetSpeedQuadrature.test_speed_cubed_times_passband_is_v3_times_normalized_passband_at_each_node)
The `speed_cubed_times_passband` array equals `v│ ╖ P(\u03b8, v/v0) / P(0, 1)` reconstructed from 
`interpolate_passband` at every GL node. ... ok
test_speed_quadrature_arrays_are_all_15_long (swapi.l3a.science.solar_wind.test_integration_limits.TestGetSpeedQuadratu
re.test_speed_quadrature_arrays_are_all_15_long)
Each array on the returned `SpeedQuadrature` (points, weights, `speed_cubed_times_passband`) has the doc-prescribed Nv 
= 15 nodes. ... ok
test_speed_window_lies_inside_per_elevation_passband (swapi.l3a.science.solar_wind.test_integration_limits.TestGetSpeed
Quadrature.test_speed_window_lies_inside_per_elevation_passband)
For warm plasma the passband binds the window, so every GL node lies inside `[r_min(\u03b8)╖v0, r_max(\u03b8)╖v0]` at 
the given elevation. ... ok
test_uses_region_specific_passband 
(swapi.l3a.science.solar_wind.test_integration_limits.TestGetSpeedQuadrature.test_uses_region_specific_passband)
With a hot plasma so the passband binds the window in both regions, the SG and OA quadratures land on their own 
region's passband edge and the two windows are distinct. ... ok
test_returns_false_when_bulk_speed_sits_in_passband (swapi.l3a.science.solar_wind.test_integration_limits.TestSpeedWind
owMissesPassband.test_returns_false_when_bulk_speed_sits_in_passband)
A 450 km/s bulk at the 1 keV step sits well inside the passband envelope, so no miss is reported. ... ok
test_returns_true_when_bulk_speed_above_passband (swapi.l3a.science.solar_wind.test_integration_limits.TestSpeedWindowM
issesPassband.test_returns_true_when_bulk_speed_above_passband)
A 1500 km/s bulk puts the entire `bulk ▒ k╖\u03c3` window above the upper passband edge, so a miss is reported. ... ok
test_returns_true_when_bulk_speed_below_passband (swapi.l3a.science.solar_wind.test_integration_limits.TestSpeedWindowM
issesPassband.test_returns_true_when_bulk_speed_below_passband)
A 100 km/s bulk puts the entire `bulk ▒ k╖\u03c3` window below the lower passband edge, so a miss is reported. ... ok
test_window_detaches_from_passband_when_k_sigma_falls_below_offset (swapi.l3a.science.solar_wind.test_integration_limit
s.TestSpeedWindowMissesPassband.test_window_detaches_from_passband_when_k_sigma_falls_below_offset)
With the same 30 km/s offset above the edge but `k╖\u03c3 = 5 km/s`, the window stays clear of the passband and a miss 
is reported ù the companion case to the overlap test. ... ok
test_window_overlaps_passband_when_k_sigma_exceeds_offset_above_edge (swapi.l3a.science.solar_wind.test_integration_lim
its.TestSpeedWindowMissesPassband.test_window_overlaps_passband_when_k_sigma_exceeds_offset_above_edge)
With bulk 30 km/s above the passband envelope edge and `k╖\u03c3 = 50 km/s`, the window still reaches into the 
passband and no miss is reported ù pinning `SPEED_HALF_WIDTH_VTH` as the scaling constant when paired with the detach 
test below. ... ok
test_returned_endpoints_lie_on_the_scan_grid (swapi.l3a.science.solar_wind.test_open_aperture_trimming.TestReturnsTrimm
edWindowWhenOaIsRelevant.test_returned_endpoints_lie_on_the_scan_grid)
Both endpoints coincide with nodes of `linspace(az_lo, az_hi, OA_SCAN_RESOLUTION)`. ... ok
test_returned_window_brackets_the_bulk_azimuth (swapi.l3a.science.solar_wind.test_open_aperture_trimming.TestReturnsTri
mmedWindowWhenOaIsRelevant.test_returned_window_brackets_the_bulk_azimuth)
The trimmed window strictly contains the bulk azimuth (+90░ here). ... ok
test_returned_window_has_positive_width (swapi.l3a.science.solar_wind.test_open_aperture_trimming.TestReturnsTrimmedWin
dowWhenOaIsRelevant.test_returned_window_has_positive_width)
A bulk deep inside OA+ produces a non-empty trimmed window. ... ok
test_returned_window_lies_inside_input_clamp (swapi.l3a.science.solar_wind.test_open_aperture_trimming.TestReturnsTrimm
edWindowWhenOaIsRelevant.test_returned_window_lies_inside_input_clamp)
The trimmed window is contained in the input azimuth clamp. ... ok
test_bulk_elevation_above_range_yields_non_empty_window (swapi.l3a.science.solar_wind.test_open_aperture_trimming.TestS
canAtBulkElevationClampedToOaRange.test_bulk_elevation_above_range_yields_non_empty_window)
A bulk at +20░ elevation (above the +10░ OA cap) still yields a non-empty trimmed window after the scan elevation is 
clamped to +10░. ... ok
test_high_sg_rate_forces_skip_for_otherwise_aligned_bulk (swapi.l3a.science.solar_wind.test_open_aperture_trimming.Test
SkipPolicyAgainstSgRate.test_high_sg_rate_forces_skip_for_otherwise_aligned_bulk)
A bulk that yields a real window at sg_rate=0 flips to the (0, 0) sentinel once sg_rate is cranked above the OA upper 
bound. ... ok
test_skips_when_oa_upper_bound_below_absolute_floor (swapi.l3a.science.solar_wind.test_open_aperture_trimming.TestSkips
WhenAbsoluteRateFloorDominates.test_skips_when_oa_upper_bound_below_absolute_floor)
With sg_rate=0, the 0.1 Hz absolute floor alone forces a skip for a cold bulk far from OA. ... ok
test_skips_when_sg_relative_below_absolute_floor (swapi.l3a.science.solar_wind.test_open_aperture_trimming.TestSkipsWhe
nAbsoluteRateFloorDominates.test_skips_when_sg_relative_below_absolute_floor)
When `1e-3╖sg_rate = 0.05 Hz < 0.1 Hz`, the `max(...)` picks the absolute floor and still skips. ... ok
test_skips_when_window_has_zero_width (swapi.l3a.science.solar_wind.test_open_aperture_trimming.TestSkipsWhenAzimuthWin
dowIsEmpty.test_skips_when_window_has_zero_width)
A zero-width azimuth clamp short-circuits to the (0, 0) sentinel without scanning. ... ok
test_skips_when_window_is_inverted (swapi.l3a.science.solar_wind.test_open_aperture_trimming.TestSkipsWhenAzimuthWindow
IsEmpty.test_skips_when_window_is_inverted)
An inverted clamp (`hi < lo`) also short-circuits to the (0, 0) sentinel. ... ok
test_skips_when_oa_upper_bound_below_sg_relative_floor (swapi.l3a.science.solar_wind.test_open_aperture_trimming.TestSk
ipsWhenSgRateRelativeFloorDominates.test_skips_when_oa_upper_bound_below_sg_relative_floor)
A cold bulk far from OA with a huge sg_rate trips the relative-fraction floor and skips OA. ... ok
test_mirror_symmetric_bulk_yields_mirror_symmetric_windows (swapi.l3a.science.solar_wind.test_open_aperture_trimming.Te
stSymmetryBetweenOaPositiveAndNegative.test_mirror_symmetric_bulk_yields_mirror_symmetric_windows)
Bulks at ▒90░ produce OA+ and OA- windows that are exact mirror images of each other. ... ok
test_endpoints_expand_one_node_past_threshold_crossings (swapi.l3a.science.solar_wind.test_open_aperture_trimming.TestT
rimAt1eMinus6Threshold.test_endpoints_expand_one_node_past_threshold_crossings)
A step-function transmission plateau drives the trim to return one scan node outside the first/last above-threshold 
node. ... ok
test_optimizer_recovers_bulk_velocity (swapi.l3a.science.solar_wind.test_optimizer.TestOptimizeSolarWindParamsRecoversT
ruth.test_optimizer_recovers_bulk_velocity)
Starting from a +3% speed perturbation against noise-free synthetic data, the fitted bulk velocity returns to the 
truth within 0.5 km/s on each RTN component. ... ok
test_optimizer_recovers_density 
(swapi.l3a.science.solar_wind.test_optimizer.TestOptimizeSolarWindParamsRecoversTruth.test_optimizer_recovers_density)
Starting from a +10% density perturbation against noise-free synthetic data, the fitted density returns to the truth 
within 0.1%. ... ok
test_optimizer_recovers_temperature (swapi.l3a.science.solar_wind.test_optimizer.TestOptimizeSolarWindParamsRecoversTru
th.test_optimizer_recovers_temperature)
Starting from a +20% temperature perturbation against noise-free synthetic data, the fitted temperature returns to the 
truth within 0.1%. ... ok
test_optimizer_reports_success 
(swapi.l3a.science.solar_wind.test_optimizer.TestOptimizeSolarWindParamsRecoversTruth.test_optimizer_reports_success)
LM converges cleanly on the well-posed synthetic problem and the result's success flag is True. ... ok
test_residuals_at_solution_are_small (swapi.l3a.science.solar_wind.test_optimizer.TestOptimizeSolarWindParamsRecoversTr
uth.test_residuals_at_solution_are_small)
At the converged solution against noise-free data, mse is below (peak_rate)^2 * 1e-4 ù residuals are limited only by 
LM's xtol=1e-4 tolerance. ... ok
test_mse_handles_all_zero_residuals_without_dividing_by_zero (swapi.l3a.science.solar_wind.test_optimizer.TestOptimizeS
olarWindParamsResultMSE.test_mse_handles_all_zero_residuals_without_dividing_by_zero)
At the truth (noise-free fit) all residuals are zero and mse reports exactly 0.0 rather than NaN/Inf, so the 
wrong-basin chi^2 comparator can be applied unconditionally. ... ok
test_mse_is_mean_of_squared_residuals (swapi.l3a.science.solar_wind.test_optimizer.TestOptimizeSolarWindParamsResultMSE
.test_mse_is_mean_of_squared_residuals)
Given a residuals vector [1, -2, 3], mse returns 14/3 ù the per-bin mean of squared residuals. ... ok
test_jacobian_shape_is_n_residuals_by_n_state (swapi.l3a.science.solar_wind.test_optimizer.TestOptimizeSolarWindParamsR
esultShape.test_jacobian_shape_is_n_residuals_by_n_state)
The jacobian has shape (n_residuals, N_STATE) ù one row per residual, one column per fit parameter. ... ok
test_residuals_length_matches_ctx_count_rate (swapi.l3a.science.solar_wind.test_optimizer.TestOptimizeSolarWindParamsRe
sultShape.test_residuals_length_matches_ctx_count_rate)
The residuals array has one entry per observed count-rate bin in the fit context. ... ok
test_success_is_bool 
(swapi.l3a.science.solar_wind.test_optimizer.TestOptimizeSolarWindParamsResultShape.test_success_is_bool)
The success field is a plain Python bool rather than numpy's bool-like wrapper. ... ok
test_sw_params_carries_context_mass (swapi.l3a.science.solar_wind.test_optimizer.TestOptimizeSolarWindParamsResultShape
.test_sw_params_carries_context_mass)
The fitted `SolarWindParams.mass` is propagated from `ctx.mass_kg` rather than defaulting to proton mass. ... ok
test_sw_params_is_a_solar_wind_params (swapi.l3a.science.solar_wind.test_optimizer.TestOptimizeSolarWindParamsResultSha
pe.test_sw_params_is_a_solar_wind_params)
The returned `sw_params` field is a `SolarWindParams` instance, not a raw state vector. ... ok
test_uses_lm_with_xtol_from_doc_spec 
(swapi.l3a.science.solar_wind.test_optimizer.TestOptimizerLeastSquaresKwargs.test_uses_lm_with_xtol_from_doc_spec)
When the optimizer runs, scipy.optimize.least_squares is called with `method='lm'` and `xtol=1e-4` per the doc spec. 
... ok
test_uses_rotation_argument_to_transform_into_instrument_frame (swapi.l3a.science.solar_wind.test_params.TestBulkAngles
InInstrumentFrame.test_uses_rotation_argument_to_transform_into_instrument_frame)
When the rotation maps +Y_inst to -X_RTN, an RTN wind along -X_RTN lands along +Y_inst and produces azimuth = atan2(0, 
-1) = +/-180 degrees, catching regressions that drop the rotation. ... ok
test_velocity_along_minus_y_inst_returns_zero_angles (swapi.l3a.science.solar_wind.test_params.TestBulkAnglesInInstrume
ntFrame.test_velocity_along_minus_y_inst_returns_zero_angles)
Under identity rotation, an RTN wind along -Y becomes v_inst = (0, -450, 0) and yields azimuth = 0 and elevation = 0. 
... ok
test_velocity_with_negative_x_inst_component_yields_positive_azimuth (swapi.l3a.science.solar_wind.test_params.TestBulk
AnglesInInstrumentFrame.test_velocity_with_negative_x_inst_component_yields_positive_azimuth)
A negative instrument-X component (v_inst_x = -50) gives a strictly positive azimuth, since azimuth = atan2(+50, +450) 
> 0. ... ok
test_velocity_with_positive_z_inst_component_yields_negative_elevation (swapi.l3a.science.solar_wind.test_params.TestBu
lkAnglesInInstrumentFrame.test_velocity_with_positive_z_inst_component_yields_negative_elevation)
A positive instrument-Z component (v_inst_z = +50) gives a strictly negative elevation, since elevation = 
asin(-50/|v|) < 0. ... ok
test_returns_magnitude_of_bulk_velocity 
(swapi.l3a.science.solar_wind.test_params.TestBulkSpeed.test_returns_magnitude_of_bulk_velocity)
A bulk velocity of (-300, 40, -50) km/s returns the Euclidean norm sqrt(300^2 + 40^2 + 50^2). ... ok
test_zero_velocity_returns_zero 
(swapi.l3a.science.solar_wind.test_params.TestBulkSpeed.test_zero_velocity_returns_zero)
A bulk velocity of (0, 0, 0) returns 0 exactly, with no divide-by-zero artefacts. ... ok
test_from_vector_carries_mass_through_unchanged (swapi.l3a.science.solar_wind.test_params.TestSolarWindParamsFromVector
.test_from_vector_carries_mass_through_unchanged)
Mass is not encoded in the state vector, so the caller-supplied species mass appears on the decoded params object 
unchanged. ... ok
test_from_vector_inverts_to_vector 
(swapi.l3a.science.solar_wind.test_params.TestSolarWindParamsFromVector.test_from_vector_inverts_to_vector)
Encoding a params object to a vector and decoding it back recovers the original density, temperature, velocity, and 
mass. ... ok
test_density_and_temperature_are_log_encoded 
(swapi.l3a.science.solar_wind.test_params.TestSolarWindParamsToVector.test_density_and_temperature_are_log_encoded)
A params object with density 5 and temperature 1e5 produces a state whose density and temperature slots equal log(5) 
and log(1e5). ... ok
test_vector_has_n_state_length 
(swapi.l3a.science.solar_wind.test_params.TestSolarWindParamsToVector.test_vector_has_n_state_length)
The encoded vector has exactly `N_STATE` elements so it matches the optimizer's expected length. ... ok
test_velocity_is_stored_unchanged 
(swapi.l3a.science.solar_wind.test_params.TestSolarWindParamsToVector.test_velocity_is_stored_unchanged)
The three velocity components are written into the velocity slice verbatim, without any rotation or rescaling. ... ok
test_temperature_to_thermal_speed_round_trips_via_inverse (swapi.l3a.science.solar_wind.test_params.TestThermalSpeedAnd
Temperature.test_temperature_to_thermal_speed_round_trips_via_inverse)
For temperatures spanning 1e3 to 1e7 K, converting to thermal speed and back ... ok
test_thermal_speed_matches_analytic_formula 
(swapi.l3a.science.solar_wind.test_params.TestThermalSpeedAndTemperature.test_thermal_speed_matches_analytic_formula)
For a proton at 1e5 K, `thermal_speed` returns the closed-form sqrt(k*T/m) value in km/s. ... ok
test_thermal_speed_scales_with_sqrt_of_temperature (swapi.l3a.science.solar_wind.test_params.TestThermalSpeedAndTempera
ture.test_thermal_speed_scales_with_sqrt_of_temperature)
At fixed mass, quadrupling the temperature (50 kK to 200 kK) doubles the thermal speed, ... ok
test_thermal_speed_uses_params_temperature_and_mass (swapi.l3a.science.solar_wind.test_params.TestThermalSpeedAndTemper
ature.test_thermal_speed_uses_params_temperature_and_mass)
`thermal_speed(SolarWindParams)` is a wrapper that reads T and m from the params and matches ... ok
test_high_leverage_row_inflates_corresponding_diagonal (swapi.l3a.science.solar_wind.test_uncertainties.TestComputeHc3P
arameterCovariance.test_high_leverage_row_inflates_corresponding_diagonal)
A single row with leverage near 1 in column j produces a much larger diagonal cov[j,j] than the same fit without the 
leverage spike. ... ok
test_returns_all_nan_matrix_for_nan_jacobian (swapi.l3a.science.solar_wind.test_uncertainties.TestComputeHc3ParameterCo
variance.test_returns_all_nan_matrix_for_nan_jacobian)
An all-NaN Jacobian triggers the `LinAlgError` fallback and returns a (p╫p) all-NaN matrix. ... ok
test_returns_p_by_p_symmetric_matrix_for_full_rank_jacobian (swapi.l3a.science.solar_wind.test_uncertainties.TestComput
eHc3ParameterCovariance.test_returns_p_by_p_symmetric_matrix_for_full_rank_jacobian)
A full-rank (n╫p) Jacobian with non-zero residuals returns a finite, symmetric (p╫p) covariance. ... ok
test_high_leverage_row_inflates_sigma_relative_to_unweighted (swapi.l3a.science.solar_wind.test_uncertainties.TestDeriv
eUncertaintiesHighLeverageBin.test_high_leverage_row_inflates_sigma_relative_to_unweighted)
A row with leverage near 1 inflates sigma_n by ~1e4 over the unweighted HC0 baseline, pinned against a regenerated 
reference value. ... ok
test_unit_leverage_row_keeps_sigma_finite (swapi.l3a.science.solar_wind.test_uncertainties.TestDeriveUncertaintiesHighL
everageBin.test_unit_leverage_row_keeps_sigma_finite)
A row with leverage exactly 1 still produces a finite sigma_n because the implementation clips leverage at 0.9999 
before the (1-h)^-2 reweight. ... ok
test_nan_jacobian_returns_nan_density_temperature_and_velocity_cov (swapi.l3a.science.solar_wind.test_uncertainties.Tes
tDeriveUncertaintiesNaNInputs.test_nan_jacobian_returns_nan_density_temperature_and_velocity_cov)
An all-NaN Jacobian triggers the LinAlgError fallback, returning NaN sigmas and an all-NaN 3x3 velocity covariance. 
... ok
test_density_sigma_scales_linearly_with_density (swapi.l3a.science.solar_wind.test_uncertainties.TestDeriveUncertaintie
sScalings.test_density_sigma_scales_linearly_with_density)
Doubling the nominal density at fixed Jacobian/residuals doubles sigma_n, pinning the `sigma_n = n * 
sqrt(Sigma_x[0,0])` rule. ... ok
test_returns_finite_3x3_velocity_covariance (swapi.l3a.science.solar_wind.test_uncertainties.TestDeriveUncertaintiesSca
lings.test_returns_finite_3x3_velocity_covariance)
The returned velocity covariance is a finite 3x3 matrix sliced from the parameter covariance. ... ok
test_returns_finite_density_and_temperature_sigmas (swapi.l3a.science.solar_wind.test_uncertainties.TestDeriveUncertain
tiesScalings.test_returns_finite_density_and_temperature_sigmas)
A full-rank Jacobian with non-zero residuals yields strictly positive, finite density and temperature sigmas. ... ok
test_temperature_sigma_scales_linearly_with_temperature (swapi.l3a.science.solar_wind.test_uncertainties.TestDeriveUnce
rtaintiesScalings.test_temperature_sigma_scales_linearly_with_temperature)
Tripling the nominal temperature triples sigma_T, pinning the `sigma_T = T * sqrt(Sigma_x[1,1])` rule. ... ok
test_negative_eigenvalue_covariance_falls_back_to_nan_sigma_ufloats (swapi.l3a.science.solar_wind.test_uncertainties.Te
stMakeCorrelatedVelocity.test_negative_eigenvalue_covariance_falls_back_to_nan_sigma_ufloats)
A finite but non-PSD covariance (diag with a negative eigenvalue) routes to the NaN-sigma fallback rather than letting 
`correlated_values` raise. ... ok
test_non_finite_covariance_returns_independent_ufloats (swapi.l3a.science.solar_wind.test_uncertainties.TestMakeCorrela
tedVelocity.test_non_finite_covariance_returns_independent_ufloats)
The fallback UFloats from a NaN covariance are independent, so the recovered covariance matrix has no finite non-zero 
off-diagonals. ... ok
test_non_finite_covariance_returns_nan_sigma_ufloats (swapi.l3a.science.solar_wind.test_uncertainties.TestMakeCorrelate
dVelocity.test_non_finite_covariance_returns_nan_sigma_ufloats)
An all-NaN covariance falls back to independent UFloats that preserve the nominal values but carry NaN std_devs. ... ok
test_valid_covariance_returns_three_correlated_ufloats (swapi.l3a.science.solar_wind.test_uncertainties.TestMakeCorrela
tedVelocity.test_valid_covariance_returns_three_correlated_ufloats)
A valid 3x3 PSD covariance produces a length-3 tuple of UFloats from `correlated_values`. ... ok
test_valid_covariance_round_trips_through_uncertainties (swapi.l3a.science.solar_wind.test_uncertainties.TestMakeCorrel
atedVelocity.test_valid_covariance_round_trips_through_uncertainties)
The pairwise covariance reconstructed from the returned UFloats matches the input matrix and nominal values are 
preserved exactly. ... ok
test_averages_two_axes_at_pm_45_deg_to_a_unit_vector 
(swapi.l3a.science.solar_wind.test_utils.TestAverageSpinAxisRtn.test_averages_two_axes_at_pm_45_deg_to_a_unit_vector)
Two body-+Y directions tilted ▒45░ in the RT-plane average to +Y_RTN after renormalization, cancelling the R 
components. ... ok
test_constant_axis_across_sweeps_returns_that_axis 
(swapi.l3a.science.solar_wind.test_utils.TestAverageSpinAxisRtn.test_constant_axis_across_sweeps_returns_that_axis)
Five identical identity rotations average to the same +Y_RTN unit vector, confirming the mean is over the sweep axis. 
... ok
test_normalizes_average_when_input_columns_are_not_unit_length (swapi.l3a.science.solar_wind.test_utils.TestAverageSpin
AxisRtn.test_normalizes_average_when_input_columns_are_not_unit_length)
Non-unit column-1 vectors still produce a length-1 output, guarding the final renormalization step against unscaled 
inputs. ... ok
test_single_rotation_returns_its_y_axis 
(swapi.l3a.science.solar_wind.test_utils.TestAverageSpinAxisRtn.test_single_rotation_returns_its_y_axis)
A single identity rotation yields +Y_RTN since column 1 of the identity is (0, 1, 0). ... ok
test_matches_closed_form_formula 
(swapi.l3a.science.solar_wind.test_utils.TestCountRateConversionFactor.test_matches_closed_form_formula)
A representative proton case reproduces the analytic A_eff ╖ n ╖ (\u221a(2\u03c0)\u03c3)^-3 ╖ (\u03c0/180)▓ ╖ 1e5 
product to machine precision. ... ok
test_calc_chi_squared_lm_fit 
(swapi.l3a.science.test_calculate_pickup_ion.TestCalculatePickupIon.test_calc_chi_squared_lm_fit) ... ok
test_calculate_pickup_ion_bad_fit 
(swapi.l3a.science.test_calculate_pickup_ion.TestCalculatePickupIon.test_calculate_pickup_ion_bad_fit) ... ok
test_calculate_pickup_ion_computes_partial_uncertainties (swapi.l3a.science.test_calculate_pickup_ion.TestCalculatePick
upIon.test_calculate_pickup_ion_computes_partial_uncertainties) ... 
C:\Users\Harrison\Development\imap_L3_processing\imap_l3_processing\swapi\l3a\science\calculate_pickup_ion.py:161: 
RuntimeWarning: invalid value encountered in sqrt
  uncertainties = np.sqrt(np.diag(scaled_cov))
ok
test_calculate_pickup_ion_energy_cutoff 
(swapi.l3a.science.test_calculate_pickup_ion.TestCalculatePickupIon.test_calculate_pickup_ion_energy_cutoff) ... ok
test_calculate_pickup_ion_velocities 
(swapi.l3a.science.test_calculate_pickup_ion.TestCalculatePickupIon.test_calculate_pickup_ion_velocities) ... ok
test_calculate_pickup_ions_with_minimize 
(swapi.l3a.science.test_calculate_pickup_ion.TestCalculatePickupIon.test_calculate_pickup_ions_with_minimize) ... 
skipped 'Skipping expensive test, test_calculate_pickup_ions_with_minimize, because it passed recently'
test_calculate_pickup_ions_with_minimize_mocked 
(swapi.l3a.science.test_calculate_pickup_ion.TestCalculatePickupIon.test_calculate_pickup_ions_with_minimize_mocked) 
... ok
test_calculate_pui_density 
(swapi.l3a.science.test_calculate_pickup_ion.TestCalculatePickupIon.test_calculate_pui_density) ... 
C:\Users\Harrison\Development\imap_L3_processing\imap_l3_processing\swapi\l3a\science\calculate_pickup_ion.py:214: 
IntegrationWarning: The occurrence of roundoff error is detected, which prevents 
  the requested tolerance from being achieved.  The error may be 
  underestimated.
  results = scipy.integrate.quad(
ok
test_calculate_pui_density_with_mocks 
(swapi.l3a.science.test_calculate_pickup_ion.TestCalculatePickupIon.test_calculate_pui_density_with_mocks) ... ok
test_calculate_pui_density_with_uncertainty 
(swapi.l3a.science.test_calculate_pickup_ion.TestCalculatePickupIon.test_calculate_pui_density_with_uncertainty) ... ok
test_calculate_pui_temperature 
(swapi.l3a.science.test_calculate_pickup_ion.TestCalculatePickupIon.test_calculate_pui_temperature) ... 
C:\Users\Harrison\Development\imap_L3_processing\imap_l3_processing\swapi\l3a\science\calculate_pickup_ion.py:264: 
IntegrationWarning: The occurrence of roundoff error is detected, which prevents 
  the requested tolerance from being achieved.  The error may be 
  underestimated.
  numerator = scipy.integrate.quad(
C:\Users\Harrison\Development\imap_L3_processing\imap_l3_processing\swapi\l3a\science\calculate_pickup_ion.py:271: 
IntegrationWarning: The occurrence of roundoff error is detected, which prevents 
  the requested tolerance from being achieved.  The error may be 
  underestimated.
  denominator = scipy.integrate.quad(
ok
test_calculate_pui_temperature_with_mocks 
(swapi.l3a.science.test_calculate_pickup_ion.TestCalculatePickupIon.test_calculate_pui_temperature_with_mocks) ... ok
test_calculate_pui_temperature_with_uncertainty 
(swapi.l3a.science.test_calculate_pickup_ion.TestCalculatePickupIon.test_calculate_pui_temperature_with_uncertainty) 
... ok
test_calculate_ten_minute_velocities 
(swapi.l3a.science.test_calculate_pickup_ion.TestCalculatePickupIon.test_calculate_ten_minute_velocities)
Velocities split into 10-chunk windows and averaged per window; the trailing partial window is averaged across its 
remaining members. ... ok
test_calculate_ten_minute_velocities_with_multiple_quality_flag (swapi.l3a.science.test_calculate_pickup_ion.TestCalcul
atePickupIon.test_calculate_ten_minute_velocities_with_multiple_quality_flag)
Multiple distinct per-minute quality flags inside the same 10-minute window OR together into a combined bitmask for 
that window. ... ok
test_calculate_ten_minute_velocities_with_swapi_quality_flag (swapi.l3a.science.test_calculate_pickup_ion.TestCalculate
PickupIon.test_calculate_ten_minute_velocities_with_swapi_quality_flag)
A single per-minute quality flag bits-OR's into the 10-minute window that contains it. ... ok
test_calculate_velocity_vector 
(swapi.l3a.science.test_calculate_pickup_ion.TestCalculatePickupIon.test_calculate_velocity_vector) ... ok
test_convert_velocity_relative_to_imap 
(swapi.l3a.science.test_calculate_pickup_ion.TestCalculatePickupIon.test_convert_velocity_relative_to_imap) ... ok
test_convert_velocity_to_reference_frame 
(swapi.l3a.science.test_calculate_pickup_ion.TestCalculatePickupIon.test_convert_velocity_to_reference_frame) ... ok
test_extract_pui_energy_bins 
(swapi.l3a.science.test_calculate_pickup_ion.TestCalculatePickupIon.test_extract_pui_energy_bins) ... ok
test_forward_model_f (swapi.l3a.science.test_calculate_pickup_ion.TestCalculatePickupIon.test_forward_model_f) ... ok
test_get_speed_grid (swapi.l3a.science.test_calculate_pickup_ion.TestCalculatePickupIon.test_get_speed_grid) ... ok
test_get_speed_grid_caches_results 
(swapi.l3a.science.test_calculate_pickup_ion.TestCalculatePickupIon.test_get_speed_grid_caches_results) ... ok
test_model_count_rate_integral 
(swapi.l3a.science.test_calculate_pickup_ion.TestCalculatePickupIon.test_model_count_rate_integral) ... ok
test_returns_nominal_values_when_uncertainty_fallback_fails (swapi.l3a.science.test_calculate_pickup_ion.TestCalculateP
ickupIon.test_returns_nominal_values_when_uncertainty_fallback_fails) ... ok
test_snapshot_model_count_rate_result 
(swapi.l3a.science.test_calculate_pickup_ion.TestCalculatePickupIon.test_snapshot_model_count_rate_result) ... ok
test_get_minimum_distance (swapi.l3a.science.test_density_of_neutral_helium_lookup_table.TestDensityOfNeutralHeliumLook
upTable.test_get_minimum_distance) ... ok
test_neutral_helium_lookup_table (swapi.l3a.science.test_density_of_neutral_helium_lookup_table.TestDensityOfNeutralHel
iumLookupTable.test_neutral_helium_lookup_table) ... ok
test_neutral_helium_lookup_table_handles_table_that_does_not_extend_to_360 (swapi.l3a.science.test_density_of_neutral_h
elium_lookup_table.TestDensityOfNeutralHeliumLookupTable.test_neutral_helium_lookup_table_handles_table_that_does_not_e
xtend_to_360) ... ok
test_neutral_helium_lookup_table_single_distance (swapi.l3a.science.test_density_of_neutral_helium_lookup_table.TestDen
sityOfNeutralHeliumLookupTable.test_neutral_helium_lookup_table_single_distance) ... ok
test_from_file (swapi.l3a.science.test_inflow_vector.TestInflowVector.test_from_file) ... ok
test_raises_parse_error (swapi.l3a.science.test_inflow_vector.TestInflowVector.test_raises_parse_error) ... ok
test_b_hat_passes_through_to_result 
(swapi.l3a.test_chunk_fits.TestAlphaChunkFitterFitChunk.test_b_hat_passes_through_to_result)
The B\u0302 argument is surfaced unchanged under `alpha_sw_b_hat_rtn`. ... ok
test_quality_flag_none_on_clean_chunk 
(swapi.l3a.test_chunk_fits.TestAlphaChunkFitterFitChunk.test_quality_flag_none_on_clean_chunk)
A clean chunk yields a NONE quality flag (both Stage 1 and Stage 2 converged). ... ok
test_recovers_alpha_truth_moments 
(swapi.l3a.test_chunk_fits.TestAlphaChunkFitterFitChunk.test_recovers_alpha_truth_moments)
Fitting a forward-modeled proton+alpha chunk recovers the true alpha density, temperature, delta-v, and bulk velocity 
within a few percent. ... ok
test_empty_mag_window_yields_nan_b_hat 
(swapi.l3a.test_chunk_fits.TestAlphaChunkFitterPrecomputeGeometry.test_empty_mag_window_yields_nan_b_hat)
When no MAG samples fall inside the chunk window, B\u0302 comes back as NaN even though rotations were successfully 
computed. ... ok
test_spice_failure_yields_none_rotations_but_keeps_b_hat (swapi.l3a.test_chunk_fits.TestAlphaChunkFitterPrecomputeGeome
try.test_spice_failure_yields_none_rotations_but_keeps_b_hat)
When the chunk falls outside SPICE coverage, alpha precompute returns None rotations but B\u0302 is still computed 
from MAG since that path is independent. ... 2026-05-15 11:24:29,349 - imap_l3_processing.swapi.l3a.chunk_fits - INFO 
- Missing SPICE information at epoch 2057-01-14 19:59:20.816000, continuing with fill value
ok
test_success_returns_rotations_and_b_hat 
(swapi.l3a.test_chunk_fits.TestAlphaChunkFitterPrecomputeGeometry.test_success_returns_rotations_and_b_hat)
With both SPICE and MAG available, alpha precompute_geometry returns the chunk epoch, a science-bin rotation array of 
the right shape (matching the proton fit it shares with proton-sw), and the median B\u0302 in the chunk window. ... ok
test_bad_fit_when_alpha_bump_does_not_match_maxwellian 
(swapi.l3a.test_chunk_fits.TestAlphaChunkFitterQualityFlags.test_bad_fit_when_alpha_bump_does_not_match_maxwellian)
Scrambling and amplifying the alpha-bump bins leaves the proton peak intact but yields a Stage-2 residual the alpha LM 
cannot describe (the BAD_FIT quality guard fires); the chunk fitter surfaces `BAD_FIT` with every alpha moment 
NaN-filled while B\u0302 passes through unchanged. ... ok
test_no_flag_when_b_hat_is_nan 
(swapi.l3a.test_chunk_fits.TestAlphaChunkFitterQualityFlags.test_no_flag_when_b_hat_is_nan)
A NaN-valued B\u0302 NaN-fills every alpha field and reports a NONE bad_fit_flag ù MAG gaps are treated as data gaps 
without a dedicated flag, since the field-aligned drift constraint cannot be evaluated. ... 2026-05-15 11:24:33,708 - 
imap_l3_processing.swapi.l3a.chunk_fits - WARNING - Alpha fit at epoch 2025-05-08 18:12:40.816000: missing or 
non-finite magnetic field direction; using fill values
ok
test_no_flag_when_b_hat_is_none 
(swapi.l3a.test_chunk_fits.TestAlphaChunkFitterQualityFlags.test_no_flag_when_b_hat_is_none)
Passing None for B\u0302 NaN-fills every alpha field and reports a NONE bad_fit_flag, mirroring the NaN case. ... 
2026-05-15 11:24:33,708 - imap_l3_processing.swapi.l3a.chunk_fits - WARNING - Alpha fit at epoch 2025-05-08 
18:12:40.816000: missing or non-finite magnetic field direction; using fill values
ok
test_no_flag_when_count_rate_has_nan 
(swapi.l3a.test_chunk_fits.TestAlphaChunkFitterQualityFlags.test_no_flag_when_count_rate_has_nan)
A NaN in the alpha count rate is treated as an L2 data gap: every alpha field NaN-fills and bad_fit_flag is NONE. ... 
2026-05-15 11:24:33,709 - imap_l3_processing.swapi.l3a.chunk_fits - WARNING - Proton fit at epoch 2025-05-08 
18:12:40.816000: NaN in input count rate; using fill values
ok
test_no_flag_when_rotations_missing 
(swapi.l3a.test_chunk_fits.TestAlphaChunkFitterQualityFlags.test_no_flag_when_rotations_missing)
Calling fit_chunk with no rotations NaN-fills every alpha field and reports a NONE bad_fit_flag ù ephemeris gaps are 
treated as data gaps without a dedicated flag. ... 2026-05-15 11:24:33,710 - imap_l3_processing.swapi.l3a.chunk_fits - 
WARNING - Proton fit at epoch 2025-05-08 18:12:40.816000: missing rotation matrices; using fill values
ok
test_preliminary_mag_bit_set_iff_mag_is_preliminary 
(swapi.l3a.test_chunk_fits.TestAlphaChunkFitterQualityFlags.test_preliminary_mag_bit_set_iff_mag_is_preliminary)
The `PRELIMINARY_MAG` bit is OR'd onto every per-chunk quality flag when `mag_is_preliminary=True` (preserving any 
underlying `BAD_FIT`), and the per-chunk flags pass through untouched when `mag_is_preliminary=False`. Mocked at the 
processor seam because the bit-OR is processor-level wiring, not chunk-fitter behavior. ... ok
test_dispatches_per_chunk_and_stacks_outputs_in_chunk_order (swapi.l3a.test_chunk_fits.TestParallelChunkRunnerOrchestra
tion.test_dispatches_per_chunk_and_stacks_outputs_in_chunk_order)
Two chunks with distinct start times produce a stacked output where each per-key array preserves chunk order across 
the real fork pool. ... skipped 'fork is not available on Windows'
test_workers_see_parent_warm_cache_under_fork 
(swapi.l3a.test_chunk_fits.TestParallelChunkRunnerOrchestration.test_workers_see_parent_warm_cache_under_fork)
A passband grid cache populated in the parent before `runner.run` is visible inside each fork-spawned worker at the 
same size. ... skipped 'fork is not available on Windows'
test_missing_sc_velocity_fills_only_sun_frame_outputs 
(swapi.l3a.test_chunk_fits.TestProtonChunkFitterFitChunk.test_missing_sc_velocity_fills_only_sun_frame_outputs)
Calling fit_chunk with no SC velocity still runs the proton fit normally: density, temperature, SC-frame bulk velocity 
(and its covariance), peak speed, and DPS-frame clock/deflection angles are populated from the fit; only the sun-frame 
outputs (`proton_sw_speed_sun`, `proton_sw_bulk_velocity_rtn_sun`, and the sun-frame covariance) are fill values. ... 
2026-05-15 11:24:35,785 - imap_l3_processing.swapi.l3a.chunk_fits - WARNING - Proton fit at epoch 2025-05-08 
18:12:40.816000: missing spacecraft velocity; sun-frame outputs are fill values
ok
test_quality_flag_none_and_epoch_passthrough 
(swapi.l3a.test_chunk_fits.TestProtonChunkFitterFitChunk.test_quality_flag_none_and_epoch_passthrough)
A clean synthetic chunk produces a NONE quality flag and passes the chunk epoch straight through to the result. ... ok
test_recovers_truth_moments (swapi.l3a.test_chunk_fits.TestProtonChunkFitterFitChunk.test_recovers_truth_moments)
Fitting a forward-modeled chunk back recovers the true density, temperature, and bulk velocity within a few percent. 
... ok
test_speed_is_norm_of_sc_frame_velocity 
(swapi.l3a.test_chunk_fits.TestProtonChunkFitterFitChunk.test_speed_is_norm_of_sc_frame_velocity)
Reported proton speed equals the magnitude of the SC-frame bulk velocity (rotation to DPS is norm-preserving). ... ok
test_speed_matches_magnitude_of_bulk_velocity_rtn 
(swapi.l3a.test_chunk_fits.TestProtonChunkFitterFitChunk.test_speed_matches_magnitude_of_bulk_velocity_rtn)
`proton_sw_speed` is the magnitude of the SC-frame RTN bulk velocity (magnitude is rotation-invariant). ... ok
test_sun_frame_velocity_is_sc_frame_plus_sc_velocity 
(swapi.l3a.test_chunk_fits.TestProtonChunkFitterFitChunk.test_sun_frame_velocity_is_sc_frame_plus_sc_velocity)
Sun-frame velocity is the SC-frame velocity plus the SC orbital velocity, and Sun-frame speed is its magnitude. ... ok
test_uncertainties_are_strictly_positive 
(swapi.l3a.test_chunk_fits.TestProtonChunkFitterFitChunk.test_uncertainties_are_strictly_positive)
Every reported scalar uncertainty is strictly positive, so the LM Jacobian did not degenerate to zero. ... ok
test_velocity_covariance_is_symmetric_psd_and_sc_equals_sun 
(swapi.l3a.test_chunk_fits.TestProtonChunkFitterFitChunk.test_velocity_covariance_is_symmetric_psd_and_sc_equals_sun)
The 3x3 velocity covariance is symmetric and positive-semidefinite, and the same matrix is reported under both the 
spacecraft-frame and Sun-frame keys. ... ok
test_spice_failure_yields_none_for_both_outputs 
(swapi.l3a.test_chunk_fits.TestProtonChunkFitterPrecomputeGeometry.test_spice_failure_yields_none_for_both_outputs)
If the chunk falls outside SPICE coverage, the proton fitter returns None for both rotations and spacecraft velocity. 
... 2026-05-15 11:24:35,914 - imap_l3_processing.swapi.l3a.chunk_fits - WARNING - SPICE gap in rotation matrices.
Traceback (most recent call last):
  File "C:\Users\Harrison\Development\imap_L3_processing\imap_l3_processing\swapi\l3a\chunk_fits.py", line 94, in 
precompute_geometry
    rm = get_swapi_geometry(measurement_times(chunk, SWAPI_SCIENCE_BINS))
         ^^^^^^^^^^^^^^^^^^^^^^^^^^^^^^^^^^^^^^^^^^^^^^^^^^^^^^^^^^^^^^^^
  File "C:\Users\Harrison\Development\imap_L3_processing\imap_l3_processing\swapi\l3a\utils.py", line 68, in 
get_swapi_geometry
    return get_rotation_matrix(et_times, SpiceFrame.IMAP_SWAPI, SpiceFrame.IMAP_RTN)
           ^^^^^^^^^^^^^^^^^^^^^^^^^^^^^^^^^^^^^^^^^^^^^^^^^^^^^^^^^^^^^^^^^^^^^^^^^
  File "C:\Users\Harrison\Development\imap_L3_processing\.venv\Lib\site-packages\imap_processing\spice\geometry.py", 
line 436, in get_rotation_matrix
    return vec_pxform(from_frame.name, to_frame.name, et)
           ^^^^^^^^^^^^^^^^^^^^^^^^^^^^^^^^^^^^^^^^^^^^^^
  File "C:\Users\Harrison\Development\imap_L3_processing\.venv\Lib\site-packages\numpy\lib\_function_base_impl.py", 
line 2522, in __call__
    return self._call_as_normal(*args, **kwargs)
           ^^^^^^^^^^^^^^^^^^^^^^^^^^^^^^^^^^^^^
  File "C:\Users\Harrison\Development\imap_L3_processing\.venv\Lib\site-packages\numpy\lib\_function_base_impl.py", 
line 2515, in _call_as_normal
    return self._vectorize_call(func=func, args=vargs)
           ^^^^^^^^^^^^^^^^^^^^^^^^^^^^^^^^^^^^^^^^^^^
  File "C:\Users\Harrison\Development\imap_L3_processing\.venv\Lib\site-packages\numpy\lib\_function_base_impl.py", 
line 2596, in _vectorize_call
    res = self._vectorize_call_with_signature(func, args)
          ^^^^^^^^^^^^^^^^^^^^^^^^^^^^^^^^^^^^^^^^^^^^^^^
  File "C:\Users\Harrison\Development\imap_L3_processing\.venv\Lib\site-packages\numpy\lib\_function_base_impl.py", 
line 2636, in _vectorize_call_with_signature
    results = func(*(arg[index] for arg in args))
              ^^^^^^^^^^^^^^^^^^^^^^^^^^^^^^^^^^^
  File "C:\Users\Harrison\Development\imap_L3_processing\.venv\Lib\site-packages\numpy\lib\_function_base_impl.py", 
line 2510, in func
    return self.pyfunc(*the_args, **kwargs)
           ^^^^^^^^^^^^^^^^^^^^^^^^^^^^^^^^
  File "C:\Users\Harrison\Development\imap_L3_processing\.venv\Lib\site-packages\imap_processing\spice\geometry.py", 
line 419, in pxform_error_handler
    return spiceypy.pxform(*arg, **kwargs)
           ^^^^^^^^^^^^^^^^^^^^^^^^^^^^^^^
  File "C:\Users\Harrison\Development\imap_L3_processing\.venv\Lib\site-packages\spiceypy\spiceypy.py", line 139, in 
with_errcheck
    check_for_spice_error(f)
  File "C:\Users\Harrison\Development\imap_L3_processing\.venv\Lib\site-packages\spiceypy\spiceypy.py", line 122, in 
check_for_spice_error
    raise dynamically_instantiate_spiceyerror(
spiceypy.utils.exceptions.SpiceSPKINSUFFDATA: 
================================================================================

Toolkit version: CSPICE_N0067

SPICE(SPKINSUFFDATA) --

Insufficient ephemeris data has been loaded to compute the position of -43 (IMAP) relative to 10 (SUN) at the 
ephemeris epoch 2057 JAN 14 20:00:00.166.

pxform_c --> PXFORM --> REFCHG --> ROTGET --> ZZDYNROT --> ZZSPKZP0 --> ZZSPKGP0

================================================================================
ok
test_success_returns_epoch_rotations_and_sc_velocity (swapi.l3a.test_chunk_fits.TestProtonChunkFitterPrecomputeGeometry
.test_success_returns_epoch_rotations_and_sc_velocity)
At an in-coverage chunk, precompute_geometry returns the chunk midpoint epoch, a per-bin rotation array of the right 
shape, and a 3-vector spacecraft velocity. ... ok
test_bad_fit_when_peak_does_not_match_maxwellian 
(swapi.l3a.test_chunk_fits.TestProtonChunkFitterQualityFlags.test_bad_fit_when_peak_does_not_match_maxwellian)
Scrambling the proton peak bins yields a spectrum the LM fit cannot describe (the BAD_FIT quality guard fires); the 
chunk fitter surfaces `BAD_FIT` with peak-bin speed and NaN-filled moments. ... ok
test_fit_error_when_initial_guess_is_nan 
(swapi.l3a.test_chunk_fits.TestProtonChunkFitterQualityFlags.test_fit_error_when_initial_guess_is_nan)
A NaN-valued initial guess causes scipy `least_squares` to reject `x0` as infeasible; the chunk fitter catches the 
exception, surfaces `FIT_ERROR`, and falls back to peak-bin speed. Mocked because `calculate_initial_guess` never 
returns NaN from real inputs (it raises instead). ... 2026-05-15 11:24:41,443 - 
imap_l3_processing.swapi.l3a.chunk_fits - WARNING - Proton fit at epoch 2025-05-08 18:12:40.816000: exception during 
fit; using fill values
Traceback (most recent call last):
  File "C:\Users\Harrison\Development\imap_L3_processing\imap_l3_processing\swapi\l3a\chunk_fits.py", line 305, in 
_fit_proton
    result = fit_solar_wind_proton_model(ctx)
             ^^^^^^^^^^^^^^^^^^^^^^^^^^^^^^^^
  File "C:\Users\Harrison\Development\imap_L3_processing\imap_l3_processing\swapi\l3a\science\solar_wind\proton\fit_mod
el.py", line 47, in fit_solar_wind_proton_model
    first_result = optimize_solar_wind_params(initial_guess, ctx)
                   ^^^^^^^^^^^^^^^^^^^^^^^^^^^^^^^^^^^^^^^^^^^^^^
  File 
"C:\Users\Harrison\Development\imap_L3_processing\imap_l3_processing\swapi\l3a\science\solar_wind\optimizer.py", line 
34, in optimize_solar_wind_params
    raw: scipy.optimize.OptimizeResult = scipy.optimize.least_squares(
                                         ^^^^^^^^^^^^^^^^^^^^^^^^^^^^^
  File "C:\Users\Harrison\Development\imap_L3_processing\.venv\Lib\site-packages\scipy\_lib\_util.py", line 717, in 
inner
    return func(*args, **kwargs)
           ^^^^^^^^^^^^^^^^^^^^^
  File 
"C:\Users\Harrison\Development\imap_L3_processing\.venv\Lib\site-packages\scipy\optimize\_lsq\least_squares.py", line 
901, in least_squares
    raise ValueError("Initial guess is outside of provided bounds")
ValueError: Initial guess is outside of provided bounds
ok
test_fit_error_when_initial_guess_raises 
(swapi.l3a.test_chunk_fits.TestProtonChunkFitterQualityFlags.test_fit_error_when_initial_guess_raises)
A spectrum with a single non-zero bin (no Gaussian shape to fit) makes scipy `curve_fit` raise inside the 
initial-guess Gaussian refine; the chunk fitter catches the exception, surfaces `FIT_ERROR`, and falls back to 
peak-bin speed. ... 2026-05-15 11:24:41,508 - imap_l3_processing.swapi.l3a.chunk_fits - WARNING - Proton fit at epoch 
2025-05-08 18:12:40.816000: exception during fit; using fill values
Traceback (most recent call last):
  File "C:\Users\Harrison\Development\imap_L3_processing\imap_l3_processing\swapi\l3a\science\solar_wind\proton\initial
_guess.py", line 97, in _gaussian_refine_bulk_speed_and_temperature
    (_, bulk_speed_fit, sigma_fit), _ = scipy.optimize.curve_fit(
                                        ^^^^^^^^^^^^^^^^^^^^^^^^^
  File "C:\Users\Harrison\Development\imap_L3_processing\.venv\Lib\site-packages\scipy\optimize\_minpack_py.py", line 
1026, in curve_fit
    raise RuntimeError("Optimal parameters not found: " + errmsg)
RuntimeError: Optimal parameters not found: Number of calls to function has reached maxfev = 800.

The above exception was the direct cause of the following exception:

Traceback (most recent call last):
  File "C:\Users\Harrison\Development\imap_L3_processing\imap_l3_processing\swapi\l3a\chunk_fits.py", line 305, in 
_fit_proton
    result = fit_solar_wind_proton_model(ctx)
             ^^^^^^^^^^^^^^^^^^^^^^^^^^^^^^^^
  File "C:\Users\Harrison\Development\imap_L3_processing\imap_l3_processing\swapi\l3a\science\solar_wind\proton\fit_mod
el.py", line 46, in fit_solar_wind_proton_model
    initial_guess = calculate_initial_guess(ctx)
                    ^^^^^^^^^^^^^^^^^^^^^^^^^^^^
  File "C:\Users\Harrison\Development\imap_L3_processing\imap_l3_processing\swapi\l3a\science\solar_wind\proton\initial
_guess.py", line 56, in calculate_initial_guess
    bulk_speed_init, temperature = _gaussian_refine_bulk_speed_and_temperature(
                                   ^^^^^^^^^^^^^^^^^^^^^^^^^^^^^^^^^^^^^^^^^^^^
  File "C:\Users\Harrison\Development\imap_L3_processing\imap_l3_processing\swapi\l3a\science\solar_wind\proton\initial
_guess.py", line 104, in _gaussian_refine_bulk_speed_and_temperature
    raise RuntimeError(
RuntimeError: Initial-guess Gaussian fit failed for spectrum with peak-bin speed 453.9 km/s and seed temperature 77271 
K.
ok
test_fit_error_when_inner_fit_returns_fit_error 
(swapi.l3a.test_chunk_fits.TestProtonChunkFitterQualityFlags.test_fit_error_when_inner_fit_returns_fit_error)
When the inner proton fit returns `FIT_ERROR` with NaN moments (scipy LM reported `success=False`), the chunk fitter 
propagates the flag, falls back to peak-bin speed, and NaN-fills every other science field. Mocked because there is no 
clean way to force scipy LM to report `success=False` from real inputs. ... ok
test_no_flag_when_count_rate_has_nan 
(swapi.l3a.test_chunk_fits.TestProtonChunkFitterQualityFlags.test_no_flag_when_count_rate_has_nan)
A NaN in the count rate is treated as an L2 data gap: the quality flag is NONE, `proton_sw_speed` reports the peak-bin 
speed (taken across finite bins via `nanargmax`), and every other science field NaN-fills. ... 2026-05-15 11:24:41,517 
- imap_l3_processing.swapi.l3a.chunk_fits - WARNING - Proton fit at epoch 2025-05-08 18:12:40.816000: NaN in input 
count rate; using fill values
ok
test_no_flag_when_rotations_missing 
(swapi.l3a.test_chunk_fits.TestProtonChunkFitterQualityFlags.test_no_flag_when_rotations_missing)
Calling fit_chunk with no rotations reports a NONE quality flag (ephemeris gaps are treated as data gaps without a 
dedicated flag) and falls back to peak-bin ESA voltage as `proton_sw_speed`; every other science field NaN-fills. ... 
2026-05-15 11:24:41,518 - imap_l3_processing.swapi.l3a.chunk_fits - WARNING - Proton fit at epoch 2025-05-08 
18:12:40.816000: missing rotation matrices; using fill values
ok
test_getting_alpha_sw_data_product_variables 
(swapi.l3a.test_models.TestModels.test_getting_alpha_sw_data_product_variables) ... ok
test_getting_proton_sw_data_product_variables 
(swapi.l3a.test_models.TestModels.test_getting_proton_sw_data_product_variables) ... ok
test_getting_pui_data_product_variables (swapi.l3a.test_models.TestModels.test_getting_pui_data_product_variables) ... 
ok
test_fetch_dependencies (swapi.l3a.test_swapi_l3a_dependencies.TestSwapiL3ADependencies.test_fetch_dependencies) ... ok
test_fetch_dependencies_with_l1d_mag 
(swapi.l3a.test_swapi_l3a_dependencies.TestSwapiL3ADependencies.test_fetch_dependencies_with_l1d_mag) ... ok
test_from_file_paths (swapi.l3a.test_swapi_l3a_dependencies.TestSwapiL3ADependencies.test_from_file_paths) ... ok
test_from_file_paths_without_mag 
(swapi.l3a.test_swapi_l3a_dependencies.TestSwapiL3ADependencies.test_from_file_paths_without_mag) ... ok
test_2d_array_input_preserves_shape (swapi.l3a.test_utils.TestCalculateSwSpeed.test_2d_array_input_preserves_shape)
calculate_sw_speed preserves the input array shape (no flattening or broadcasting collapse). ... ok
test_2d_array_matches_analytic_formula_per_element 
(swapi.l3a.test_utils.TestCalculateSwSpeed.test_2d_array_matches_analytic_formula_per_element)
calculate_sw_speed on a 2D energy array matches the analytic v = sqrt(2qE/m) (in km/s) element-by-element. ... ok
test_empty_array_input_returns_empty_array 
(swapi.l3a.test_utils.TestCalculateSwSpeed.test_empty_array_input_returns_empty_array)
calculate_sw_speed returns an empty array when given one, without errors. ... ok
test_ufloat_array_input_propagates_uncertainty_per_element 
(swapi.l3a.test_utils.TestCalculateSwSpeed.test_ufloat_array_input_propagates_uncertainty_per_element)
A numpy array of UFloat energies returns per-element UFloat speeds with each element's own \u03c3_E correctly 
propagated. ... ok
test_ufloat_scalar_propagates_uncertainty 
(swapi.l3a.test_utils.TestCalculateSwSpeed.test_ufloat_scalar_propagates_uncertainty)
A scalar ufloat energy returns a ufloat speed with uncertainty \u03c3_v = v ╖ \u03c3_E / (2E) per first-order error 
propagation. ... ok
test_chunk_l2_data (swapi.l3a.test_utils.TestChunkL2Data.test_chunk_l2_data)
chunk_l2_data splits a 4-sweep L2 dataset into two 2-sweep chunks, copying epoch, energy, count rate, and uncertainty 
into each chunk. ... ok
test_chunk_l2_data_partial_trailing_chunk_is_dropped 
(swapi.l3a.test_utils.TestChunkL2Data.test_chunk_l2_data_partial_trailing_chunk_is_dropped)
When the sweep count is not a multiple of the chunk size, the trailing partial chunk is dropped rather than yielded 
short. ... ok
test_reading_l2_data_into_model (swapi.l3a.test_utils.TestReadL2SwapiData.test_reading_l2_data_into_model)
read_l2_swapi_data parses a CDF into SwapiL2Data, decoding the start time to TT2000 and replacing each variable's 
FILLVAL entries with NaN. ... ok
test_reads_b_rtn_and_epoch_into_mag_data 
(swapi.l3a.test_utils.TestReadMagRtnData.test_reads_b_rtn_and_epoch_into_mag_data)
read_mag_rtn_data converts CDF epochs to TT2000 and keeps only the leading three vector components of b_rtn (dropping 
the magnitude column). ... ok
test_get_spacecraft_velocity_rtn_returns_finite_orbital_velocity 
(swapi.l3a.test_utils.TestSwapiSpiceHelpers.test_get_spacecraft_velocity_rtn_returns_finite_orbital_velocity)
get_spacecraft_velocity_rtn returns a finite 3-vector with magnitude in the 10û60 km/s band, ruling out 
unit-conversion mistakes for IMAP near L1. ... ok
test_get_swapi_geometry_returns_orthonormal_rotation_per_time 
(swapi.l3a.test_utils.TestSwapiSpiceHelpers.test_get_swapi_geometry_returns_orthonormal_rotation_per_time)
get_swapi_geometry returns one proper-orthogonal (right-handed) rotation matrix per input time across a 30 s window. 
... ok
test_rotate_rtn_to_dps_preserves_vector_magnitude 
(swapi.l3a.test_utils.TestSwapiSpiceHelpers.test_rotate_rtn_to_dps_preserves_vector_magnitude)
rotate_rtn_to_dps applies a pure rotation, so the magnitude of the output vector equals the input magnitude. ... ok
test_calculate_combined_differential_flux (swapi.l3b.science.test_calculate_solar_wind_differential_flux.TestCalculateS
olarWindDifferentialFlux.test_calculate_combined_differential_flux) ... ok
test_calculate_alpha_solar_wind_vdf 
(swapi.l3b.science.test_calculate_solar_wind_vdf.TestCalculateSolarWindVDF.test_calculate_alpha_solar_wind_vdf) ... ok
test_calculate_delta_minus_plus 
(swapi.l3b.science.test_calculate_solar_wind_vdf.TestCalculateSolarWindVDF.test_calculate_delta_minus_plus) ... ok
test_calculate_delta_minus_plus_reversed 
(swapi.l3b.science.test_calculate_solar_wind_vdf.TestCalculateSolarWindVDF.test_calculate_delta_minus_plus_reversed) 
... ok
test_calculate_delta_minus_plus_uneven 
(swapi.l3b.science.test_calculate_solar_wind_vdf.TestCalculateSolarWindVDF.test_calculate_delta_minus_plus_uneven) ... 
ok
test_calculate_pickup_ion_solar_wind_vdf 
(swapi.l3b.science.test_calculate_solar_wind_vdf.TestCalculateSolarWindVDF.test_calculate_pickup_ion_solar_wind_vdf) 
... ok
test_calculate_proton_solar_wind_vdf 
(swapi.l3b.science.test_calculate_solar_wind_vdf.TestCalculateSolarWindVDF.test_calculate_proton_solar_wind_vdf) ... ok
test_get_efficiency_function_handles_float_input (swapi.l3b.science.test_efficiency_calibration_table.TestEfficiencyCal
ibrationTable.test_get_efficiency_function_handles_float_input) ... ok
test_loads_calibration_table_and_returns_alpha_efficiency_for_a_time (swapi.l3b.science.test_efficiency_calibration_tab
le.TestEfficiencyCalibrationTable.test_loads_calibration_table_and_returns_alpha_efficiency_for_a_time) ... ok
test_loads_calibration_table_and_returns_proton_efficiency_for_a_time (swapi.l3b.science.test_efficiency_calibration_ta
ble.TestEfficiencyCalibrationTable.test_loads_calibration_table_and_returns_proton_efficiency_for_a_time) ... ok
test_loads_calibration_table_raises_exception_if_ask_for_time_before_the_table_starts (swapi.l3b.science.test_efficienc
y_calibration_table.TestEfficiencyCalibrationTable.test_loads_calibration_table_raises_exception_if_ask_for_time_before
_the_table_starts) ... ok
test_geometric_factor_table_from_file (swapi.l3b.science.test_geometric_factor_calibration_table.TestGeometricFactorTab
le.test_geometric_factor_table_from_file) ... ok
test_get_table_for_energy_bin (swapi.l3b.science.test_instrument_response_lookup_table.TestInstrumentResponseLookupTabl
e.test_get_table_for_energy_bin) ... ok
test_get_table_for_energy_bin_handles_mac_metadata (swapi.l3b.science.test_instrument_response_lookup_table.TestInstrum
entResponseLookupTable.test_get_table_for_energy_bin_handles_mac_metadata) ... ok
test_integral_factor 
(swapi.l3b.science.test_instrument_response_lookup_table.TestInstrumentResponseLookupTable.test_integral_factor) ... ok
test_combined_vdf_data_products (swapi.l3b.test_models.TestModels.test_combined_vdf_data_products) ... ok
test_fetch_dependencies (swapi.l3b.test_swapi_l3b_dependencies.TestSwapiL3BDependencies.test_fetch_dependencies) ... ok
test_from_file_paths (swapi.l3b.test_swapi_l3b_dependencies.TestSwapiL3BDependencies.test_from_file_paths) ... ok
test_at_grid_point_returns_csv_value 
(swapi.response.test_azimuthal_transmission.TestInterpolateAzimuthalTransmission.test_at_grid_point_returns_csv_value)
Exact-index lookups: interpolation weights collapse to 1, so the ... ok
test_clamps_at_and_past_the_last_index (swapi.response.test_azimuthal_transmission.TestInterpolateAzimuthalTransmission
.test_clamps_at_and_past_the_last_index)
At and past the last stored index, both bracketing neighbors are ... ok
test_linear_interpolation_halfway_between_grid_points (swapi.response.test_azimuthal_transmission.TestInterpolateAzimut
halTransmission.test_linear_interpolation_halfway_between_grid_points)
Halfway between two adjacent CSV rows must equal their average. ... ok
test_linear_interpolation_off_center_between_grid_points (swapi.response.test_azimuthal_transmission.TestInterpolateAzi
muthalTransmission.test_linear_interpolation_off_center_between_grid_points)
Off-center fractions exercise the interpolation weights, not just ... ok
test_symmetric_about_zero 
(swapi.response.test_azimuthal_transmission.TestInterpolateAzimuthalTransmission.test_symmetric_about_zero)
The lookup uses |az|, so T(-x) must equal T(+x) for any x. ... ok
test_wraps_arguments_into_canonical_180_interval (swapi.response.test_azimuthal_transmission.TestInterpolateAzimuthalTr
ansmission.test_wraps_arguments_into_canonical_180_interval)
The wrap formula `(az + 180) % 360 - 180` maps any real azimuth into ... ok
test_clamps_lower_index_when_past_grid_extent (swapi.response.test_azimuthal_transmission.TestInterpolateAzimuthalTrans
missionWithShorterGrid.test_clamps_lower_index_when_past_grid_extent)
When the floor of `|az|/spacing` lands past the last array index, ... ok
test_csv_layout_matches_production_spacing 
(swapi.response.test_azimuthal_transmission.TestRealGridShape.test_csv_layout_matches_production_spacing) ... ok
test_226_hz_loss_at_35000_hz_measured_rate 
(swapi.response.test_deadtime.TestDeadtimeFactor.test_226_hz_loss_at_35000_hz_measured_rate) ... ok
test_factor_is_bounded_in_unit_interval 
(swapi.response.test_deadtime.TestDeadtimeFactor.test_factor_is_bounded_in_unit_interval) ... ok
test_factor_is_half_when_rate_equals_one_over_tau 
(swapi.response.test_deadtime.TestDeadtimeFactor.test_factor_is_half_when_rate_equals_one_over_tau) ... ok
test_factor_is_monotonically_decreasing 
(swapi.response.test_deadtime.TestDeadtimeFactor.test_factor_is_monotonically_decreasing) ... ok
test_zero_rate_produces_unit_factor 
(swapi.response.test_deadtime.TestDeadtimeFactor.test_zero_rate_produces_unit_factor) ... ok
test_boundary_marks_cutoff_crossing 
(swapi.response.test_passband_grid.TestBuildPassbandGrid.test_boundary_marks_cutoff_crossing)
For every row inside the active elevation range, the row's value at ... ok
test_elevation_range_brackets_peak 
(swapi.response.test_passband_grid.TestBuildPassbandGrid.test_elevation_range_brackets_peak)
Two grids built with peaks at different elevations must each have an ... ok
test_elevation_range_marks_cutoff_crossing 
(swapi.response.test_passband_grid.TestBuildPassbandGrid.test_elevation_range_marks_cutoff_crossing)
Rounding the default Gaussian's tails to exactly zero pushes the ... ok
test_grid_is_normalized_so_on_axis_value_is_one 
(swapi.response.test_passband_grid.TestBuildPassbandGrid.test_grid_is_normalized_so_on_axis_value_is_one)
`build_passband_grid` normalizes the grid so that ... ok
test_output_is_resampled_to_target_axes 
(swapi.response.test_passband_grid.TestBuildPassbandGrid.test_output_is_resampled_to_target_axes)
Regardless of the input DataFrame's sampling, the output is resampled ... ok
test_speed_ratio_indexing_via_k_factor 
(swapi.response.test_passband_grid.TestBuildPassbandGrid.test_speed_ratio_indexing_via_k_factor)
`_build_passband_array` converts `energy_ratio -> speed_ratio` ... ok
test_matches_corner_weighted_sum 
(swapi.response.test_passband_grid.TestInterpolatePassband.test_matches_corner_weighted_sum)
`interpolate_passband` returns the bilinear-weighted sum of the four ... ok
test_returns_zero_outside_grid_in_either_axis 
(swapi.response.test_passband_grid.TestInterpolatePassband.test_returns_zero_outside_grid_in_either_axis)
Out-of-bounds query in either axis returns 0.0. ... ok
test_min_is_no_greater_than_max 
(swapi.response.test_passband_grid.TestSpeedRatioRangeAtElevation.test_min_is_no_greater_than_max)
min <= max at every elevation inside the active range. ... ok
test_nan_row_handling_at_active_range_edges 
(swapi.response.test_passband_grid.TestSpeedRatioRangeAtElevation.test_nan_row_handling_at_active_range_edges)
Outside the active passband the boundary arrays carry NaN. When the ... ok
test_returns_cutoff_crossing_for_on_grid_elevation 
(swapi.response.test_passband_grid.TestSpeedRatioRangeAtElevation.test_returns_cutoff_crossing_for_on_grid_elevation)
At each on-grid elevation in the active range, the returned (lo, hi) ... ok
test_returns_union_of_bracketing_rows_for_off_grid_elevation (swapi.response.test_passband_grid.TestSpeedRatioRangeAtEl
evation.test_returns_union_of_bracketing_rows_for_off_grid_elevation)
For an elevation between two grid rows, the returned (lo, hi) ... ok
test_azimuthal_transmission_grid_pass_through 
(swapi.response.test_swapi_response.TestCreateResponseGrid.test_azimuthal_transmission_grid_pass_through) ... ok
test_cache_is_keyed_on_all_three_arguments 
(swapi.response.test_swapi_response.TestCreateResponseGrid.test_cache_is_keyed_on_all_three_arguments)
A different value in any of (voltage, species, ea_scale) ... ok
test_central_effective_area_field_matches_csv_at_1kev_proton (swapi.response.test_swapi_response.TestCreateResponseGrid
.test_central_effective_area_field_matches_csv_at_1kev_proton) ... ok
test_central_speed_depends_on_species 
(swapi.response.test_swapi_response.TestCreateResponseGrid.test_central_speed_depends_on_species)
Different mass-per-charge \u2192 different central speed in the same grid. ... ok
test_central_speed_field_matches_proton_speed_formula 
(swapi.response.test_swapi_response.TestCreateResponseGrid.test_central_speed_field_matches_proton_speed_formula) ... 
ok
test_effective_area_scale_multiplies_central_effective_area 
(swapi.response.test_swapi_response.TestCreateResponseGrid.test_effective_area_scale_multiplies_central_effective_area)
`central_effective_area_scale` is the species-specific efficiency ... ok
test_raises_keyerror_when_voltage_not_warmed 
(swapi.response.test_swapi_response.TestCreateResponseGrid.test_raises_keyerror_when_voltage_not_warmed)
`get_response_grid` requires a prior `warm_cache` at the same V; the ... ok
test_repeat_call_returns_cached_object 
(swapi.response.test_swapi_response.TestCreateResponseGrid.test_repeat_call_returns_cached_object)
Regression: the cache key was previously a generator expression, so ... ok
test_sg_and_oa_passband_fields_share_identity_with_cached_grids (swapi.response.test_swapi_response.TestCreateResponseG
rid.test_sg_and_oa_passband_fields_share_identity_with_cached_grids) ... ok
test_passband_grid_bounds_at_high_voltage 
(swapi.response.test_swapi_response.TestPassbandInterpolation.test_passband_grid_bounds_at_high_voltage) ... ok
test_passband_grid_bounds_at_low_voltage 
(swapi.response.test_swapi_response.TestPassbandInterpolation.test_passband_grid_bounds_at_low_voltage) ... ok
test_values_match_manual_polyval 
(swapi.response.test_swapi_response.TestPassbandInterpolation.test_values_match_manual_polyval) ... ok
test_accepts_2d_voltage_array (swapi.response.test_swapi_response.TestWarmCacheApi.test_accepts_2d_voltage_array)
Multidimensional voltage inputs are flattened. ... ok
test_populates_cache_with_unique_finite_voltages 
(swapi.response.test_swapi_response.TestWarmCacheApi.test_populates_cache_with_unique_finite_voltages)
Duplicates collapse, NaN/inf are skipped. ... ok
test_warming_twice_at_same_voltage_is_a_noop 
(swapi.response.test_swapi_response.TestWarmCacheApi.test_warming_twice_at_same_voltage_is_a_noop)
A second `warm_cache` at the same voltage keeps the existing ... ok
test_coarse_and_fine_partition_science_bins 
(swapi.test_constants.TestConstants.test_coarse_and_fine_partition_science_bins) ... ok
test_coarse_sweep_has_62_bins_and_fine_has_9 
(swapi.test_constants.TestConstants.test_coarse_sweep_has_62_bins_and_fine_has_9) ... ok
test_discarded_bin_is_zero (swapi.test_constants.TestConstants.test_discarded_bin_is_zero) ... ok
test_l2_label_k_factor_differs_from_simion 
(swapi.test_constants.TestConstants.test_l2_label_k_factor_differs_from_simion) ... ok
test_science_bins_excludes_discarded_bin (swapi.test_constants.TestConstants.test_science_bins_excludes_discarded_bin) 
... ok
test_simion_k_factor (swapi.test_constants.TestConstants.test_simion_k_factor) ... ok
test_process_l3a_alpha (swapi.test_swapi_processor.TestSwapiProcessor.test_process_l3a_alpha) ... ok
test_process_l3a_alpha_raises_when_mag_data_missing 
(swapi.test_swapi_processor.TestSwapiProcessor.test_process_l3a_alpha_raises_when_mag_data_missing) ... ok
test_process_l3a_proton (swapi.test_swapi_processor.TestSwapiProcessor.test_process_l3a_proton) ... ok
test_process_l3a_pui (swapi.test_swapi_processor.TestSwapiProcessor.test_process_l3a_pui) ... ok
test_process_l3a_pui_combines_proton_and_pui_quality_flags 
(swapi.test_swapi_processor.TestSwapiProcessor.test_process_l3a_pui_combines_proton_and_pui_quality_flags) ... ok
test_process_l3a_pui_outputs_fill_for_chunks_with_fill 
(swapi.test_swapi_processor.TestSwapiProcessor.test_process_l3a_pui_outputs_fill_for_chunks_with_fill) ... ok
test_process_l3a_raises_for_unknown_descriptor 
(swapi.test_swapi_processor.TestSwapiProcessor.test_process_l3a_raises_for_unknown_descriptor) ... ok
test_process_l3b (swapi.test_swapi_processor.TestSwapiProcessor.test_process_l3b) ... ok
test_data_to_product_variables (swe.l3.science.test_models.TestModels.test_data_to_product_variables) ... ok
test_calculate_fit_temperature_density_velocity_is_consistent_with_heritage_on_full_data (swe.l3.science.test_moments_c
alculation.TestMomentsCalculation.test_calculate_fit_temperature_density_velocity_is_consistent_with_heritage_on_full_d
ata) ... ok
test_calculate_primary_eigenvector 
(swe.l3.science.test_moments_calculation.TestMomentsCalculation.test_calculate_primary_eigenvector) ... ok
test_calculate_primary_eigenvector_error_cases 
(swe.l3.science.test_moments_calculation.TestMomentsCalculation.test_calculate_primary_eigenvector_error_cases) ... ok
test_check_temperature_outlier_flag 
(swe.l3.science.test_moments_calculation.TestMomentsCalculation.test_check_temperature_outlier_flag) ... ok
test_compute_maxwellian_weight_factors_reproduces_heritage_results (swe.l3.science.test_moments_calculation.TestMoments
Calculation.test_compute_maxwellian_weight_factors_reproduces_heritage_results) ... ok
test_filter_and_flatten_regress_parameters 
(swe.l3.science.test_moments_calculation.TestMomentsCalculation.test_filter_and_flatten_regress_parameters) ... ok
test_fit_moments_retrying_on_failure 
(swe.l3.science.test_moments_calculation.TestMomentsCalculation.test_fit_moments_retrying_on_failure) ... ok
test_fit_moments_retrying_on_failure_should_stop_retrying_with_few_energies_and_return_none_if_negative_density (swe.l3
.science.test_moments_calculation.TestMomentsCalculation.test_fit_moments_retrying_on_failure_should_stop_retrying_with
_few_energies_and_return_none_if_negative_density) ... ok
test_fit_moments_retrying_on_failure_should_stop_retrying_with_few_energies_and_return_none_if_no_density (swe.l3.scien
ce.test_moments_calculation.TestMomentsCalculation.test_fit_moments_retrying_on_failure_should_stop_retrying_with_few_e
nergies_and_return_none_if_no_density) ... ok
test_fit_moments_retrying_on_failure_should_stop_retrying_with_few_energies_but_return_results_if_high_density (swe.l3.
science.test_moments_calculation.TestMomentsCalculation.test_fit_moments_retrying_on_failure_should_stop_retrying_with_
few_energies_but_return_results_if_high_density) ... ok
test_halo_fit_moments_retrying_on_failure 
(swe.l3.science.test_moments_calculation.TestMomentsCalculation.test_halo_fit_moments_retrying_on_failure) ... ok
test_halotrunc (swe.l3.science.test_moments_calculation.TestMomentsCalculation.test_halotrunc) ... ok
test_integrate (swe.l3.science.test_moments_calculation.TestMomentsCalculation.test_integrate) ... ok
test_integrate_returns_early_when_density_is_negative 
(swe.l3.science.test_moments_calculation.TestMomentsCalculation.test_integrate_returns_early_when_density_is_negative) 
... ok
test_integrate_with_nonzero_cdelnv_and_cdelt 
(swe.l3.science.test_moments_calculation.TestMomentsCalculation.test_integrate_with_nonzero_cdelnv_and_cdelt) ... ok
test_momscale (swe.l3.science.test_moments_calculation.TestMomentsCalculation.test_momscale) ... ok
test_regress_reproduces_heritage_results_given_all_test_data (swe.l3.science.test_moments_calculation.TestMomentsCalcul
ation.test_regress_reproduces_heritage_results_given_all_test_data) ... ok
test_rotate_dps_vector_to_rtn 
(swe.l3.science.test_moments_calculation.TestMomentsCalculation.test_rotate_dps_vector_to_rtn) ... ok
test_rotate_dps_vector_to_rtn_excepts_and_catches 
(swe.l3.science.test_moments_calculation.TestMomentsCalculation.test_rotate_dps_vector_to_rtn_excepts_and_catches) ... 
2026-05-15 11:24:44,129 - imap_l3_processing.swe.l3.science.moment_calculations - INFO - Failed to rotate the vector 
using the rotation matrix from pxform. Error:

================================================================================

Toolkit version: CSPICE_N0067

Missing coverage for IMAP_DPS --





================================================================================
ok
test_rotate_heat_flux (swe.l3.science.test_moments_calculation.TestMomentsCalculation.test_rotate_heat_flux) ... ok
test_rotate_temperature (swe.l3.science.test_moments_calculation.TestMomentsCalculation.test_rotate_temperature) ... ok
test_rotate_temperature_sensor_to_mag_with_negative_diagonal (swe.l3.science.test_moments_calculation.TestMomentsCalcul
ation.test_rotate_temperature_sensor_to_mag_with_negative_diagonal) ... ok
test_rotate_temperature_tensor_to_mag 
(swe.l3.science.test_moments_calculation.TestMomentsCalculation.test_rotate_temperature_tensor_to_mag) ... ok
test_rotate_temperature_tensor_to_mag_with_ratio_less_than_one (swe.l3.science.test_moments_calculation.TestMomentsCalc
ulation.test_rotate_temperature_tensor_to_mag_with_ratio_less_than_one) ... ok
test_rotation_matrix_builder 
(swe.l3.science.test_moments_calculation.TestMomentsCalculation.test_rotation_matrix_builder) ... ok
test_scale_core_density (swe.l3.science.test_moments_calculation.TestMomentsCalculation.test_scale_core_density) ... ok
test_scale_core_density_with_base_less_than_zero 
(swe.l3.science.test_moments_calculation.TestMomentsCalculation.test_scale_core_density_with_base_less_than_zero) ... 
ok
test_scale_halo_density (swe.l3.science.test_moments_calculation.TestMomentsCalculation.test_scale_halo_density) ... ok
test_scale_halo_density_difference_in_breakpoints_is_greater_than_base_energy (swe.l3.science.test_moments_calculation.
TestMomentsCalculation.test_scale_halo_density_difference_in_breakpoints_is_greater_than_base_energy) ... ok
test_average_flux (swe.l3.science.test_pitch_calculations.TestPitchCalculations.test_average_flux) ... ok
test_average_over_look_directions_with_zeroes 
(swe.l3.science.test_pitch_calculations.TestPitchCalculations.test_average_over_look_directions_with_zeroes) ... ok
test_calculate_energy (swe.l3.science.test_pitch_calculations.TestPitchCalculations.test_calculate_energy) ... ok
test_compute_velocity (swe.l3.science.test_pitch_calculations.TestPitchCalculations.test_compute_velocity) ... ok
test_compute_velocity_and_confirm_energy_calculation 
(swe.l3.science.test_pitch_calculations.TestPitchCalculations.test_compute_velocity_and_confirm_energy_calculation) 
... ok
test_correct_and_rebin (swe.l3.science.test_pitch_calculations.TestPitchCalculations.test_correct_and_rebin) ... ok
test_integrate_distribution_decides_inbound_and_outbound_based_on_config_energy_index (swe.l3.science.test_pitch_calcul
ations.TestPitchCalculations.test_integrate_distribution_decides_inbound_and_outbound_based_on_config_energy_index) 
... ok
test_integrate_distribution_to_get_1d_spectrum 
(swe.l3.science.test_pitch_calculations.TestPitchCalculations.test_integrate_distribution_to_get_1d_spectrum) ... ok
test_integrate_distribution_to_get_1d_spectrum_ignores_nan_values (swe.l3.science.test_pitch_calculations.TestPitchCalc
ulations.test_integrate_distribution_to_get_1d_spectrum_ignores_nan_values) ... ok
test_integrate_distribution_to_get_inbound_and_outbound_ignores_fill (swe.l3.science.test_pitch_calculations.TestPitchC
alculations.test_integrate_distribution_to_get_inbound_and_outbound_ignores_fill) ... ok
test_look_direction (swe.l3.science.test_pitch_calculations.TestPitchCalculations.test_look_direction) ... ok
test_mec_breakpoint_finder (swe.l3.science.test_pitch_calculations.TestPitchCalculations.test_mec_breakpoint_finder) 
... C:\Users\Harrison\AppData\Local\Programs\Python\Python312\Lib\importlib\__init__.py:90: DeprecationWarning: 
`scipy.odr` is deprecated as of version 1.17.0 and will be removed in SciPy 1.19.0. Please use 
`https://pypi.org/project/odrpack/` instead.
  return _bootstrap._gcd_import(name[level:], package, level)
ok
test_rebin_by_pitch_angle (swe.l3.science.test_pitch_calculations.TestPitchCalculations.test_rebin_by_pitch_angle) ... 
ok
test_rebin_by_pitch_angle_and_gyrophase 
(swe.l3.science.test_pitch_calculations.TestPitchCalculations.test_rebin_by_pitch_angle_and_gyrophase) ... ok
test_rebin_by_pitch_angle_ignores_zero_measurements 
(swe.l3.science.test_pitch_calculations.TestPitchCalculations.test_rebin_by_pitch_angle_ignores_zero_measurements) ... 
ok
test_rebin_by_pitch_angle_skips_bins_with_invalid_measurements (swe.l3.science.test_pitch_calculations.TestPitchCalcula
tions.test_rebin_by_pitch_angle_skips_bins_with_invalid_measurements) ... ok
test_rebin_by_pitch_angle_skips_bins_with_less_than_two_measurements (swe.l3.science.test_pitch_calculations.TestPitchC
alculations.test_rebin_by_pitch_angle_skips_bins_with_less_than_two_measurements) ... ok
test_rebin_by_pitch_angle_uses_energy_within_configured_percent_of_nominal (swe.l3.science.test_pitch_calculations.Test
PitchCalculations.test_rebin_by_pitch_angle_uses_energy_within_configured_percent_of_nominal) ... ok
test_rebin_full_size_data (swe.l3.science.test_pitch_calculations.TestPitchCalculations.test_rebin_full_size_data) ... 
ok
test_rebin_swe_intensity (swe.l3.science.test_pitch_calculations.TestPitchCalculations.test_rebin_swe_intensity) ... ok
test_fetch_dependencies (swe.l3.test_swe_l3_dependencies.TestSweL3Dependencies.test_fetch_dependencies) ... ok
test_fetch_dependencies_prioritizes_mag_l2_data 
(swe.l3.test_swe_l3_dependencies.TestSweL3Dependencies.test_fetch_dependencies_prioritizes_mag_l2_data) ... ok
test_fetch_dependencies_raises_if_no_mag 
(swe.l3.test_swe_l3_dependencies.TestSweL3Dependencies.test_fetch_dependencies_raises_if_no_mag) ... ok
test_from_file_paths (swe.l3.test_swe_l3_dependencies.TestSweL3Dependencies.test_from_file_paths) ... ok
test_compute_epoch_delta_in_ns (swe.l3.test_utils.TestUtils.test_compute_epoch_delta_in_ns) ... ok
test_read_l1b_swe_data (swe.l3.test_utils.TestUtils.test_read_l1b_swe_data) ... ok
test_read_l2_swe_data (swe.l3.test_utils.TestUtils.test_read_l2_swe_data) ... ok
test_read_l3a_swapi_proton_data (swe.l3.test_utils.TestUtils.test_read_l3a_swapi_proton_data) ... ok
test_read_l3a_swapi_proton_data_with_fill_values 
(swe.l3.test_utils.TestUtils.test_read_l3a_swapi_proton_data_with_fill_values) ... ok
test_read_swe_config (swe.l3.test_utils.TestUtils.test_read_swe_config) ... ok
test_combines_negative_sources_correctly 
(swe.test_swe_processor.TestCheckAndMaskNegativeMoments.test_combines_negative_sources_correctly) ... ok
test_negative_core_density_masks_core_and_total_and_flags 
(swe.test_swe_processor.TestCheckAndMaskNegativeMoments.test_negative_core_density_masks_core_and_total_and_flags) ... 
ok
test_negative_core_tensor_diagonal_masks_core_and_total_and_flags (swe.test_swe_processor.TestCheckAndMaskNegativeMomen
ts.test_negative_core_tensor_diagonal_masks_core_and_total_and_flags) ... ok
test_negative_core_tensor_off_diagonal_does_not_flag_or_mask 
(swe.test_swe_processor.TestCheckAndMaskNegativeMoments.test_negative_core_tensor_off_diagonal_does_not_flag_or_mask) 
... ok
test_negative_halo_density_masks_halo_and_total_and_flags 
(swe.test_swe_processor.TestCheckAndMaskNegativeMoments.test_negative_halo_density_masks_halo_and_total_and_flags) ... 
ok
test_negative_halo_tensor_diagonal_masks_halo_and_total_and_flags (swe.test_swe_processor.TestCheckAndMaskNegativeMomen
ts.test_negative_halo_tensor_diagonal_masks_halo_and_total_and_flags) ... ok
test_negative_halo_tensor_off_diagonal_does_not_flag_or_mask 
(swe.test_swe_processor.TestCheckAndMaskNegativeMoments.test_negative_halo_tensor_off_diagonal_does_not_flag_or_mask) 
... ok
test_negative_total_density_masks_only_total_and_flags 
(swe.test_swe_processor.TestCheckAndMaskNegativeMoments.test_negative_total_density_masks_only_total_and_flags) ... ok
test_negative_total_tensor_diagonal_masks_only_total_and_flags (swe.test_swe_processor.TestCheckAndMaskNegativeMoments.
test_negative_total_tensor_diagonal_masks_only_total_and_flags) ... ok
test_negative_total_tensor_off_diagonal_does_not_flag_or_mask 
(swe.test_swe_processor.TestCheckAndMaskNegativeMoments.test_negative_total_tensor_off_diagonal_does_not_flag_or_mask) 
... ok
test_calculate_moment_products (swe.test_swe_processor.TestSweProcessor.test_calculate_moment_products) ... 2026-05-15 
11:24:44,992 - imap_l3_processing.swe.swe_processor - INFO - core integrate failed at index 1
2026-05-15 11:24:44,992 - imap_l3_processing.swe.swe_processor - INFO - halo integrate failed at index 1
2026-05-15 11:24:44,992 - imap_l3_processing.swe.swe_processor - INFO - bad core moment fit result at index 2
2026-05-15 11:24:44,992 - imap_l3_processing.swe.swe_processor - INFO - bad halo moment fit result at index 2
ok
test_calculate_moment_products_handles_bad_fit_indices_and_continues 
(swe.test_swe_processor.TestSweProcessor.test_calculate_moment_products_handles_bad_fit_indices_and_continues) ... 
C:\Users\Harrison\Development\imap_L3_processing\imap_l3_processing\swe\l3\science\pitch_calculations.py:178: 
RuntimeWarning: invalid value encountered in sqrt
  speed_meters_per_second = np.sqrt(energy * PROTON_CHARGE_COULOMBS * 2 / ELECTRON_MASS_KG)
ok
test_calculate_moment_products_handles_errors_with_fill 
(swe.test_swe_processor.TestSweProcessor.test_calculate_moment_products_handles_errors_with_fill) ... ok
test_calculate_moment_products_only_integrates_temperatures_in_a_range 
(swe.test_swe_processor.TestSweProcessor.test_calculate_moment_products_only_integrates_temperatures_in_a_range) ... 
2026-05-15 11:24:45,048 - imap_l3_processing.swe.swe_processor - INFO - core temp 999.0 out of range at index 0
2026-05-15 11:24:45,048 - imap_l3_processing.swe.swe_processor - INFO - halo temp 9999.0 out of range at index 0
2026-05-15 11:24:45,051 - imap_l3_processing.swe.swe_processor - INFO - core temp 10000001.0 out of range at index 3
2026-05-15 11:24:45,051 - imap_l3_processing.swe.swe_processor - INFO - halo temp 100000001.0 out of range at index 3
ok
test_calculate_pitch_angle_and_gyrophase_products 
(swe.test_swe_processor.TestSweProcessor.test_calculate_pitch_angle_and_gyrophase_products) ... ok
test_calculate_pitch_angle_products_makes_nan_if_no_mag_close_enough 
(swe.test_swe_processor.TestSweProcessor.test_calculate_pitch_angle_products_makes_nan_if_no_mag_close_enough) ... 
C:\Users\Harrison\Development\imap_L3_processing\.venv\Lib\site-packages\numpy\lib\_nanfunctions_impl.py:1215: 
RuntimeWarning: Mean of empty slice
  return np.nanmean(a, axis, out=out, keepdims=keepdims)
C:\Users\Harrison\Development\imap_L3_processing\.venv\Lib\site-packages\numpy\lib\_nanfunctions_impl.py:2019: 
RuntimeWarning: Degrees of freedom <= 0 for slice.
  var = nanvar(a, axis=axis, dtype=dtype, out=out, ddof=ddof,
ok
test_calculate_pitch_angle_products_without_mocks 
(swe.test_swe_processor.TestSweProcessor.test_calculate_pitch_angle_products_without_mocks) ... ok
test_calculate_products (swe.test_swe_processor.TestSweProcessor.test_calculate_products) ... ok
test_negative_moment_mask_runs_before_temperature_outlier_checks 
(swe.test_swe_processor.TestSweProcessor.test_negative_moment_mask_runs_before_temperature_outlier_checks) ... ok
test_process (swe.test_swe_processor.TestSweProcessor.test_process) ... ok
test_1d_rebin (test_data_utils.TestDataUtils.test_1d_rebin) ... ok
test_find_closest_neighbor (test_data_utils.TestDataUtils.test_find_closest_neighbor) ... ok
test_find_closest_neighbor_handles_large_dataset 
(test_data_utils.TestDataUtils.test_find_closest_neighbor_handles_large_dataset) ... ok
test_find_closest_neighbor_handles_nan_values 
(test_data_utils.TestDataUtils.test_find_closest_neighbor_handles_nan_values) ... ok
test_gap_in_to_epoch (test_data_utils.TestDataUtils.test_gap_in_to_epoch) ... ok
test_rebin_empty_bins_with_nan (test_data_utils.TestDataUtils.test_rebin_empty_bins_with_nan) ... ok
test_rebin_handles_missing_data (test_data_utils.TestDataUtils.test_rebin_handles_missing_data) ... ok
test_rebin_with_extra_data_at_beginning_and_end 
(test_data_utils.TestDataUtils.test_rebin_with_extra_data_at_beginning_and_end) ... ok
test_rebin_with_missing_data_fills_with_nan 
(test_data_utils.TestDataUtils.test_rebin_with_missing_data_fills_with_nan) ... ok
test_does_not_upload_files_if_upload_to_sdc_flag_is_set_to_false 
(test_imap_l3_data_processor.TestImapL3DataProcessor.test_does_not_upload_files_if_upload_to_sdc_flag_is_set_to_false) 
... ok
test_failing_to_produce_an_sp_map_continues 
(test_imap_l3_data_processor.TestImapL3DataProcessor.test_failing_to_produce_an_sp_map_continues) ... ok
test_get_spice_kernels_based_on_input_collection 
(test_imap_l3_data_processor.TestImapL3DataProcessor.test_get_spice_kernels_based_on_input_collection) ... ok
test_invokes_correct_processor (test_imap_l3_data_processor.TestImapL3DataProcessor.test_invokes_correct_processor) 
... ok
test_scheduled_map_jobs_invoke_correct_initializer 
(test_imap_l3_data_processor.TestImapL3DataProcessor.test_scheduled_map_jobs_invoke_correct_initializer) ... 
2026-05-15 11:24:51,981 - imap_l3_data_processor - INFO - maps to produce ['sp-maps', 'sp-maps', 'sp-maps', 'sp-maps', 
'sp-maps', 'sp-maps', 'sp-maps', 'sp-maps', 'sp-maps', 'sp-maps', 'sp-maps', 'sp-maps', 'sp-maps', 'sp-maps', 
'sp-maps', 'sp-maps', 'sp-maps', 'sp-maps', 'sp-maps', 'sp-maps', 'sp-maps', 'sp-maps']
2026-05-15 11:24:51,981 - imap_l3_data_processor - INFO - Processing map sp-maps, 2025-01-01 00:00:00
2026-05-15 11:24:51,981 - imap_l3_data_processor - INFO - Processing map sp-maps, 2025-01-01 00:00:00
2026-05-15 11:24:51,981 - imap_l3_data_processor - INFO - Processing map sp-maps, 2025-01-01 00:00:00
2026-05-15 11:24:51,981 - imap_l3_data_processor - INFO - Processing map sp-maps, 2025-01-01 00:00:00
2026-05-15 11:24:51,982 - imap_l3_data_processor - INFO - Processing map sp-maps, 2025-01-01 00:00:00
2026-05-15 11:24:51,982 - imap_l3_data_processor - INFO - Processing map sp-maps, 2025-01-01 00:00:00
2026-05-15 11:24:51,982 - imap_l3_data_processor - INFO - Processing map sp-maps, 2025-01-01 00:00:00
2026-05-15 11:24:51,982 - imap_l3_data_processor - INFO - Processing map sp-maps, 2025-01-01 00:00:00
2026-05-15 11:24:51,982 - imap_l3_data_processor - INFO - Processing map sp-maps, 2025-01-01 00:00:00
2026-05-15 11:24:51,982 - imap_l3_data_processor - INFO - Processing map sp-maps, 2025-01-01 00:00:00
2026-05-15 11:24:51,982 - imap_l3_data_processor - INFO - Processing map sp-maps, 2025-01-01 00:00:00
2026-05-15 11:24:51,982 - imap_l3_data_processor - INFO - Processing map sp-maps, 2025-01-01 00:00:00
2026-05-15 11:24:51,982 - imap_l3_data_processor - INFO - Processing map sp-maps, 2025-01-01 00:00:00
2026-05-15 11:24:51,982 - imap_l3_data_processor - INFO - Processing map sp-maps, 2025-01-01 00:00:00
2026-05-15 11:24:51,983 - imap_l3_data_processor - INFO - Processing map sp-maps, 2025-01-01 00:00:00
2026-05-15 11:24:51,983 - imap_l3_data_processor - INFO - Processing map sp-maps, 2025-01-01 00:00:00
2026-05-15 11:24:51,983 - imap_l3_data_processor - INFO - Processing map sp-maps, 2025-01-01 00:00:00
2026-05-15 11:24:51,983 - imap_l3_data_processor - INFO - Processing map sp-maps, 2025-01-01 00:00:00
2026-05-15 11:24:51,983 - imap_l3_data_processor - INFO - Processing map sp-maps, 2025-01-01 00:00:00
2026-05-15 11:24:51,983 - imap_l3_data_processor - INFO - Processing map sp-maps, 2025-01-01 00:00:00
2026-05-15 11:24:51,983 - imap_l3_data_processor - INFO - Processing map sp-maps, 2025-01-01 00:00:00
2026-05-15 11:24:51,984 - imap_l3_data_processor - INFO - Processing map sp-maps, 2025-01-01 00:00:00
2026-05-15 11:24:51,986 - imap_l3_data_processor - INFO - maps to produce ['hic-maps', 'hic-maps', 'hic-maps', 
'hic-maps']
2026-05-15 11:24:51,986 - imap_l3_data_processor - INFO - Processing map hic-maps, 2025-01-01 00:00:00
2026-05-15 11:24:51,986 - imap_l3_data_processor - INFO - Processing map hic-maps, 2025-01-01 00:00:00
2026-05-15 11:24:51,986 - imap_l3_data_processor - INFO - Processing map hic-maps, 2025-01-01 00:00:00
2026-05-15 11:24:51,988 - imap_l3_data_processor - INFO - Processing map hic-maps, 2025-01-01 00:00:00
2026-05-15 11:24:51,988 - imap_l3_data_processor - INFO - maps to produce ['all-maps', 'all-maps']
2026-05-15 11:24:51,988 - imap_l3_data_processor - INFO - Processing map all-maps, 2025-01-01 00:00:00
2026-05-15 11:24:51,989 - imap_l3_data_processor - INFO - Processing map all-maps, 2025-01-01 00:00:00
2026-05-15 11:24:51,990 - imap_l3_data_processor - INFO - maps to produce ['u45-maps', 'u45-maps', 'u45-maps', 
'u45-maps', 'u45-maps', 'u45-maps', 'u45-maps', 'u45-maps', 'u45-maps', 'u45-maps', 'u45-maps', 'u45-maps', 
'u45-maps', 'u45-maps', 'u45-maps', 'u45-maps', 'u45-maps', 'u45-maps']
2026-05-15 11:24:51,990 - imap_l3_data_processor - INFO - Processing map u45-maps, 2025-01-01 00:00:00
2026-05-15 11:24:51,991 - imap_l3_data_processor - INFO - Processing map u45-maps, 2025-01-01 00:00:00
2026-05-15 11:24:51,991 - imap_l3_data_processor - INFO - Processing map u45-maps, 2025-01-01 00:00:00
2026-05-15 11:24:51,991 - imap_l3_data_processor - INFO - Processing map u45-maps, 2025-01-01 00:00:00
2026-05-15 11:24:51,991 - imap_l3_data_processor - INFO - Processing map u45-maps, 2025-01-01 00:00:00
2026-05-15 11:24:51,991 - imap_l3_data_processor - INFO - Processing map u45-maps, 2025-01-01 00:00:00
2026-05-15 11:24:51,991 - imap_l3_data_processor - INFO - Processing map u45-maps, 2025-01-01 00:00:00
2026-05-15 11:24:51,991 - imap_l3_data_processor - INFO - Processing map u45-maps, 2025-01-01 00:00:00
2026-05-15 11:24:51,991 - imap_l3_data_processor - INFO - Processing map u45-maps, 2025-01-01 00:00:00
2026-05-15 11:24:51,992 - imap_l3_data_processor - INFO - Processing map u45-maps, 2025-01-01 00:00:00
2026-05-15 11:24:51,992 - imap_l3_data_processor - INFO - Processing map u45-maps, 2025-01-01 00:00:00
2026-05-15 11:24:51,992 - imap_l3_data_processor - INFO - Processing map u45-maps, 2025-01-01 00:00:00
2026-05-15 11:24:51,992 - imap_l3_data_processor - INFO - Processing map u45-maps, 2025-01-01 00:00:00
2026-05-15 11:24:51,992 - imap_l3_data_processor - INFO - Processing map u45-maps, 2025-01-01 00:00:00
2026-05-15 11:24:51,992 - imap_l3_data_processor - INFO - Processing map u45-maps, 2025-01-01 00:00:00
2026-05-15 11:24:51,993 - imap_l3_data_processor - INFO - Processing map u45-maps, 2025-01-01 00:00:00
2026-05-15 11:24:51,993 - imap_l3_data_processor - INFO - Processing map u45-maps, 2025-01-01 00:00:00
2026-05-15 11:24:51,993 - imap_l3_data_processor - INFO - Processing map u45-maps, 2025-01-01 00:00:00
2026-05-15 11:24:51,995 - imap_l3_data_processor - INFO - maps to produce ['u90-maps', 'u90-maps', 'u90-maps', 
'u90-maps', 'u90-maps', 'u90-maps', 'u90-maps', 'u90-maps', 'u90-maps', 'u90-maps', 'u90-maps', 'u90-maps', 
'u90-maps', 'u90-maps', 'u90-maps', 'u90-maps', 'u90-maps', 'u90-maps']
2026-05-15 11:24:51,995 - imap_l3_data_processor - INFO - Processing map u90-maps, 2025-01-01 00:00:00
2026-05-15 11:24:51,995 - imap_l3_data_processor - INFO - Processing map u90-maps, 2025-01-01 00:00:00
2026-05-15 11:24:51,996 - imap_l3_data_processor - INFO - Processing map u90-maps, 2025-01-01 00:00:00
2026-05-15 11:24:51,996 - imap_l3_data_processor - INFO - Processing map u90-maps, 2025-01-01 00:00:00
2026-05-15 11:24:51,996 - imap_l3_data_processor - INFO - Processing map u90-maps, 2025-01-01 00:00:00
2026-05-15 11:24:51,996 - imap_l3_data_processor - INFO - Processing map u90-maps, 2025-01-01 00:00:00
2026-05-15 11:24:51,996 - imap_l3_data_processor - INFO - Processing map u90-maps, 2025-01-01 00:00:00
2026-05-15 11:24:51,996 - imap_l3_data_processor - INFO - Processing map u90-maps, 2025-01-01 00:00:00
2026-05-15 11:24:51,996 - imap_l3_data_processor - INFO - Processing map u90-maps, 2025-01-01 00:00:00
2026-05-15 11:24:51,996 - imap_l3_data_processor - INFO - Processing map u90-maps, 2025-01-01 00:00:00
2026-05-15 11:24:51,996 - imap_l3_data_processor - INFO - Processing map u90-maps, 2025-01-01 00:00:00
2026-05-15 11:24:51,996 - imap_l3_data_processor - INFO - Processing map u90-maps, 2025-01-01 00:00:00
2026-05-15 11:24:51,997 - imap_l3_data_processor - INFO - Processing map u90-maps, 2025-01-01 00:00:00
2026-05-15 11:24:51,997 - imap_l3_data_processor - INFO - Processing map u90-maps, 2025-01-01 00:00:00
2026-05-15 11:24:51,997 - imap_l3_data_processor - INFO - Processing map u90-maps, 2025-01-01 00:00:00
2026-05-15 11:24:51,997 - imap_l3_data_processor - INFO - Processing map u90-maps, 2025-01-01 00:00:00
2026-05-15 11:24:51,997 - imap_l3_data_processor - INFO - Processing map u90-maps, 2025-01-01 00:00:00
2026-05-15 11:24:51,997 - imap_l3_data_processor - INFO - Processing map u90-maps, 2025-01-01 00:00:00
2026-05-15 11:24:51,999 - imap_l3_data_processor - INFO - maps to produce ['ulc-sp-maps', 'ulc-sp-maps', 
'ulc-sp-maps', 'ulc-sp-maps', 'ulc-sp-maps', 'ulc-sp-maps', 'ulc-sp-maps', 'ulc-sp-maps', 'ulc-sp-maps']
2026-05-15 11:24:51,999 - imap_l3_data_processor - INFO - Processing map ulc-sp-maps, 2025-01-01 00:00:00
2026-05-15 11:24:51,999 - imap_l3_data_processor - INFO - Processing map ulc-sp-maps, 2025-01-01 00:00:00
2026-05-15 11:24:51,999 - imap_l3_data_processor - INFO - Processing map ulc-sp-maps, 2025-01-01 00:00:00
2026-05-15 11:24:51,999 - imap_l3_data_processor - INFO - Processing map ulc-sp-maps, 2025-01-01 00:00:00
2026-05-15 11:24:51,999 - imap_l3_data_processor - INFO - Processing map ulc-sp-maps, 2025-01-01 00:00:00
2026-05-15 11:24:51,999 - imap_l3_data_processor - INFO - Processing map ulc-sp-maps, 2025-01-01 00:00:00
2026-05-15 11:24:51,999 - imap_l3_data_processor - INFO - Processing map ulc-sp-maps, 2025-01-01 00:00:00
2026-05-15 11:24:51,999 - imap_l3_data_processor - INFO - Processing map ulc-sp-maps, 2025-01-01 00:00:00
2026-05-15 11:24:51,999 - imap_l3_data_processor - INFO - Processing map ulc-sp-maps, 2025-01-01 00:00:00
2026-05-15 11:24:52,000 - imap_l3_data_processor - INFO - maps to produce ['ulc-nsp-maps', 'ulc-nsp-maps', 
'ulc-nsp-maps', 'ulc-nsp-maps', 'ulc-nsp-maps', 'ulc-nsp-maps', 'ulc-nsp-maps', 'ulc-nsp-maps', 'ulc-nsp-maps']
2026-05-15 11:24:52,001 - imap_l3_data_processor - INFO - Processing map ulc-nsp-maps, 2025-01-01 00:00:00
2026-05-15 11:24:52,001 - imap_l3_data_processor - INFO - Processing map ulc-nsp-maps, 2025-01-01 00:00:00
2026-05-15 11:24:52,002 - imap_l3_data_processor - INFO - Processing map ulc-nsp-maps, 2025-01-01 00:00:00
2026-05-15 11:24:52,002 - imap_l3_data_processor - INFO - Processing map ulc-nsp-maps, 2025-01-01 00:00:00
2026-05-15 11:24:52,002 - imap_l3_data_processor - INFO - Processing map ulc-nsp-maps, 2025-01-01 00:00:00
2026-05-15 11:24:52,002 - imap_l3_data_processor - INFO - Processing map ulc-nsp-maps, 2025-01-01 00:00:00
2026-05-15 11:24:52,002 - imap_l3_data_processor - INFO - Processing map ulc-nsp-maps, 2025-01-01 00:00:00
2026-05-15 11:24:52,002 - imap_l3_data_processor - INFO - Processing map ulc-nsp-maps, 2025-01-01 00:00:00
2026-05-15 11:24:52,002 - imap_l3_data_processor - INFO - Processing map ulc-nsp-maps, 2025-01-01 00:00:00
ok
test_throws_exception_for_codice_descriptor_not_matching_hi_or_lo (test_imap_l3_data_processor.TestImapL3DataProcessor.
test_throws_exception_for_codice_descriptor_not_matching_hi_or_lo) ... ok
test_throws_exception_for_unimplemented_instrument 
(test_imap_l3_data_processor.TestImapL3DataProcessor.test_throws_exception_for_unimplemented_instrument) ... ok
test_throws_exception_when_attempting_to_process_non_l3_data_levels (test_imap_l3_data_processor.TestImapL3DataProcesso
r.test_throws_exception_when_attempting_to_process_non_l3_data_levels) ... ok
test_upload_fails_tries_all_uploads_and_raises_exception 
(test_imap_l3_data_processor.TestImapL3DataProcessor.test_upload_fails_tries_all_uploads_and_raises_exception) ... ok
test_uploads_multiple_files (test_imap_l3_data_processor.TestImapL3DataProcessor.test_uploads_multiple_files) ... ok
test_uses_input_from_processing_input_collection 
(test_imap_l3_data_processor.TestImapL3DataProcessor.test_uses_input_from_processing_input_collection) ... ok
test_calculate_average_mag_data_handles_missing_mag_data 
(test_models.TestModels.test_calculate_average_mag_data_handles_missing_mag_data) ... ok
test_calculate_average_mag_data_with_extra_data_at_beginning_and_end 
(test_models.TestModels.test_calculate_average_mag_data_with_extra_data_at_beginning_and_end) ... ok
test_calculate_gyrophase (test_pitch_angles.TestPitchAngles.test_calculate_gyrophase) ... ok
test_calculate_gyrophase_fany_input_arrays 
(test_pitch_angles.TestPitchAngles.test_calculate_gyrophase_fany_input_arrays) ... ok
test_calculate_pitch_angle (test_pitch_angles.TestPitchAngles.test_calculate_pitch_angle) ... ok
test_calculate_pitch_angle_for_multiple_mag_vectors 
(test_pitch_angles.TestPitchAngles.test_calculate_pitch_angle_for_multiple_mag_vectors) ... ok
test_calculate_pitch_angle_for_multiple_vectors 
(test_pitch_angles.TestPitchAngles.test_calculate_pitch_angle_for_multiple_vectors) ... ok
test_calculate_unit_vector (test_pitch_angles.TestPitchAngles.test_calculate_unit_vector) ... ok
test_gyrophase_degenerate_dps_frame_y_axis_and_magnetic_field_returns_all_nans 
(test_pitch_angles.TestPitchAngles.test_gyrophase_degenerate_dps_frame_y_axis_and_magnetic_field_returns_all_nans) ... 
ok
test_gyrophase_degenerate_particle_and_magnetic_field_returns_zero 
(test_pitch_angles.TestPitchAngles.test_gyrophase_degenerate_particle_and_magnetic_field_returns_zero) ... ok
test_rebin_by_pitch_angle_and_gyrophase_includes_uncertainties 
(test_pitch_angles.TestPitchAngles.test_rebin_by_pitch_angle_and_gyrophase_includes_uncertainties) ... ok
test_rebin_by_pitch_angle_and_gyrophase_pa_product_only_correctly_weights_when_averaging (test_pitch_angles.TestPitchAn
gles.test_rebin_by_pitch_angle_and_gyrophase_pa_product_only_correctly_weights_when_averaging) ... ok
test_rebin_by_pitch_angle_and_gyrophase_pa_product_only_handles_nan_intensity 
(test_pitch_angles.TestPitchAngles.test_rebin_by_pitch_angle_and_gyrophase_pa_product_only_handles_nan_intensity) ... 
C:\Users\Harrison\Development\imap_L3_processing\.venv\Lib\site-packages\numpy\lib\_function_base_impl.py:2605: 
RuntimeWarning: invalid value encountered in <lambda> (vectorized)
  outputs = ufunc(*inputs)
ok
test_rebin_intensity_by_pitch_angle_and_gyrophase 
(test_pitch_angles.TestPitchAngles.test_rebin_intensity_by_pitch_angle_and_gyrophase) ... ok
test_rotate_from_imap_despun_to_hit_despun 
(test_pitch_angles.TestPitchAngles.test_rotate_from_imap_despun_to_hit_despun) ... ok
test_rotate_particle_vectors_from_hit_despun_to_imap_despun 
(test_pitch_angles.TestPitchAngles.test_rotate_particle_vectors_from_hit_despun_to_imap_despun) ... ok
test_get_parent_file_names (test_processor.TestProcessor.test_get_parent_file_names) ... ok
test_get_parent_files_takes_optional_parameter 
(test_processor.TestProcessor.test_get_parent_files_takes_optional_parameter) ... ok
test_combine_glows_l3e_with_l1c_pointing (test_utils.TestUtils.test_combine_glows_l3e_with_l1c_pointing) ... ok
test_download_dependency (test_utils.TestUtils.test_download_dependency) ... ok
test_download_dependency_throws_value_error_if_not_one_file_returned 
(test_utils.TestUtils.test_download_dependency_throws_value_error_if_not_one_file_returned) ... ok
test_download_dependency_with_repointing (test_utils.TestUtils.test_download_dependency_with_repointing) ... ok
test_download_dependency_with_repointing_throws_if_no_files_or_more_than_one_found 
(test_utils.TestUtils.test_download_dependency_with_repointing_throws_if_no_files_or_more_than_one_found) ... ok
test_download_external_dependency (test_utils.TestUtils.test_download_external_dependency) ... ok
test_download_external_dependency_error_case (test_utils.TestUtils.test_download_external_dependency_error_case) ... 
2026-05-15 11:24:52,035 - imap_l3_processing.utils - ERROR - Failed to download 
https://www.spaceweather.gc.ca/solar_flux_data/daily_flux_values/no_such_file.txt
Traceback (most recent call last):
  File "C:\Users\Harrison\Development\imap_L3_processing\imap_l3_processing\utils.py", line 207, in 
download_external_dependency
    response = requests.get(dependency_url)
               ^^^^^^^^^^^^^^^^^^^^^^^^^^^^
  File "C:\Users\Harrison\AppData\Local\Programs\Python\Python312\Lib\unittest\mock.py", line 1139, in __call__
    return self._mock_call(*args, **kwargs)
           ^^^^^^^^^^^^^^^^^^^^^^^^^^^^^^^^
  File "C:\Users\Harrison\AppData\Local\Programs\Python\Python312\Lib\unittest\mock.py", line 1143, in _mock_call
    return self._execute_mock_call(*args, **kwargs)
           ^^^^^^^^^^^^^^^^^^^^^^^^^^^^^^^^^^^^^^^^
  File "C:\Users\Harrison\AppData\Local\Programs\Python\Python312\Lib\unittest\mock.py", line 1198, in 
_execute_mock_call
    raise effect
requests.exceptions.RequestException
ok
test_format_time (test_utils.TestUtils.test_format_time) ... ok
test_furnish_local_spice (test_utils.TestUtils.test_furnish_local_spice) ... ok
test_furnish_spice_metakernel (test_utils.TestUtils.test_furnish_spice_metakernel) ... 2026-05-15 11:24:52,039 - 
imap_l3_processing.utils - INFO - Getting SPICE Metakernel from: https://imap-mission.com/metakernel, with params: 
{'spice_path': WindowsPath('C:/Users/Harrison/AppData/Local/Temp/tmply4qmwps/some_data_directory/imap/spice'), 
'file_types': ['leapseconds', 'imap_frames'], 'start_time': '315576000', 'end_time': '320673600'}
2026-05-15 11:24:52,041 - imap_l3_processing.utils - INFO - Metakernel API returned the following kernels: 
['naif0012.tls', 'imap_001.tf']
ok
test_get_dependency_paths_by_descriptor (test_utils.TestUtils.test_get_dependency_paths_by_descriptor) ... ok
test_get_spice_parent_file_names (test_utils.TestUtils.test_get_spice_parent_file_names) ... ok
test_read_cdf_parents (test_utils.TestUtils.test_read_cdf_parents) ... ok
test_read_l1d_mag_data (test_utils.TestUtils.test_read_l1d_mag_data) ... ok
test_save_data (test_utils.TestUtils.test_save_data) ... ok
test_save_data_adds_CR_if_present (test_utils.TestUtils.test_save_data_adds_CR_if_present) ... ok
test_save_data_adds_global_attrs_if_present (test_utils.TestUtils.test_save_data_adds_global_attrs_if_present) ... ok
test_save_data_adds_repointing_if_present (test_utils.TestUtils.test_save_data_adds_repointing_if_present) ... ok
test_save_data_custom_path (test_utils.TestUtils.test_save_data_custom_path) ... ok
test_save_data_does_not_add_parent_attribute_if_empty 
(test_utils.TestUtils.test_save_data_does_not_add_parent_attribute_if_empty) ... ok
test_save_data_procedurally_generates_all_map_global_metadata_if_absent 
(test_utils.TestUtils.test_save_data_procedurally_generates_all_map_global_metadata_if_absent) ... ok
test_save_data_procedurally_generates_map_global_metadata 
(test_utils.TestUtils.test_save_data_procedurally_generates_map_global_metadata) ... ok
test_save_throws_exception_if_given_cr_and_repointing 
(test_utils.TestUtils.test_save_throws_exception_if_given_cr_and_repointing) ... ok
test_glows_l3e_read_from_file (ultra.test_models.TestModels.test_glows_l3e_read_from_file) ... ok
test_ultra_l1c_read_from_file (ultra.test_models.TestModels.test_ultra_l1c_read_from_file) ... ok
test_ultra_l1c_read_from_file_handles_longitude_latitude_with_time_dimension 
(ultra.test_models.TestModels.test_ultra_l1c_read_from_file_handles_longitude_latitude_with_time_dimension) ... ok
test_get_maps_that_should_be_produced 
(ultra.test_ultra_combined_nsp_initializer.TestUltraCombinedNSPInitializer.test_get_maps_that_should_be_produced) ... 
ok
test_initializer_raises_when_given_invalid_map_descriptor (ultra.test_ultra_combined_nsp_initializer.TestUltraCombinedN
SPInitializer.test_initializer_raises_when_given_invalid_map_descriptor) ... ok
test_is_map_initializer 
(ultra.test_ultra_combined_nsp_initializer.TestUltraCombinedNSPInitializer.test_is_map_initializer) ... ok
test_fetch_dependencies_no_survival_corrected 
(ultra.test_ultra_l3_dependencies.TestUltraL3CombinedDependencies.test_fetch_dependencies_no_survival_corrected) ... ok
test_fetch_dependencies_with_glows_files 
(ultra.test_ultra_l3_dependencies.TestUltraL3CombinedDependencies.test_fetch_dependencies_with_glows_files) ... ok
test_fetch_dependencies_without_ancillary_file 
(ultra.test_ultra_l3_dependencies.TestUltraL3CombinedDependencies.test_fetch_dependencies_without_ancillary_file) ... 
ok
test_from_file_paths (ultra.test_ultra_l3_dependencies.TestUltraL3CombinedDependencies.test_from_file_paths) ... ok
test_fetch_dependencies (ultra.test_ultra_l3_dependencies.TestUltraL3Dependencies.test_fetch_dependencies) ... ok
test_fetch_dependencies_without_energy_ancillary_file 
(ultra.test_ultra_l3_dependencies.TestUltraL3Dependencies.test_fetch_dependencies_without_energy_ancillary_file) ... ok
test_from_file_paths (ultra.test_ultra_l3_dependencies.TestUltraL3Dependencies.test_from_file_paths) ... ok
test_raise_error_for_more_than_one_input_files_paths 
(ultra.test_ultra_l3_dependencies.TestUltraL3Dependencies.test_raise_error_for_more_than_one_input_files_paths) ... ok
test_spectral_index_fetch_dependencies 
(ultra.test_ultra_l3_dependencies.TestUltraL3Dependencies.test_spectral_index_fetch_dependencies) ... ok
test_spectral_index_fetch_dependencies_raises_exception_on_missing_ancillary_file (ultra.test_ultra_l3_dependencies.Tes
tUltraL3Dependencies.test_spectral_index_fetch_dependencies_raises_exception_on_missing_ancillary_file) ... ok
test_spectral_index_fetch_dependencies_raises_exception_on_missing_map (ultra.test_ultra_l3_dependencies.TestUltraL3Dep
endencies.test_spectral_index_fetch_dependencies_raises_exception_on_missing_map) ... ok
test_spectral_index_fetch_dependencies_raises_exception_on_multiple_maps (ultra.test_ultra_l3_dependencies.TestUltraL3D
ependencies.test_spectral_index_fetch_dependencies_raises_exception_on_multiple_maps) ... ok
test_spectral_index_from_file_paths 
(ultra.test_ultra_l3_dependencies.TestUltraL3Dependencies.test_spectral_index_from_file_paths) ... ok
test_spectral_index_get_fit_energy_ranges 
(ultra.test_ultra_l3_dependencies.TestUltraL3Dependencies.test_spectral_index_get_fit_energy_ranges) ... ok
test_ultra_survival_probability_combines_fine_energy_bins (ultra.test_ultra_l3_survival_probabillity.TestUltraSurvivalP
robability.test_ultra_survival_probability_combines_fine_energy_bins) ... 2026-05-15 11:24:53,453 - 
imap_processing.ultra.l2.ultra_l2 - INFO - Binning pset fine energy bins into coarser bins with edges: [0 4 8]
2026-05-15 11:24:53,472 - imap_processing.ena_maps.ena_maps - INFO - No counts_pixel_index found in the dataset. 
Skipping counts downsampling.
ok
test_ultra_survival_probability_handles_different_resolutions (ultra.test_ultra_l3_survival_probabillity.TestUltraSurvi
valProbability.test_ultra_survival_probability_handles_different_resolutions) ... 2026-05-15 11:24:53,486 - 
imap_processing.ultra.l2.ultra_l2 - INFO - Binning pset fine energy bins into coarser bins with edges: [0, 1]
2026-05-15 11:24:53,506 - imap_processing.ena_maps.ena_maps - INFO - No counts_pixel_index found in the dataset. 
Skipping counts downsampling.
ok
test_ultra_survival_probability_interpolates_over_energy (ultra.test_ultra_l3_survival_probabillity.TestUltraSurvivalPr
obability.test_ultra_survival_probability_interpolates_over_energy) ... 2026-05-15 11:24:53,530 - 
imap_processing.ultra.l2.ultra_l2 - INFO - Binning pset fine energy bins into coarser bins with edges: [0, 1, 2]
2026-05-15 11:24:53,560 - imap_processing.ena_maps.ena_maps - INFO - No counts_pixel_index found in the dataset. 
Skipping counts downsampling.
ok
test_ultra_survival_probability_is_multiplied_by_exposure (ultra.test_ultra_l3_survival_probabillity.TestUltraSurvivalP
robability.test_ultra_survival_probability_is_multiplied_by_exposure) ... 2026-05-15 11:24:53,573 - 
imap_processing.ultra.l2.ultra_l2 - INFO - Binning pset fine energy bins into coarser bins with edges: [0, 1]
2026-05-15 11:24:53,602 - imap_processing.ena_maps.ena_maps - INFO - No counts_pixel_index found in the dataset. 
Skipping counts downsampling.
ok
test_ultra_survival_probability_pset_calls_super (ultra.test_ultra_l3_survival_probabillity.TestUltraSurvivalProbabilit
y.test_ultra_survival_probability_pset_calls_super) ... 2026-05-15 11:24:53,616 - imap_processing.ultra.l2.ultra_l2 - 
INFO - Binning pset fine energy bins into coarser bins with edges: [0, 1]
2026-05-15 11:24:53,643 - imap_processing.ena_maps.ena_maps - INFO - No counts_pixel_index found in the dataset. 
Skipping counts downsampling.
ok
test_ultra_survival_probability_rotates_to_glows_frame (ultra.test_ultra_l3_survival_probabillity.TestUltraSurvivalProb
ability.test_ultra_survival_probability_rotates_to_glows_frame) ... 2026-05-15 11:24:53,670 - 
imap_processing.ultra.l2.ultra_l2 - INFO - Binning pset fine energy bins into coarser bins with edges: [0, 1, 2]
2026-05-15 11:24:53,701 - imap_processing.ena_maps.ena_maps - INFO - No counts_pixel_index found in the dataset. 
Skipping counts downsampling.
ok
test_ultra_survival_probability_uses_default_when_glows_is_none (ultra.test_ultra_l3_survival_probabillity.TestUltraSur
vivalProbability.test_ultra_survival_probability_uses_default_when_glows_is_none) ... 2026-05-15 11:24:53,716 - 
imap_processing.ultra.l2.ultra_l2 - INFO - Binning pset fine energy bins into coarser bins with edges: [0 1]
2026-05-15 11:24:53,746 - imap_processing.ena_maps.ena_maps - INFO - No counts_pixel_index found in the dataset. 
Skipping counts downsampling.
ok
test_ultra_survival_probability_skymap 
(ultra.test_ultra_l3_survival_probabillity.TestUltraSurvivalProbabilitySkyMap.test_ultra_survival_probability_skymap) 
... 2026-05-15 11:24:53,854 - imap_processing.ultra.l2.ultra_l2 - INFO - Binning pset fine energy bins into coarser 
bins with edges: [0, 1]
2026-05-15 11:24:53,884 - imap_processing.ena_maps.ena_maps - INFO - No counts_pixel_index found in the dataset. 
Skipping counts downsampling.
2026-05-15 11:24:53,901 - imap_processing.ultra.l2.ultra_l2 - INFO - Binning pset fine energy bins into coarser bins 
with edges: [0, 1]
2026-05-15 11:24:53,927 - imap_processing.ena_maps.ena_maps - INFO - No counts_pixel_index found in the dataset. 
Skipping counts downsampling.
ok
test_ultra_survival_probability_skymap_ignores_nan_survival_probabilities (ultra.test_ultra_l3_survival_probabillity.Te
stUltraSurvivalProbabilitySkyMap.test_ultra_survival_probability_skymap_ignores_nan_survival_probabilities) ... 
2026-05-15 11:24:54,001 - imap_processing.ultra.l2.ultra_l2 - INFO - Binning pset fine energy bins into coarser bins 
with edges: [0, 1]
2026-05-15 11:24:54,031 - imap_processing.ena_maps.ena_maps - INFO - No counts_pixel_index found in the dataset. 
Skipping counts downsampling.
2026-05-15 11:24:54,052 - imap_processing.ultra.l2.ultra_l2 - INFO - Binning pset fine energy bins into coarser bins 
with edges: [0, 1]
2026-05-15 11:24:54,081 - imap_processing.ena_maps.ena_maps - INFO - No counts_pixel_index found in the dataset. 
Skipping counts downsampling.
ok
test_fetch_dependencies 
(ultra.test_ultra_l3_to_rectangular_dependencies.TestUltraL3ToRectangularDependencies.test_fetch_dependencies) ... ok
test_defaults_to_ECLIPJ2000_spice_frame 
(ultra.test_ultra_processor.TestUltraProcessor.test_defaults_to_ECLIPJ2000_spice_frame) ... ok
test_process_combined_all_spacings (ultra.test_ultra_processor.TestUltraProcessor.test_process_combined_all_spacings) 
... ok
test_process_combined_survival_corrected_all_spacings 
(ultra.test_ultra_processor.TestUltraProcessor.test_process_combined_survival_corrected_all_spacings) ... ok
test_process_raises_exception_when_generating_a_healpix_map 
(ultra.test_ultra_processor.TestUltraProcessor.test_process_raises_exception_when_generating_a_healpix_map) ... ok
test_process_spectral_index_all_spacings 
(ultra.test_ultra_processor.TestUltraProcessor.test_process_spectral_index_all_spacings) ... ok
test_process_spectral_index_validating_output_values 
(ultra.test_ultra_processor.TestUltraProcessor.test_process_spectral_index_validating_output_values) ... ok
test_process_spectral_index_with_custom_energy_bin_range 
(ultra.test_ultra_processor.TestUltraProcessor.test_process_spectral_index_with_custom_energy_bin_range) ... ok
test_process_survival_probability_all_spacings 
(ultra.test_ultra_processor.TestUltraProcessor.test_process_survival_probability_all_spacings) ... ok
test_furnish_spice_dependencies 
(ultra.test_ultra_sp_initializer.TestUltraSPInitializer.test_furnish_spice_dependencies) ... ok
test_get_maps_that_should_be_produced 
(ultra.test_ultra_sp_initializer.TestUltraSPInitializer.test_get_maps_that_should_be_produced) ... ok
test_get_maps_that_should_be_produced_lists_cg_corrected_maps 
(ultra.test_ultra_sp_initializer.TestUltraSPInitializer.test_get_maps_that_should_be_produced_lists_cg_corrected_maps) 
... ok
test_get_maps_that_should_be_produced_lists_combined_maps 
(ultra.test_ultra_sp_initializer.TestUltraSPInitializer.test_get_maps_that_should_be_produced_lists_combined_maps) ... 
ok
test_is_map_initializer (ultra.test_ultra_sp_initializer.TestUltraSPInitializer.test_is_map_initializer) ... ok

----------------------------------------------------------------------
Ran 936 tests in 753.783s

OK (skipped=14)
 cps/R: 1.0    tdbckgrd idx: [0]   ...  done
C:\Users\Harrison\Development\imap_L3_processing\data\imap\glows\l3a\2025\12\imap_glows_l3a_hist_20251224-repoint00088_v001.cdf
ISTP Compliance:
 Check for imap_glows_l3a_hist_20251224-repoint00088_v001.cdf
Checking 1 file(s).
Checking imap_glows_l3a_hist_20251224-repoint00088_v001.cdf...0 0
CDF File Version: 3.9.2
File Last Leap Second: 2017-01-01
Majority: Column
 PASSED variable checks.
Global errors:
	Logical_file_id should be 'imap_glows_l3a_hist_00000000_v001'.  It is 'imap_glows_l3a_hist_20251224-repoint00088_v001'.

